#### OS COMP TEST GROUP START buildstorm ####
BUILDSTORM_DIAG_VERSION 2026-08-02.13
BUILDSTORM_BUILD_SEMANTICS original-image-cache-policy
BUILDSTORM_DIAG_KERNEL_VERSION 2026-08-02.12
rustc 1.98.0-nightly (57d06900f 2026-05-27)
cargo 1.98.0-nightly (fbb61be30 2026-05-26)
BUILDSTORM_TOOLCHAIN ok
BUILDSTORM_GLOBAL phase=minibuild event=sample_0 online_cpus=8 wall_s=0.05 capacity_s=0.40 user_s=0.04 kernel_s=0.11 idle_s=0.25 user_pct=9.12 kernel_pct=28.34 idle_pct=62.54 user_cpus=0.73 kernel_cpus=2.27 busy_cpus=3.00 overall_wall_s=3.98 overall_user_pct=7.52 overall_kernel_pct=18.14 overall_idle_pct=74.35 overall_busy_cpus=2.05 heap_cache_hits=216575 heap_cache_misses=3569 heap_global_allocs=75352 heap_global_deallocs=32784 heap_lock_acquisitions=40952 heap_lock_contended=41 heap_lock_wait_ns=3641760 heap_lock_max_wait_ns=319520 heap_contended_alloc=9 heap_contended_dealloc=15 heap_contended_refill=14 heap_contended_drain=3
    Creating binary (application) `minibuild` package
note: see more `Cargo.toml` keys and their definitions at https://doc.rust-lang.org/cargo/reference/manifest.html
   Compiling minibuild v0.1.0 (/tmp/minibuild)
    Finished `dev` profile [unoptimized + debuginfo] target(s) in 15.52s
BUILDSTORM_GLOBAL phase=minibuild event=final online_cpus=8 wall_s=18.56 capacity_s=148.44 user_s=15.17 kernel_s=26.36 idle_s=106.92 user_pct=10.22 kernel_pct=17.76 idle_pct=72.02 user_cpus=0.82 kernel_cpus=1.42 busy_cpus=2.24 overall_wall_s=22.48 overall_user_pct=9.74 overall_kernel_pct=17.80 overall_idle_pct=72.46 overall_busy_cpus=2.20 heap_cache_hits=830601 heap_cache_misses=11014 heap_global_allocs=199496 heap_global_deallocs=84111 heap_lock_acquisitions=61339 heap_lock_contended=480 heap_lock_wait_ns=228678640 heap_lock_max_wait_ns=4086800 heap_contended_alloc=55 heap_contended_dealloc=73 heap_contended_refill=34 heap_contended_drain=318
BUILDSTORM_MINIBUILD ok
----- pre-build tg-xtask -----
BUILDSTORM_GLOBAL phase=tg_xtask event=sample_0 online_cpus=8 wall_s=0.05 capacity_s=0.41 user_s=0.03 kernel_s=0.12 idle_s=0.25 user_pct=8.32 kernel_pct=29.76 idle_pct=61.92 user_cpus=0.67 kernel_cpus=2.38 busy_cpus=3.05 overall_wall_s=27.64 overall_user_pct=8.93 overall_kernel_pct=18.23 overall_idle_pct=72.84 overall_busy_cpus=2.17 heap_cache_hits=999528 heap_cache_misses=11106 heap_global_allocs=216445 heap_global_deallocs=102692 heap_lock_acquisitions=92578 heap_lock_contended=591 heap_lock_wait_ns=321831600 heap_lock_max_wait_ns=4086800 heap_contended_alloc=85 heap_contended_dealloc=127 heap_contended_refill=42 heap_contended_drain=337
BUILDSTORM_GLOBAL phase=tg_xtask event=sample_1 online_cpus=8 wall_s=30.18 capacity_s=241.48 user_s=18.89 kernel_s=42.36 idle_s=180.23 user_pct=7.82 kernel_pct=17.54 idle_pct=74.64 user_cpus=0.63 kernel_cpus=1.40 busy_cpus=2.03 overall_wall_s=57.77 overall_user_pct=8.35 overall_kernel_pct=17.86 overall_idle_pct=73.79 overall_busy_cpus=2.10 heap_cache_hits=2001058 heap_cache_misses=18954 heap_global_allocs=380192 heap_global_deallocs=153015 heap_lock_acquisitions=177543 heap_lock_contended=616 heap_lock_wait_ns=324220480 heap_lock_max_wait_ns=4086800 heap_contended_alloc=92 heap_contended_dealloc=135 heap_contended_refill=52 heap_contended_drain=337
    Finished `dev` profile [unoptimized + debuginfo] target(s) in 38.34s
BUILDSTORM_GLOBAL phase=tg_xtask event=final online_cpus=8 wall_s=39.23 capacity_s=313.88 user_s=23.40 kernel_s=56.20 idle_s=234.28 user_pct=7.45 kernel_pct=17.91 idle_pct=74.64 user_cpus=0.60 kernel_cpus=1.43 busy_cpus=2.03 overall_wall_s=66.82 overall_user_pct=8.06 overall_kernel_pct=18.03 overall_idle_pct=73.91 overall_busy_cpus=2.09 heap_cache_hits=2351985 heap_cache_misses=20853 heap_global_allocs=432561 heap_global_deallocs=179656 heap_lock_acquisitions=223704 heap_lock_contended=672 heap_lock_wait_ns=344738080 heap_lock_max_wait_ns=4086800 heap_contended_alloc=105 heap_contended_dealloc=162 heap_contended_refill=55 heap_contended_drain=350
----- build arceos-helloworld (timed, arch=riscv64) -----
BUILDSTORM_BEGIN mode=multi
BUILDSTORM_GLOBAL phase=arceos_build event=sample_0 online_cpus=8 wall_s=0.08 capacity_s=0.66 user_s=0.04 kernel_s=0.20 idle_s=0.42 user_pct=5.65 kernel_pct=30.42 idle_pct=63.93 user_cpus=0.45 kernel_cpus=2.43 busy_cpus=2.89 overall_wall_s=88.21 overall_user_pct=6.87 overall_kernel_pct=16.14 overall_idle_pct=76.99 overall_busy_cpus=1.84 heap_cache_hits=2609705 heap_cache_misses=20900 heap_global_allocs=433505 heap_global_deallocs=207192 heap_lock_acquisitions=225843 heap_lock_contended=774 heap_lock_wait_ns=513879040 heap_lock_max_wait_ns=14122320 heap_contended_alloc=129 heap_contended_dealloc=192 heap_contended_refill=60 heap_contended_drain=393
    Finished `dev` profile [unoptimized + debuginfo] target(s) in 26.61s
     Running `target/debug/tg-xtask arceos build -p arceos-helloworld --arch riscv64`
BUILDSTORM_GLOBAL phase=arceos_build event=sample_1 online_cpus=8 wall_s=30.35 capacity_s=242.79 user_s=18.97 kernel_s=42.89 idle_s=180.94 user_pct=7.81 kernel_pct=17.66 idle_pct=74.52 user_cpus=0.62 kernel_cpus=1.41 busy_cpus=2.04 overall_wall_s=118.48 overall_user_pct=7.11 overall_kernel_pct=16.52 overall_idle_pct=76.37 overall_busy_cpus=1.89 heap_cache_hits=3435290 heap_cache_misses=22997 heap_global_allocs=511044 heap_global_deallocs=267531 heap_lock_acquisitions=316937 heap_lock_contended=830 heap_lock_wait_ns=741670160 heap_lock_max_wait_ns=14122320 heap_contended_alloc=148 heap_contended_dealloc=207 heap_contended_refill=71 heap_contended_drain=404
[2026-08-06T03:45:58Z INFO  axbuild::context] Workspace root: /work/tgoskits
Using build config: /work/tgoskits/tmp/axbuild/config/arceos-helloworld/build-riscv64gc-unknown-none-elf.toml
[2026-08-06T03:46:03Z INFO  axbuild::build::config_file] Found build config at /work/tgoskits/tmp/axbuild/config/arceos-helloworld/build-riscv64gc-unknown-none-elf.toml
Using build config: /work/tgoskits/tmp/axbuild/config/arceos-helloworld/build-riscv64gc-unknown-none-elf.toml
[2026-08-06T03:46:07Z INFO  axbuild::build::config_file] Found build config at /work/tgoskits/tmp/axbuild/config/arceos-helloworld/build-riscv64gc-unknown-none-elf.toml
[axbuild] cargo build package=arceos-helloworld target=scripts/targets/std/pie/riscv64gc-unknown-linux-musl.json config=/work/tgoskits/tmp/axbuild/config/arceos-helloworld/build-riscv64gc-unknown-none-elf.toml ...
sh -c /work/tgoskits/tmp/axbuild/std/prebuild/prebuild-riscv64gc-unknown-linux-musl-5d5e8c438d29430d.sh
BUILDSTORM_GLOBAL phase=arceos_build event=sample_2 online_cpus=8 wall_s=60.69 capacity_s=485.50 user_s=39.04 kernel_s=84.75 idle_s=361.71 user_pct=8.04 kernel_pct=17.46 idle_pct=74.50 user_cpus=0.64 kernel_cpus=1.40 busy_cpus=2.04 overall_wall_s=148.82 overall_user_pct=7.35 overall_kernel_pct=16.67 overall_idle_pct=75.98 overall_busy_cpus=1.92 heap_cache_hits=4405747 heap_cache_misses=26756 heap_global_allocs=577991 heap_global_deallocs=330231 heap_lock_acquisitions=337323 heap_lock_contended=1172 heap_lock_wait_ns=1321798480 heap_lock_max_wait_ns=32494560 heap_contended_alloc=227 heap_contended_dealloc=303 heap_contended_refill=164 heap_contended_drain=478
AR_riscv64gc_unknown_linux_musl=riscv64-linux-musl-ar
AX_LOG=warn
AX_TARGET=riscv64gc-unknown-none-elf
CARGO_UNSTABLE_JSON_TARGET_SPEC=true
CC_riscv64gc_unknown_linux_musl=riscv64-linux-musl-cc
CFLAGS_riscv64gc_unknown_linux_musl=-march=rv64gc -mabi=lp64d -mcmodel=medany -fno-stack-protector
CXXFLAGS_riscv64gc_unknown_linux_musl=-march=rv64gc -mabi=lp64d -mcmodel=medany -fno-stack-protector
SMP=1
cargo build --config /work/tgoskits/tmp/axbuild/std/config-riscv64gc-unknown-linux-musl-dynamic.toml -p arceos-helloworld --target scripts/targets/std/pie/riscv64gc-unknown-linux-musl.json -Z unstable-options --target-dir /work/tgoskits/target --features arceos,ax-std/irq,ax-std/paging,ax-std/smp,ax-std/std-compat -Z json-target-spec --release --message-format json-render-diagnostics
   Compiling compiler_builtins v0.1.160 (/root/.rustup/toolchains/nightly-2026-05-28-riscv64gc-unknown-linux-gnu/lib/rustlib/src/rust/library/compiler-builtins/compiler-builtins)
   Compiling core v0.0.0 (/root/.rustup/toolchains/nightly-2026-05-28-riscv64gc-unknown-linux-gnu/lib/rustlib/src/rust/library/core)
   Compiling libc v0.2.185
   Compiling std v0.0.0 (/root/.rustup/toolchains/nightly-2026-05-28-riscv64gc-unknown-linux-gnu/lib/rustlib/src/rust/library/std)
   Compiling thiserror v2.0.18
   Compiling heapless v0.9.3
   Compiling ax-errno v0.6.1 (/work/tgoskits/components/axerrno)
   Compiling ax-percpu v0.4.14 (/work/tgoskits/components/percpu/percpu)
   Compiling num-traits v0.2.19
   Compiling libc v0.2.186
   Compiling radium v0.7.0
   Compiling rust_decimal v1.42.1
   Compiling anyhow v1.0.103
   Compiling ax-alloc v0.8.12 (/work/tgoskits/os/arceos/modules/axalloc)
   Compiling someboot v0.3.5 (/work/tgoskits/platforms/someboot)
   Compiling somehal v0.8.0 (/work/tgoskits/platforms/somehal)
   Compiling ax-driver v0.12.0 (/work/tgoskits/drivers/ax-driver)
BUILDSTORM_GLOBAL phase=arceos_build event=sample_3 online_cpus=8 wall_s=90.81 capacity_s=726.52 user_s=60.87 kernel_s=144.04 idle_s=521.61 user_pct=8.38 kernel_pct=19.83 idle_pct=71.80 user_cpus=0.67 kernel_cpus=1.59 busy_cpus=2.26 overall_wall_s=178.95 overall_user_pct=7.64 overall_kernel_pct=18.01 overall_idle_pct=74.36 overall_busy_cpus=2.05 heap_cache_hits=5828016 heap_cache_misses=38363 heap_global_allocs=773040 heap_global_deallocs=443519 heap_lock_acquisitions=371880 heap_lock_contended=2519 heap_lock_wait_ns=1923220400 heap_lock_max_wait_ns=32494560 heap_contended_alloc=389 heap_contended_dealloc=446 heap_contended_refill=575 heap_contended_drain=1109
   Compiling axplat-dyn v0.7.12 (/work/tgoskits/platforms/axplat-dyn)
   Compiling ax-hal v0.5.28 (/work/tgoskits/os/arceos/modules/axhal)
   Compiling ax-task v0.6.4 (/work/tgoskits/os/arceos/modules/axtask)
   Compiling ax-runtime v0.10.4 (/work/tgoskits/os/arceos/modules/axruntime)
   Compiling scope-local v0.4.2 (/work/tgoskits/components/scope-local)
   Compiling ax-posix-api v0.5.29 (/work/tgoskits/os/arceos/api/arceos_posix_api)
BUILDSTORM_GLOBAL phase=arceos_build event=sample_4 online_cpus=8 wall_s=120.99 capacity_s=967.89 user_s=98.36 kernel_s=204.83 idle_s=664.70 user_pct=10.16 kernel_pct=21.16 idle_pct=68.68 user_cpus=0.81 kernel_cpus=1.69 busy_cpus=2.51 overall_wall_s=209.12 overall_user_pct=8.77 overall_kernel_pct=19.04 overall_idle_pct=72.18 overall_busy_cpus=2.23 heap_cache_hits=7117795 heap_cache_misses=51868 heap_global_allocs=995567 heap_global_deallocs=533841 heap_lock_acquisitions=403134 heap_lock_contended=4006 heap_lock_wait_ns=2513307520 heap_lock_max_wait_ns=32494560 heap_contended_alloc=712 heap_contended_dealloc=796 heap_contended_refill=1207 heap_contended_drain=1291
BUILDSTORM_GLOBAL phase=arceos_build event=sample_5 online_cpus=8 wall_s=151.08 capacity_s=1208.65 user_s=131.91 kernel_s=234.04 idle_s=842.69 user_pct=10.91 kernel_pct=19.36 idle_pct=69.72 user_cpus=0.87 kernel_cpus=1.55 busy_cpus=2.42 overall_wall_s=239.21 overall_user_pct=9.42 overall_kernel_pct=18.17 overall_idle_pct=72.40 overall_busy_cpus=2.21 heap_cache_hits=7612359 heap_cache_misses=55090 heap_global_allocs=1047278 heap_global_deallocs=556383 heap_lock_acquisitions=408072 heap_lock_contended=4184 heap_lock_wait_ns=2589366000 heap_lock_max_wait_ns=32494560 heap_contended_alloc=731 heap_contended_dealloc=841 heap_contended_refill=1219 heap_contended_drain=1393
BUILDSTORM_GLOBAL phase=arceos_build event=sample_6 online_cpus=8 wall_s=181.18 capacity_s=1449.44 user_s=166.54 kernel_s=260.32 idle_s=1022.58 user_pct=11.49 kernel_pct=17.96 idle_pct=70.55 user_cpus=0.92 kernel_cpus=1.44 busy_cpus=2.36 overall_wall_s=269.31 overall_user_pct=9.98 overall_kernel_pct=17.36 overall_idle_pct=72.66 overall_busy_cpus=2.19 heap_cache_hits=8096258 heap_cache_misses=56935 heap_global_allocs=1076950 heap_global_deallocs=568200 heap_lock_acquisitions=410951 heap_lock_contended=4184 heap_lock_wait_ns=2589366000 heap_lock_max_wait_ns=32494560 heap_contended_alloc=731 heap_contended_dealloc=841 heap_contended_refill=1219 heap_contended_drain=1393
BUILDSTORM_GLOBAL phase=arceos_build event=sample_7 online_cpus=8 wall_s=211.27 capacity_s=1690.16 user_s=203.91 kernel_s=283.75 idle_s=1202.50 user_pct=12.06 kernel_pct=16.79 idle_pct=71.15 user_cpus=0.97 kernel_cpus=1.34 busy_cpus=2.31 overall_wall_s=299.40 overall_user_pct=10.54 overall_kernel_pct=16.59 overall_idle_pct=72.87 overall_busy_cpus=2.17 heap_cache_hits=8555299 heap_cache_misses=57544 heap_global_allocs=1086722 heap_global_deallocs=568724 heap_lock_acquisitions=411647 heap_lock_contended=4184 heap_lock_wait_ns=2589366000 heap_lock_max_wait_ns=32494560 heap_contended_alloc=731 heap_contended_dealloc=841 heap_contended_refill=1219 heap_contended_drain=1393
BUILDSTORM_GLOBAL phase=arceos_build event=sample_8 online_cpus=8 wall_s=241.37 capacity_s=1930.94 user_s=241.54 kernel_s=306.95 idle_s=1382.45 user_pct=12.51 kernel_pct=15.90 idle_pct=71.59 user_cpus=1.00 kernel_cpus=1.27 busy_cpus=2.27 overall_wall_s=329.50 overall_user_pct=11.00 overall_kernel_pct=15.96 overall_idle_pct=73.04 overall_busy_cpus=2.16 heap_cache_hits=9011792 heap_cache_misses=57972 heap_global_allocs=1093579 heap_global_deallocs=569117 heap_lock_acquisitions=412117 heap_lock_contended=4184 heap_lock_wait_ns=2589366000 heap_lock_max_wait_ns=32494560 heap_contended_alloc=731 heap_contended_dealloc=841 heap_contended_refill=1219 heap_contended_drain=1393
BUILDSTORM_GLOBAL phase=arceos_build event=sample_9 online_cpus=8 wall_s=271.46 capacity_s=2171.69 user_s=279.08 kernel_s=330.23 idle_s=1562.38 user_pct=12.85 kernel_pct=15.21 idle_pct=71.94 user_cpus=1.03 kernel_cpus=1.22 busy_cpus=2.24 overall_wall_s=359.59 overall_user_pct=11.39 overall_kernel_pct=15.43 overall_idle_pct=73.18 overall_busy_cpus=2.15 heap_cache_hits=9465110 heap_cache_misses=58423 heap_global_allocs=1100801 heap_global_deallocs=569507 heap_lock_acquisitions=412604 heap_lock_contended=4184 heap_lock_wait_ns=2589366000 heap_lock_max_wait_ns=32494560 heap_contended_alloc=731 heap_contended_dealloc=841 heap_contended_refill=1219 heap_contended_drain=1393
BUILDSTORM_GLOBAL phase=arceos_build event=sample_10 online_cpus=8 wall_s=301.55 capacity_s=2412.43 user_s=316.79 kernel_s=353.35 idle_s=1742.28 user_pct=13.13 kernel_pct=14.65 idle_pct=72.22 user_cpus=1.05 kernel_cpus=1.17 busy_cpus=2.22 overall_wall_s=389.68 overall_user_pct=11.72 overall_kernel_pct=14.98 overall_idle_pct=73.30 overall_busy_cpus=2.14 heap_cache_hits=9911434 heap_cache_misses=58827 heap_global_allocs=1107271 heap_global_deallocs=569897 heap_lock_acquisitions=413044 heap_lock_contended=4184 heap_lock_wait_ns=2589366000 heap_lock_max_wait_ns=32494560 heap_contended_alloc=731 heap_contended_dealloc=841 heap_contended_refill=1219 heap_contended_drain=1393
BUILDSTORM_GLOBAL phase=arceos_build event=sample_11 online_cpus=8 wall_s=331.65 capacity_s=2653.16 user_s=354.49 kernel_s=376.56 idle_s=1922.12 user_pct=13.36 kernel_pct=14.19 idle_pct=72.45 user_cpus=1.07 kernel_cpus=1.14 busy_cpus=2.20 overall_wall_s=419.78 overall_user_pct=12.00 overall_kernel_pct=14.60 overall_idle_pct=73.40 overall_busy_cpus=2.13 heap_cache_hits=10356090 heap_cache_misses=59126 heap_global_allocs=1112060 heap_global_deallocs=570270 heap_lock_acquisitions=413376 heap_lock_contended=4184 heap_lock_wait_ns=2589366000 heap_lock_max_wait_ns=32494560 heap_contended_alloc=731 heap_contended_dealloc=841 heap_contended_refill=1219 heap_contended_drain=1393
BUILDSTORM_GLOBAL phase=arceos_build event=sample_12 online_cpus=8 wall_s=361.74 capacity_s=2893.89 user_s=391.91 kernel_s=399.95 idle_s=2102.02 user_pct=13.54 kernel_pct=13.82 idle_pct=72.64 user_cpus=1.08 kernel_cpus=1.11 busy_cpus=2.19 overall_wall_s=449.87 overall_user_pct=12.24 overall_kernel_pct=14.27 overall_idle_pct=73.49 overall_busy_cpus=2.12 heap_cache_hits=10803816 heap_cache_misses=59593 heap_global_allocs=1119538 heap_global_deallocs=570612 heap_lock_acquisitions=413876 heap_lock_contended=4184 heap_lock_wait_ns=2589366000 heap_lock_max_wait_ns=32494560 heap_contended_alloc=731 heap_contended_dealloc=841 heap_contended_refill=1219 heap_contended_drain=1393
BUILDSTORM_GLOBAL phase=arceos_build event=sample_13 online_cpus=8 wall_s=391.83 capacity_s=3134.63 user_s=429.25 kernel_s=423.52 idle_s=2281.86 user_pct=13.69 kernel_pct=13.51 idle_pct=72.80 user_cpus=1.10 kernel_cpus=1.08 busy_cpus=2.18 overall_wall_s=479.96 overall_user_pct=12.44 overall_kernel_pct=13.99 overall_idle_pct=73.57 overall_busy_cpus=2.11 heap_cache_hits=11259117 heap_cache_misses=60097 heap_global_allocs=1127615 heap_global_deallocs=571025 heap_lock_acquisitions=414431 heap_lock_contended=4184 heap_lock_wait_ns=2589366000 heap_lock_max_wait_ns=32494560 heap_contended_alloc=731 heap_contended_dealloc=841 heap_contended_refill=1219 heap_contended_drain=1393
BUILDSTORM_GLOBAL phase=arceos_build event=sample_14 online_cpus=8 wall_s=421.92 capacity_s=3375.38 user_s=465.57 kernel_s=448.05 idle_s=2461.76 user_pct=13.79 kernel_pct=13.27 idle_pct=72.93 user_cpus=1.10 kernel_cpus=1.06 busy_cpus=2.17 overall_wall_s=510.05 overall_user_pct=12.60 overall_kernel_pct=13.77 overall_idle_pct=73.64 overall_busy_cpus=2.11 heap_cache_hits=11722709 heap_cache_misses=61273 heap_global_allocs=1146471 heap_global_deallocs=571447 heap_lock_acquisitions=415709 heap_lock_contended=4184 heap_lock_wait_ns=2589366000 heap_lock_max_wait_ns=32494560 heap_contended_alloc=731 heap_contended_dealloc=841 heap_contended_refill=1219 heap_contended_drain=1393
BUILDSTORM_GLOBAL phase=arceos_build event=sample_15 online_cpus=8 wall_s=452.02 capacity_s=3616.13 user_s=501.05 kernel_s=473.41 idle_s=2641.66 user_pct=13.86 kernel_pct=13.09 idle_pct=73.05 user_cpus=1.11 kernel_cpus=1.05 busy_cpus=2.16 overall_wall_s=540.15 overall_user_pct=12.72 overall_kernel_pct=13.59 overall_idle_pct=73.70 overall_busy_cpus=2.10 heap_cache_hits=12215366 heap_cache_misses=63353 heap_global_allocs=1179756 heap_global_deallocs=571836 heap_lock_acquisitions=417823 heap_lock_contended=4184 heap_lock_wait_ns=2589366000 heap_lock_max_wait_ns=32494560 heap_contended_alloc=731 heap_contended_dealloc=841 heap_contended_refill=1219 heap_contended_drain=1393
BUILDSTORM_GLOBAL phase=arceos_build event=sample_16 online_cpus=8 wall_s=482.12 capacity_s=3856.92 user_s=647.48 kernel_s=508.50 idle_s=2700.94 user_pct=16.79 kernel_pct=13.18 idle_pct=70.03 user_cpus=1.34 kernel_cpus=1.05 busy_cpus=2.40 overall_wall_s=570.25 overall_user_pct=15.25 overall_kernel_pct=13.64 overall_idle_pct=71.11 overall_busy_cpus=2.31 heap_cache_hits=12867626 heap_cache_misses=68703 heap_global_allocs=1266104 heap_global_deallocs=583834 heap_lock_acquisitions=425359 heap_lock_contended=4190 heap_lock_wait_ns=2589412720 heap_lock_max_wait_ns=32494560 heap_contended_alloc=731 heap_contended_dealloc=841 heap_contended_refill=1225 heap_contended_drain=1393
   Compiling rustc-std-workspace-core v1.99.0 (/root/.rustup/toolchains/nightly-2026-05-28-riscv64gc-unknown-linux-gnu/lib/rustlib/src/rust/library/rustc-std-workspace-core)
   Compiling alloc v0.0.0 (/root/.rustup/toolchains/nightly-2026-05-28-riscv64gc-unknown-linux-gnu/lib/rustlib/src/rust/library/alloc)
BUILDSTORM_GLOBAL phase=arceos_build event=sample_17 online_cpus=8 wall_s=512.83 capacity_s=4102.64 user_s=671.98 kernel_s=563.04 idle_s=2867.62 user_pct=16.38 kernel_pct=13.72 idle_pct=69.90 user_cpus=1.31 kernel_cpus=1.10 busy_cpus=2.41 overall_wall_s=600.96 overall_user_pct=14.98 overall_kernel_pct=14.08 overall_idle_pct=70.94 overall_busy_cpus=2.32 heap_cache_hits=13181773 heap_cache_misses=73364 heap_global_allocs=1341121 heap_global_deallocs=799378 heap_lock_acquisitions=444376 heap_lock_contended=5796 heap_lock_wait_ns=11656628080 heap_lock_max_wait_ns=75198720 heap_contended_alloc=821 heap_contended_dealloc=915 heap_contended_refill=1962 heap_contended_drain=2098
   Compiling rustc-demangle v0.1.27
   Compiling cfg-if v1.0.4
   Compiling panic_abort v0.0.0 (/root/.rustup/toolchains/nightly-2026-05-28-riscv64gc-unknown-linux-gnu/lib/rustlib/src/rust/library/panic_abort)
   Compiling rustc-literal-escaper v0.0.7
BUILDSTORM_GLOBAL phase=arceos_build event=sample_18 online_cpus=8 wall_s=543.75 capacity_s=4349.99 user_s=769.95 kernel_s=686.97 idle_s=2893.07 user_pct=17.70 kernel_pct=15.79 idle_pct=66.51 user_cpus=1.42 kernel_cpus=1.26 busy_cpus=2.68 overall_wall_s=631.88 overall_user_pct=16.19 overall_kernel_pct=15.84 overall_idle_pct=67.97 overall_busy_cpus=2.56 heap_cache_hits=13825589 heap_cache_misses=80281 heap_global_allocs=1453771 heap_global_deallocs=914163 heap_lock_acquisitions=462216 heap_lock_contended=13885 heap_lock_wait_ns=45515316480 heap_lock_max_wait_ns=116758960 heap_contended_alloc=1511 heap_contended_dealloc=1577 heap_contended_refill=5564 heap_contended_drain=5233
   Compiling unwind v0.0.0 (/root/.rustup/toolchains/nightly-2026-05-28-riscv64gc-unknown-linux-gnu/lib/rustlib/src/rust/library/unwind)
BUILDSTORM_GLOBAL phase=arceos_build event=sample_19 online_cpus=8 wall_s=574.31 capacity_s=4594.48 user_s=837.85 kernel_s=745.67 idle_s=3010.96 user_pct=18.24 kernel_pct=16.23 idle_pct=65.53 user_cpus=1.46 kernel_cpus=1.30 busy_cpus=2.76 overall_wall_s=662.44 overall_user_pct=16.72 overall_kernel_pct=16.22 overall_idle_pct=67.06 overall_busy_cpus=2.64 heap_cache_hits=14235549 heap_cache_misses=83142 heap_global_allocs=1500190 heap_global_deallocs=975751 heap_lock_acquisitions=470173 heap_lock_contended=15361 heap_lock_wait_ns=51501295040 heap_lock_max_wait_ns=116758960 heap_contended_alloc=1599 heap_contended_dealloc=1661 heap_contended_refill=6359 heap_contended_drain=5742
BUILDSTORM_GLOBAL phase=arceos_build event=sample_20 online_cpus=8 wall_s=604.68 capacity_s=4837.41 user_s=863.84 kernel_s=793.87 idle_s=3179.70 user_pct=17.86 kernel_pct=16.41 idle_pct=65.73 user_cpus=1.43 kernel_cpus=1.31 busy_cpus=2.74 overall_wall_s=692.81 overall_user_pct=16.46 overall_kernel_pct=16.38 overall_idle_pct=67.17 overall_busy_cpus=2.63 heap_cache_hits=14518489 heap_cache_misses=83845 heap_global_allocs=1511775 heap_global_deallocs=1004986 heap_lock_acquisitions=473357 heap_lock_contended=16794 heap_lock_wait_ns=63128548720 heap_lock_max_wait_ns=116758960 heap_contended_alloc=1718 heap_contended_dealloc=1811 heap_contended_refill=6644 heap_contended_drain=6621
   Compiling rustc-std-workspace-alloc v1.99.0 (/root/.rustup/toolchains/nightly-2026-05-28-riscv64gc-unknown-linux-gnu/lib/rustlib/src/rust/library/rustc-std-workspace-alloc)
   Compiling panic_unwind v0.0.0 (/root/.rustup/toolchains/nightly-2026-05-28-riscv64gc-unknown-linux-gnu/lib/rustlib/src/rust/library/panic_unwind)
BUILDSTORM_GLOBAL phase=arceos_build event=sample_21 online_cpus=8 wall_s=634.91 capacity_s=5079.25 user_s=900.28 kernel_s=819.89 idle_s=3359.08 user_pct=17.72 kernel_pct=16.14 idle_pct=66.13 user_cpus=1.42 kernel_cpus=1.29 busy_cpus=2.71 overall_wall_s=723.04 overall_user_pct=16.40 overall_kernel_pct=16.14 overall_idle_pct=67.46 overall_busy_cpus=2.60 heap_cache_hits=15000224 heap_cache_misses=85684 heap_global_allocs=1541403 heap_global_deallocs=1008851 heap_lock_acquisitions=475861 heap_lock_contended=17005 heap_lock_wait_ns=63732773360 heap_lock_max_wait_ns=116758960 heap_contended_alloc=1741 heap_contended_dealloc=1825 heap_contended_refill=6727 heap_contended_drain=6712
   Compiling hashbrown v0.17.1
   Compiling std_detect v0.1.5 (/root/.rustup/toolchains/nightly-2026-05-28-riscv64gc-unknown-linux-gnu/lib/rustlib/src/rust/library/std_detect)
BUILDSTORM_GLOBAL phase=arceos_build event=sample_22 online_cpus=8 wall_s=665.34 capacity_s=5322.73 user_s=955.99 kernel_s=894.36 idle_s=3472.39 user_pct=17.96 kernel_pct=16.80 idle_pct=65.24 user_cpus=1.44 kernel_cpus=1.34 busy_cpus=2.78 overall_wall_s=753.47 overall_user_pct=16.66 overall_kernel_pct=16.72 overall_idle_pct=66.61 overall_busy_cpus=2.67 heap_cache_hits=15485236 heap_cache_misses=90163 heap_global_allocs=1614108 heap_global_deallocs=1092945 heap_lock_acquisitions=487565 heap_lock_contended=18982 heap_lock_wait_ns=72786902080 heap_lock_max_wait_ns=116758960 heap_contended_alloc=1938 heap_contended_dealloc=2026 heap_contended_refill=7763 heap_contended_drain=7255
BUILDSTORM_GLOBAL phase=arceos_build event=sample_23 online_cpus=8 wall_s=696.18 capacity_s=5569.41 user_s=967.73 kernel_s=973.91 idle_s=3627.77 user_pct=17.38 kernel_pct=17.49 idle_pct=65.14 user_cpus=1.39 kernel_cpus=1.40 busy_cpus=2.79 overall_wall_s=784.31 overall_user_pct=16.20 overall_kernel_pct=17.33 overall_idle_pct=66.47 overall_busy_cpus=2.68 heap_cache_hits=15668628 heap_cache_misses=91187 heap_global_allocs=1631087 heap_global_deallocs=1130471 heap_lock_acquisitions=492089 heap_lock_contended=21228 heap_lock_wait_ns=106179910240 heap_lock_max_wait_ns=150052560 heap_contended_alloc=2141 heap_contended_dealloc=2231 heap_contended_refill=8094 heap_contended_drain=8762
BUILDSTORM_GLOBAL phase=arceos_build event=sample_24 online_cpus=8 wall_s=727.13 capacity_s=5817.07 user_s=992.93 kernel_s=1015.24 idle_s=3808.89 user_pct=17.07 kernel_pct=17.45 idle_pct=65.48 user_cpus=1.37 kernel_cpus=1.40 busy_cpus=2.76 overall_wall_s=815.26 overall_user_pct=15.97 overall_kernel_pct=17.31 overall_idle_pct=66.72 overall_busy_cpus=2.66 heap_cache_hits=16140775 heap_cache_misses=93487 heap_global_allocs=1668381 heap_global_deallocs=1152253 heap_lock_acquisitions=496700 heap_lock_contended=21893 heap_lock_wait_ns=110127323760 heap_lock_max_wait_ns=150052560 heap_contended_alloc=2259 heap_contended_dealloc=2345 heap_contended_refill=8477 heap_contended_drain=8812
BUILDSTORM_GLOBAL phase=arceos_build event=sample_25 online_cpus=8 wall_s=757.28 capacity_s=6058.23 user_s=1030.16 kernel_s=1039.41 idle_s=3988.66 user_pct=17.00 kernel_pct=17.16 idle_pct=65.84 user_cpus=1.36 kernel_cpus=1.37 busy_cpus=2.73 overall_wall_s=845.41 overall_user_pct=15.95 overall_kernel_pct=17.05 overall_idle_pct=67.00 overall_busy_cpus=2.64 heap_cache_hits=16595357 heap_cache_misses=94091 heap_global_allocs=1678143 heap_global_deallocs=1152830 heap_lock_acquisitions=497529 heap_lock_contended=21900 heap_lock_wait_ns=110178617280 heap_lock_max_wait_ns=150052560 heap_contended_alloc=2259 heap_contended_dealloc=2346 heap_contended_refill=8481 heap_contended_drain=8814
BUILDSTORM_GLOBAL phase=arceos_build event=sample_26 online_cpus=8 wall_s=787.42 capacity_s=6299.37 user_s=1066.93 kernel_s=1063.86 idle_s=4168.58 user_pct=16.94 kernel_pct=16.89 idle_pct=66.17 user_cpus=1.35 kernel_cpus=1.35 busy_cpus=2.71 overall_wall_s=875.55 overall_user_pct=15.92 overall_kernel_pct=16.81 overall_idle_pct=67.26 overall_busy_cpus=2.62 heap_cache_hits=17053731 heap_cache_misses=94984 heap_global_allocs=1692494 heap_global_deallocs=1153324 heap_lock_acquisitions=498574 heap_lock_contended=21909 heap_lock_wait_ns=110209885360 heap_lock_max_wait_ns=150052560 heap_contended_alloc=2259 heap_contended_dealloc=2346 heap_contended_refill=8488 heap_contended_drain=8816
BUILDSTORM_GLOBAL phase=arceos_build event=sample_27 online_cpus=8 wall_s=817.53 capacity_s=6540.23 user_s=1103.22 kernel_s=1088.58 idle_s=4348.43 user_pct=16.87 kernel_pct=16.64 idle_pct=66.49 user_cpus=1.35 kernel_cpus=1.33 busy_cpus=2.68 overall_wall_s=905.66 overall_user_pct=15.90 overall_kernel_pct=16.59 overall_idle_pct=67.51 overall_busy_cpus=2.60 heap_cache_hits=17519084 heap_cache_misses=96416 heap_global_allocs=1715493 heap_global_deallocs=1153840 heap_lock_acquisitions=500204 heap_lock_contended=21914 heap_lock_wait_ns=110214580640 heap_lock_max_wait_ns=150052560 heap_contended_alloc=2260 heap_contended_dealloc=2346 heap_contended_refill=8491 heap_contended_drain=8817
   Compiling proc_macro v0.0.0 (/root/.rustup/toolchains/nightly-2026-05-28-riscv64gc-unknown-linux-gnu/lib/rustlib/src/rust/library/proc_macro)
BUILDSTORM_GLOBAL phase=arceos_build event=sample_28 online_cpus=8 wall_s=847.65 capacity_s=6781.23 user_s=1286.30 kernel_s=1121.11 idle_s=4373.81 user_pct=18.97 kernel_pct=16.53 idle_pct=64.50 user_cpus=1.52 kernel_cpus=1.32 busy_cpus=2.84 overall_wall_s=935.78 overall_user_pct=17.83 overall_kernel_pct=16.49 overall_idle_pct=65.68 overall_busy_cpus=2.75 heap_cache_hits=18015474 heap_cache_misses=99690 heap_global_allocs=1768164 heap_global_deallocs=1165166 heap_lock_acquisitions=504741 heap_lock_contended=21941 heap_lock_wait_ns=110229270560 heap_lock_max_wait_ns=150052560 heap_contended_alloc=2260 heap_contended_dealloc=2348 heap_contended_refill=8515 heap_contended_drain=8818
   Compiling log v0.4.33
   Compiling bitflags v2.13.0
   Compiling byteorder v1.5.0
   Compiling as-any v0.3.2
   Compiling scopeguard v1.2.0
   Compiling rdif-def v0.3.0 (/work/tgoskits/drivers/interface/rdif-def)
   Compiling stable_deref_trait v1.2.1
   Compiling bit_field v0.10.3
BUILDSTORM_GLOBAL phase=arceos_build event=sample_29 online_cpus=8 wall_s=878.05 capacity_s=7024.39 user_s=1374.45 kernel_s=1250.35 idle_s=4399.59 user_pct=19.57 kernel_pct=17.80 idle_pct=62.63 user_cpus=1.57 kernel_cpus=1.42 busy_cpus=2.99 overall_wall_s=966.18 overall_user_pct=18.41 overall_kernel_pct=17.65 overall_idle_pct=63.94 overall_busy_cpus=2.88 heap_cache_hits=18801659 heap_cache_misses=107170 heap_global_allocs=1889802 heap_global_deallocs=1288885 heap_lock_acquisitions=523719 heap_lock_contended=27717 heap_lock_wait_ns=136872707440 heap_lock_max_wait_ns=150052560 heap_contended_alloc=2869 heap_contended_dealloc=2972 heap_contended_refill=10416 heap_contended_drain=11460
   Compiling rdif-base v0.8.3 (/work/tgoskits/drivers/interface/rdif-base)
BUILDSTORM_GLOBAL phase=arceos_build event=sample_30 online_cpus=8 wall_s=910.28 capacity_s=7282.25 user_s=1403.82 kernel_s=1433.68 idle_s=4444.76 user_pct=19.28 kernel_pct=19.69 idle_pct=61.04 user_cpus=1.54 kernel_cpus=1.57 busy_cpus=3.12 overall_wall_s=998.41 overall_user_pct=18.18 overall_kernel_pct=19.37 overall_idle_pct=62.44 overall_busy_cpus=3.00 heap_cache_hits=18991099 heap_cache_misses=108344 heap_global_allocs=1909569 heap_global_deallocs=1337831 heap_lock_acquisitions=529882 heap_lock_contended=32165 heap_lock_wait_ns=253725340400 heap_lock_max_wait_ns=354380160 heap_contended_alloc=3404 heap_contended_dealloc=3476 heap_contended_refill=11331 heap_contended_drain=13954
   Compiling hash32 v0.3.1
   Compiling lock_api v0.4.14
   Compiling ax-kernel-guard v0.3.11 (/work/tgoskits/components/kernel_guard)
   Compiling tock-registers v0.10.1
BUILDSTORM_GLOBAL phase=arceos_build event=sample_31 online_cpus=8 wall_s=970.46 capacity_s=7763.64 user_s=1412.26 kernel_s=1849.21 idle_s=4502.17 user_pct=18.19 kernel_pct=23.82 idle_pct=57.99 user_cpus=1.46 kernel_cpus=1.91 busy_cpus=3.36 overall_wall_s=1058.59 overall_user_pct=17.25 overall_kernel_pct=23.18 overall_idle_pct=59.57 overall_busy_cpus=3.23 heap_cache_hits=19152594 heap_cache_misses=110195 heap_global_allocs=1939899 heap_global_deallocs=1386899 heap_lock_acquisitions=536215 heap_lock_contended=37931 heap_lock_wait_ns=506918782480 heap_lock_max_wait_ns=555155200 heap_contended_alloc=4057 heap_contended_dealloc=4129 heap_contended_refill=12897 heap_contended_drain=16848
   Compiling pci_types v0.10.1
   Compiling derive_more v2.1.1
   Compiling ax-kspin v0.3.15 (/work/tgoskits/components/kspin)
   Compiling spin v0.12.0
   Compiling irq-framework v0.3.0 (/work/tgoskits/components/irq-framework)
   Compiling spinning_top v0.3.0
BUILDSTORM_GLOBAL phase=arceos_build event=sample_32 online_cpus=8 wall_s=1001.56 capacity_s=8012.50 user_s=1461.34 kernel_s=2037.33 idle_s=4513.82 user_pct=18.24 kernel_pct=25.43 idle_pct=56.33 user_cpus=1.46 kernel_cpus=2.03 busy_cpus=3.49 overall_wall_s=1089.69 overall_user_pct=17.32 overall_kernel_pct=24.67 overall_idle_pct=58.01 overall_busy_cpus=3.36 heap_cache_hits=19821680 heap_cache_misses=117377 heap_global_allocs=2057104 heap_global_deallocs=1471860 heap_lock_acquisitions=553071 heap_lock_contended=46388 heap_lock_wait_ns=586040657840 heap_lock_max_wait_ns=555155200 heap_contended_alloc=5165 heap_contended_dealloc=5260 heap_contended_refill=16531 heap_contended_drain=19432
   Compiling ax-memory-addr v0.6.9 (/work/tgoskits/memory/memory_addr)
   Compiling rdif-pcie v0.2.5 (/work/tgoskits/drivers/interface/rdif-pcie)
   Compiling mmio-api v0.2.2 (/work/tgoskits/memory/mmio-api)
   Compiling acpi v6.1.1
   Compiling futures-core v0.3.32
   Compiling rdif-msi v0.2.0 (/work/tgoskits/drivers/interface/rdif-msi)
   Compiling strum v0.27.2
   Compiling futures-sink v0.3.32
BUILDSTORM_GLOBAL phase=arceos_build event=sample_33 online_cpus=8 wall_s=1032.49 capacity_s=8259.89 user_s=1549.08 kernel_s=2189.35 idle_s=4521.46 user_pct=18.75 kernel_pct=26.51 idle_pct=54.74 user_cpus=1.50 kernel_cpus=2.12 busy_cpus=3.62 overall_wall_s=1120.62 overall_user_pct=17.82 overall_kernel_pct=25.69 overall_idle_pct=56.49 overall_busy_cpus=3.48 heap_cache_hits=20652854 heap_cache_misses=126321 heap_global_allocs=2203052 heap_global_deallocs=1593611 heap_lock_acquisitions=575115 heap_lock_contended=55752 heap_lock_wait_ns=622852509040 heap_lock_max_wait_ns=555155200 heap_contended_alloc=6125 heap_contended_dealloc=6228 heap_contended_refill=20326 heap_contended_drain=23073
   Compiling rdif-power v0.8.0 (/work/tgoskits/drivers/interface/rdif-power)
   Compiling pcie v0.6.7 (/work/tgoskits/drivers/pci/pcie)
   Compiling rdif-clk v0.5.4 (/work/tgoskits/drivers/interface/rdif-clk)
   Compiling rdif-reset v0.1.0 (/work/tgoskits/drivers/interface/rdif-reset)
   Compiling fdt-raw v0.3.0
   Compiling futures-task v0.3.32
   Compiling pin-project-lite v0.2.17
   Compiling slab v0.4.12
BUILDSTORM_GLOBAL phase=arceos_build event=sample_34 online_cpus=8 wall_s=1063.12 capacity_s=8504.94 user_s=1600.84 kernel_s=2372.86 idle_s=4531.24 user_pct=18.82 kernel_pct=27.90 idle_pct=53.28 user_cpus=1.51 kernel_cpus=2.23 busy_cpus=3.74 overall_wall_s=1151.25 overall_user_pct=17.91 overall_kernel_pct=27.00 overall_idle_pct=55.09 overall_busy_cpus=3.59 heap_cache_hits=21257661 heap_cache_misses=132685 heap_global_allocs=2307292 heap_global_deallocs=1723431 heap_lock_acquisitions=594285 heap_lock_contended=66260 heap_lock_wait_ns=701938276320 heap_lock_max_wait_ns=555155200 heap_contended_alloc=7068 heap_contended_dealloc=7123 heap_contended_refill=23553 heap_contended_drain=28516
   Compiling futures-channel v0.3.32
   Compiling rdif-intc v0.15.0 (/work/tgoskits/drivers/interface/rdif-intc)
   Compiling futures-util v0.3.32
   Compiling fdt-edit v0.2.3
   Compiling tap v1.0.1
   Compiling futures-io v0.3.32
   Compiling arrayvec v0.7.7
BUILDSTORM_GLOBAL phase=arceos_build event=sample_35 online_cpus=8 wall_s=1096.90 capacity_s=8775.21 user_s=1673.91 kernel_s=2554.57 idle_s=4546.73 user_pct=19.08 kernel_pct=29.11 idle_pct=51.81 user_cpus=1.53 kernel_cpus=2.33 busy_cpus=3.85 overall_wall_s=1185.03 overall_user_pct=18.17 overall_kernel_pct=28.15 overall_idle_pct=53.69 overall_busy_cpus=3.71 heap_cache_hits=22070832 heap_cache_misses=141184 heap_global_allocs=2446194 heap_global_deallocs=1849451 heap_lock_acquisitions=616282 heap_lock_contended=76540 heap_lock_wait_ns=773758358720 heap_lock_max_wait_ns=555155200 heap_contended_alloc=8315 heap_contended_dealloc=8415 heap_contended_refill=27959 heap_contended_drain=31851
   Compiling wyz v0.5.1
   Compiling funty v2.0.0
   Compiling const-default v1.0.0
   Compiling rdif-pinctrl v0.1.2 (/work/tgoskits/drivers/interface/rdif-pinctrl)
   Compiling num-align v0.1.0
   Compiling riscv-types v0.1.0
BUILDSTORM_GLOBAL phase=arceos_build event=sample_36 online_cpus=8 wall_s=1128.19 capacity_s=9025.50 user_s=1823.59 kernel_s=2653.18 idle_s=4548.73 user_pct=20.20 kernel_pct=29.40 idle_pct=50.40 user_cpus=1.62 kernel_cpus=2.35 busy_cpus=3.97 overall_wall_s=1216.32 overall_user_pct=19.24 overall_kernel_pct=28.44 overall_idle_pct=52.33 overall_busy_cpus=3.81 heap_cache_hits=22909402 heap_cache_misses=151559 heap_global_allocs=2614855 heap_global_deallocs=1952741 heap_lock_acquisitions=638228 heap_lock_contended=80554 heap_lock_wait_ns=786609673200 heap_lock_max_wait_ns=555155200 heap_contended_alloc=8628 heap_contended_dealloc=8748 heap_contended_refill=30325 heap_contended_drain=32853
   Compiling const-str v1.1.0
   Compiling rdrive v0.23.6 (/work/tgoskits/drivers/rdrive)
   Compiling embedded-hal v1.0.0
BUILDSTORM_GLOBAL phase=arceos_build event=sample_37 online_cpus=8 wall_s=1158.73 capacity_s=9269.82 user_s=1991.70 kernel_s=2728.00 idle_s=4550.12 user_pct=21.49 kernel_pct=29.43 idle_pct=49.09 user_cpus=1.72 kernel_cpus=2.35 busy_cpus=4.07 overall_wall_s=1246.86 overall_user_pct=20.45 overall_kernel_pct=28.49 overall_idle_pct=51.06 overall_busy_cpus=3.92 heap_cache_hits=23547508 heap_cache_misses=159009 heap_global_allocs=2735892 heap_global_deallocs=2040876 heap_lock_acquisitions=654694 heap_lock_contended=83744 heap_lock_wait_ns=796842561680 heap_lock_max_wait_ns=555155200 heap_contended_alloc=8866 heap_contended_dealloc=8969 heap_contended_refill=31754 heap_contended_drain=34155
   Compiling critical-section v1.2.0
   Compiling bytemuck v1.25.0
   Compiling riscv v0.16.1
   Compiling rgb v0.8.53
   Compiling bitvec v1.1.1
BUILDSTORM_GLOBAL phase=arceos_build event=sample_38 online_cpus=8 wall_s=1189.01 capacity_s=9512.10 user_s=2125.54 kernel_s=2835.19 idle_s=4551.37 user_pct=22.35 kernel_pct=29.81 idle_pct=47.85 user_cpus=1.79 kernel_cpus=2.38 busy_cpus=4.17 overall_wall_s=1277.14 overall_user_pct=21.28 overall_kernel_pct=28.86 overall_idle_pct=49.86 overall_busy_cpus=4.01 heap_cache_hits=24134099 heap_cache_misses=166057 heap_global_allocs=2850573 heap_global_deallocs=2148956 heap_lock_acquisitions=672181 heap_lock_contended=89740 heap_lock_wait_ns=831957400320 heap_lock_max_wait_ns=555155200 heap_contended_alloc=9321 heap_contended_dealloc=9447 heap_contended_refill=33792 heap_contended_drain=37180
   Compiling rlsf v0.2.2
   Compiling ranges-ext v0.6.4 (/work/tgoskits/memory/ranges-ext)
   Compiling futures v0.3.32
   Compiling ax-plat v0.12.0 (/work/tgoskits/platforms/ax-plat)
BUILDSTORM_GLOBAL phase=arceos_build event=sample_39 online_cpus=8 wall_s=1220.05 capacity_s=9760.41 user_s=2276.01 kernel_s=2931.41 idle_s=4552.99 user_pct=23.32 kernel_pct=30.03 idle_pct=46.65 user_cpus=1.87 kernel_cpus=2.40 busy_cpus=4.27 overall_wall_s=1308.18 overall_user_pct=22.21 overall_kernel_pct=29.10 overall_idle_pct=48.69 overall_busy_cpus=4.10 heap_cache_hits=24716815 heap_cache_misses=173663 heap_global_allocs=2973980 heap_global_deallocs=2250973 heap_lock_acquisitions=689465 heap_lock_contended=94576 heap_lock_wait_ns=859093163680 heap_lock_max_wait_ns=555155200 heap_contended_alloc=9731 heap_contended_dealloc=9839 heap_contended_refill=35996 heap_contended_drain=39010
   Compiling rdif-serial v0.9.0 (/work/tgoskits/drivers/interface/rdif-serial)
BUILDSTORM_GLOBAL phase=arceos_build event=sample_40 online_cpus=8 wall_s=1253.80 capacity_s=10030.43 user_s=2356.02 kernel_s=3115.00 idle_s=4559.41 user_pct=23.49 kernel_pct=31.06 idle_pct=45.46 user_cpus=1.88 kernel_cpus=2.48 busy_cpus=4.36 overall_wall_s=1341.93 overall_user_pct=22.40 overall_kernel_pct=30.08 overall_idle_pct=47.53 overall_busy_cpus=4.20 heap_cache_hits=24979791 heap_cache_misses=175375 heap_global_allocs=3002210 heap_global_deallocs=2300074 heap_lock_acquisitions=695831 heap_lock_contended=99657 heap_lock_wait_ns=977353094400 heap_lock_max_wait_ns=555155200 heap_contended_alloc=10287 heap_contended_dealloc=10388 heap_contended_refill=37442 heap_contended_drain=41540
   Compiling buddy-slab-allocator v0.4.6 (/work/tgoskits/memory/buddy-slab-allocator)
   Compiling spinning_top v0.2.5
   Compiling sbi-spec v0.0.9
BUILDSTORM_GLOBAL phase=arceos_build event=sample_41 online_cpus=8 wall_s=1297.24 capacity_s=10377.93 user_s=2455.45 kernel_s=3349.72 idle_s=4572.76 user_pct=23.66 kernel_pct=32.28 idle_pct=44.06 user_cpus=1.89 kernel_cpus=2.58 busy_cpus=4.48 overall_wall_s=1385.37 overall_user_pct=22.59 overall_kernel_pct=31.25 overall_idle_pct=46.16 overall_busy_cpus=4.31 heap_cache_hits=25356745 heap_cache_misses=178965 heap_global_allocs=3060644 heap_global_deallocs=2363818 heap_lock_acquisitions=705329 heap_lock_contended=106757 heap_lock_wait_ns=1122487276480 heap_lock_max_wait_ns=555155200 heap_contended_alloc=11007 heap_contended_dealloc=11149 heap_contended_refill=40398 heap_contended_drain=44203
   Compiling mbarrier v0.1.3
   Compiling utf8-width v0.1.8
   Compiling axpanic v0.1.1 (/work/tgoskits/components/axpanic)
BUILDSTORM_GLOBAL phase=arceos_build event=sample_42 online_cpus=8 wall_s=1328.09 capacity_s=10624.75 user_s=2587.01 kernel_s=3459.65 idle_s=4578.09 user_pct=24.35 kernel_pct=32.56 idle_pct=43.09 user_cpus=1.95 kernel_cpus=2.60 busy_cpus=4.55 overall_wall_s=1416.22 overall_user_pct=23.26 overall_kernel_pct=31.54 overall_idle_pct=45.20 overall_busy_cpus=4.38 heap_cache_hits=25867057 heap_cache_misses=183832 heap_global_allocs=3140242 heap_global_deallocs=2435202 heap_lock_acquisitions=717981 heap_lock_contended=111238 heap_lock_wait_ns=1168091985200 heap_lock_max_wait_ns=555155200 heap_contended_alloc=11408 heap_contended_dealloc=11615 heap_contended_refill=41913 heap_contended_drain=46302
   Compiling byte-unit v5.2.5
   Compiling sbi-rt v0.0.4
BUILDSTORM_GLOBAL phase=arceos_build event=sample_43 online_cpus=8 wall_s=1362.26 capacity_s=10898.10 user_s=2626.86 kernel_s=3650.39 idle_s=4620.85 user_pct=24.10 kernel_pct=33.50 idle_pct=42.40 user_cpus=1.93 kernel_cpus=2.68 busy_cpus=4.61 overall_wall_s=1450.39 overall_user_pct=23.06 overall_kernel_pct=32.44 overall_idle_pct=44.50 overall_busy_cpus=4.44 heap_cache_hits=26111661 heap_cache_misses=186055 heap_global_allocs=3176893 heap_global_deallocs=2486608 heap_lock_acquisitions=725548 heap_lock_contended=117162 heap_lock_wait_ns=1291076056240 heap_lock_max_wait_ns=555155200 heap_contended_alloc=12168 heap_contended_dealloc=12433 heap_contended_refill=43615 heap_contended_drain=48946
   Compiling dma-api v0.9.3 (/work/tgoskits/memory/dma-api)
BUILDSTORM_GLOBAL phase=arceos_build event=sample_44 online_cpus=8 wall_s=1401.94 capacity_s=11215.51 user_s=2643.56 kernel_s=3915.61 idle_s=4656.34 user_pct=23.57 kernel_pct=34.91 idle_pct=41.52 user_cpus=1.89 kernel_cpus=2.79 busy_cpus=4.68 overall_wall_s=1490.07 overall_user_pct=22.58 overall_kernel_pct=33.80 overall_idle_pct=43.62 overall_busy_cpus=4.51 heap_cache_hits=26383347 heap_cache_misses=187846 heap_global_allocs=3206315 heap_global_deallocs=2517944 heap_lock_acquisitions=730746 heap_lock_contended=121188 heap_lock_wait_ns=1441078007360 heap_lock_max_wait_ns=555155200 heap_contended_alloc=12715 heap_contended_dealloc=12983 heap_contended_refill=44920 heap_contended_drain=50570
   Compiling aml v0.16.4
   Compiling some-serial v0.7.0 (/work/tgoskits/drivers/serial/some-serial)
   Compiling kernutil v0.2.2 (/work/tgoskits/components/kernutil)
   Compiling ansi_rgb v0.2.0
BUILDSTORM_GLOBAL phase=arceos_build event=sample_45 online_cpus=8 wall_s=1433.42 capacity_s=11467.33 user_s=2714.02 kernel_s=4089.05 idle_s=4664.26 user_pct=23.67 kernel_pct=35.66 idle_pct=40.67 user_cpus=1.89 kernel_cpus=2.85 busy_cpus=4.75 overall_wall_s=1521.55 overall_user_pct=22.69 overall_kernel_pct=34.53 overall_idle_pct=42.78 overall_busy_cpus=4.58 heap_cache_hits=26866112 heap_cache_misses=192839 heap_global_allocs=3287545 heap_global_deallocs=2593796 heap_lock_acquisitions=743078 heap_lock_contended=130324 heap_lock_wait_ns=1537481685040 heap_lock_max_wait_ns=555155200 heap_contended_alloc=13526 heap_contended_dealloc=13856 heap_contended_refill=48951 heap_contended_drain=53991
   Compiling page-table-generic v0.7.4 (/work/tgoskits/memory/page-table-generic)
   Compiling ax-page-table-entry v0.8.10 (/work/tgoskits/memory/page_table_entry)
   Compiling uguid v2.2.1
   Compiling numeric-enum-macro v0.2.0
   Compiling axklib v0.7.5 (/work/tgoskits/components/axklib)
BUILDSTORM_GLOBAL phase=arceos_build event=sample_46 online_cpus=8 wall_s=1464.72 capacity_s=11717.74 user_s=2816.71 kernel_s=4229.12 idle_s=4671.92 user_pct=24.04 kernel_pct=36.09 idle_pct=39.87 user_cpus=1.92 kernel_cpus=2.89 busy_cpus=4.81 overall_wall_s=1552.85 overall_user_pct=23.06 overall_kernel_pct=34.96 overall_idle_pct=41.98 overall_busy_cpus=4.64 heap_cache_hits=27373693 heap_cache_misses=198268 heap_global_allocs=3376063 heap_global_deallocs=2679798 heap_lock_acquisitions=757082 heap_lock_contended=138434 heap_lock_wait_ns=1608241273760 heap_lock_max_wait_ns=555155200 heap_contended_alloc=14289 heap_contended_dealloc=14646 heap_contended_refill=52250 heap_contended_drain=57249
   Compiling axbacktrace v0.4.5 (/work/tgoskits/components/axbacktrace)
   Compiling ax-riscv-plic v0.4.9 (/work/tgoskits/drivers/intc/riscv_plic)
   Compiling riscv_goldfish v0.1.1
   Compiling ax-cpu v0.8.3 (/work/tgoskits/components/axcpu)
   Compiling ax-page-table-multiarch v0.8.13 (/work/tgoskits/memory/page_table_multiarch)
   Compiling fdt-parser v0.4.19
   Compiling ax-memory-set v0.6.12 (/work/tgoskits/memory/memory_set)
BUILDSTORM_GLOBAL phase=arceos_build event=sample_47 online_cpus=8 wall_s=1495.20 capacity_s=11961.59 user_s=2917.16 kernel_s=4359.75 idle_s=4684.67 user_pct=24.39 kernel_pct=36.45 idle_pct=39.16 user_cpus=1.95 kernel_cpus=2.92 busy_cpus=4.87 overall_wall_s=1583.33 overall_user_pct=23.41 overall_kernel_pct=35.32 overall_idle_pct=41.27 overall_busy_cpus=4.70 heap_cache_hits=28110824 heap_cache_misses=205976 heap_global_allocs=3502218 heap_global_deallocs=2791455 heap_lock_acquisitions=777229 heap_lock_contended=146270 heap_lock_wait_ns=1649650187440 heap_lock_max_wait_ns=555155200 heap_contended_alloc=15190 heap_contended_dealloc=15629 heap_contended_refill=55417 heap_contended_drain=60034
   Compiling ax-lazyinit v0.4.8 (/work/tgoskits/components/ax-lazyinit)
   Compiling ax-log v0.5.18 (/work/tgoskits/os/arceos/modules/axlog)
   Compiling chrono v0.4.45
   Compiling ax-ctor-bare v0.4.8 (/work/tgoskits/components/ctor_bare/ctor_bare)
   Compiling memchr v2.8.2
BUILDSTORM_GLOBAL phase=arceos_build event=sample_48 online_cpus=8 wall_s=1525.50 capacity_s=12203.98 user_s=3014.73 kernel_s=4489.95 idle_s=4699.31 user_pct=24.70 kernel_pct=36.79 idle_pct=38.51 user_cpus=1.98 kernel_cpus=2.94 busy_cpus=4.92 overall_wall_s=1613.63 overall_user_pct=23.73 overall_kernel_pct=35.66 overall_idle_pct=40.61 overall_busy_cpus=4.75 heap_cache_hits=28717171 heap_cache_misses=212292 heap_global_allocs=3605459 heap_global_deallocs=2882779 heap_lock_acquisitions=793475 heap_lock_contended=152352 heap_lock_wait_ns=1696789670400 heap_lock_max_wait_ns=555155200 heap_contended_alloc=15746 heap_contended_dealloc=16174 heap_contended_refill=57706 heap_contended_drain=62726
   Compiling linux-raw-sys v0.12.1
   Compiling bitmaps v3.2.1
warning: function `set_fdt_addr_phys_if_valid` is never used
  --> platforms/someboot/src/fdt/mod.rs:32:15
   |
32 | pub(crate) fn set_fdt_addr_phys_if_valid(fdt_addr: usize) -> bool {
   |               ^^^^^^^^^^^^^^^^^^^^^^^^^^
   |
   = note: `#[warn(dead_code)]` (part of `#[warn(unused)]`) on by default

BUILDSTORM_GLOBAL phase=arceos_build event=sample_49 online_cpus=8 wall_s=1555.75 capacity_s=12446.03 user_s=3174.36 kernel_s=4570.97 idle_s=4700.70 user_pct=25.51 kernel_pct=36.73 idle_pct=37.77 user_cpus=2.04 kernel_cpus=2.94 busy_cpus=4.98 overall_wall_s=1643.88 overall_user_pct=24.51 overall_kernel_pct=35.62 overall_idle_pct=39.87 overall_busy_cpus=4.81 heap_cache_hits=29355296 heap_cache_misses=219207 heap_global_allocs=3717949 heap_global_deallocs=2960720 heap_lock_acquisitions=808825 heap_lock_contended=156425 heap_lock_wait_ns=1714896375200 heap_lock_max_wait_ns=555155200 heap_contended_alloc=16143 heap_contended_dealloc=16601 heap_contended_refill=59429 heap_contended_drain=64252
   Compiling axpoll v0.5.1 (/work/tgoskits/components/axpoll)
   Compiling ax-io v0.6.1 (/work/tgoskits/components/axio)
   Compiling flatten_objects v0.2.4
BUILDSTORM_GLOBAL phase=arceos_build event=sample_50 online_cpus=8 wall_s=1586.72 capacity_s=12693.80 user_s=3309.36 kernel_s=4675.29 idle_s=4709.14 user_pct=26.07 kernel_pct=36.83 idle_pct=37.10 user_cpus=2.09 kernel_cpus=2.95 busy_cpus=5.03 overall_wall_s=1674.86 overall_user_pct=25.06 overall_kernel_pct=35.74 overall_idle_pct=39.20 overall_busy_cpus=4.86 heap_cache_hits=29903232 heap_cache_misses=224487 heap_global_allocs=3804236 heap_global_deallocs=3051354 heap_lock_acquisitions=823282 heap_lock_contended=160356 heap_lock_wait_ns=1750064500720 heap_lock_max_wait_ns=555155200 heap_contended_alloc=16535 heap_contended_dealloc=17033 heap_contended_refill=61086 heap_contended_drain=65702
BUILDSTORM_GLOBAL phase=arceos_build event=sample_51 online_cpus=8 wall_s=1629.45 capacity_s=13035.56 user_s=3384.15 kernel_s=4932.66 idle_s=4718.75 user_pct=25.96 kernel_pct=37.84 idle_pct=36.20 user_cpus=2.08 kernel_cpus=3.03 busy_cpus=5.10 overall_wall_s=1717.58 overall_user_pct=24.98 overall_kernel_pct=36.73 overall_idle_pct=38.29 overall_busy_cpus=4.94 heap_cache_hits=30061504 heap_cache_misses=225238 heap_global_allocs=3816625 heap_global_deallocs=3084818 heap_lock_acquisitions=826820 heap_lock_contended=163717 heap_lock_wait_ns=1908456634640 heap_lock_max_wait_ns=555155200 heap_contended_alloc=16875 heap_contended_dealloc=17381 heap_contended_refill=61704 heap_contended_drain=67757
BUILDSTORM_GLOBAL phase=arceos_build event=sample_52 online_cpus=8 wall_s=1673.65 capacity_s=13389.19 user_s=3464.52 kernel_s=5183.22 idle_s=4741.45 user_pct=25.88 kernel_pct=38.71 idle_pct=35.41 user_cpus=2.07 kernel_cpus=3.10 busy_cpus=5.17 overall_wall_s=1761.78 overall_user_pct=24.92 overall_kernel_pct=37.58 overall_idle_pct=37.49 overall_busy_cpus=5.00 heap_cache_hits=30375498 heap_cache_misses=226694 heap_global_allocs=3840909 heap_global_deallocs=3117087 heap_lock_acquisitions=832208 heap_lock_contended=167558 heap_lock_wait_ns=2055136740640 heap_lock_max_wait_ns=555155200 heap_contended_alloc=17397 heap_contended_dealloc=17932 heap_contended_refill=62788 heap_contended_drain=69441
BUILDSTORM_GLOBAL phase=arceos_build event=sample_53 online_cpus=8 wall_s=1745.93 capacity_s=13967.42 user_s=3488.77 kernel_s=5598.41 idle_s=4880.25 user_pct=24.98 kernel_pct=40.08 idle_pct=34.94 user_cpus=2.00 kernel_cpus=3.21 busy_cpus=5.20 overall_wall_s=1834.06 overall_user_pct=24.11 overall_kernel_pct=38.93 overall_idle_pct=36.96 overall_busy_cpus=5.04 heap_cache_hits=30480311 heap_cache_misses=226942 heap_global_allocs=3845164 heap_global_deallocs=3147353 heap_lock_acquisitions=834929 heap_lock_contended=170273 heap_lock_wait_ns=2313609660000 heap_lock_max_wait_ns=724624720 heap_contended_alloc=17700 heap_contended_dealloc=18229 heap_contended_refill=63035 heap_contended_drain=71309
BUILDSTORM_GLOBAL phase=arceos_build event=sample_54 online_cpus=8 wall_s=1780.90 capacity_s=14247.21 user_s=3492.17 kernel_s=5823.85 idle_s=4931.19 user_pct=24.51 kernel_pct=40.88 idle_pct=34.61 user_cpus=1.96 kernel_cpus=3.27 busy_cpus=5.23 overall_wall_s=1869.03 overall_user_pct=23.68 overall_kernel_pct=39.71 overall_idle_pct=36.61 overall_busy_cpus=5.07 heap_cache_hits=30514373 heap_cache_misses=227007 heap_global_allocs=3846412 heap_global_deallocs=3159514 heap_lock_acquisitions=836127 heap_lock_contended=171401 heap_lock_wait_ns=2416349266640 heap_lock_max_wait_ns=1063473040 heap_contended_alloc=17863 heap_contended_dealloc=18399 heap_contended_refill=63101 heap_contended_drain=72038
warning: `someboot` (lib) generated 1 warning
BUILDSTORM_GLOBAL phase=arceos_build event=sample_55 online_cpus=8 wall_s=1821.31 capacity_s=14570.51 user_s=3520.94 kernel_s=6054.28 idle_s=4995.29 user_pct=24.16 kernel_pct=41.55 idle_pct=34.28 user_cpus=1.93 kernel_cpus=3.32 busy_cpus=5.26 overall_wall_s=1909.44 overall_user_pct=23.37 overall_kernel_pct=40.38 overall_idle_pct=36.26 overall_busy_cpus=5.10 heap_cache_hits=30692606 heap_cache_misses=227847 heap_global_allocs=3860337 heap_global_deallocs=3174769 heap_lock_acquisitions=838893 heap_lock_contended=173090 heap_lock_wait_ns=2529488103280 heap_lock_max_wait_ns=1063473040 heap_contended_alloc=18117 heap_contended_dealloc=18779 heap_contended_refill=63726 heap_contended_drain=72468
BUILDSTORM_GLOBAL phase=arceos_build event=sample_56 online_cpus=8 wall_s=1910.79 capacity_s=15286.33 user_s=3537.63 kernel_s=6729.23 idle_s=5019.48 user_pct=23.14 kernel_pct=44.02 idle_pct=32.84 user_cpus=1.85 kernel_cpus=3.52 busy_cpus=5.37 overall_wall_s=1998.92 overall_user_pct=22.42 overall_kernel_pct=42.79 overall_idle_pct=34.78 overall_busy_cpus=5.22 heap_cache_hits=30746268 heap_cache_misses=228124 heap_global_allocs=3865121 heap_global_deallocs=3199326 heap_lock_acquisitions=841354 heap_lock_contended=175351 heap_lock_wait_ns=2853953487360 heap_lock_max_wait_ns=1355220240 heap_contended_alloc=18392 heap_contended_dealloc=19070 heap_contended_refill=63986 heap_contended_drain=73903
BUILDSTORM_GLOBAL phase=arceos_build event=sample_57 online_cpus=8 wall_s=1967.29 capacity_s=15738.33 user_s=3546.64 kernel_s=6974.77 idle_s=5216.92 user_pct=22.54 kernel_pct=44.32 idle_pct=33.15 user_cpus=1.80 kernel_cpus=3.55 busy_cpus=5.35 overall_wall_s=2055.42 overall_user_pct=21.86 overall_kernel_pct=43.11 overall_idle_pct=35.03 overall_busy_cpus=5.20 heap_cache_hits=30993376 heap_cache_misses=228698 heap_global_allocs=3874908 heap_global_deallocs=3216476 heap_lock_acquisitions=844171 heap_lock_contended=177200 heap_lock_wait_ns=2998100726000 heap_lock_max_wait_ns=1355220240 heap_contended_alloc=18699 heap_contended_dealloc=19428 heap_contended_refill=64373 heap_contended_drain=74700
BUILDSTORM_GLOBAL phase=arceos_build event=sample_58 online_cpus=8 wall_s=2002.59 capacity_s=16020.69 user_s=3547.69 kernel_s=7096.27 idle_s=5376.73 user_pct=22.14 kernel_pct=44.29 idle_pct=33.56 user_cpus=1.77 kernel_cpus=3.54 busy_cpus=5.32 overall_wall_s=2090.72 overall_user_pct=21.50 overall_kernel_pct=43.11 overall_idle_pct=35.39 overall_busy_cpus=5.17 heap_cache_hits=31029576 heap_cache_misses=228799 heap_global_allocs=3876688 heap_global_deallocs=3226782 heap_lock_acquisitions=845232 heap_lock_contended=178160 heap_lock_wait_ns=3077538727040 heap_lock_max_wait_ns=1355220240 heap_contended_alloc=18816 heap_contended_dealloc=19544 heap_contended_refill=64474 heap_contended_drain=75326
   Compiling ax-mm v0.5.28 (/work/tgoskits/os/arceos/modules/axmm)
BUILDSTORM_GLOBAL phase=arceos_build event=sample_59 online_cpus=8 wall_s=2042.11 capacity_s=16336.87 user_s=3552.31 kernel_s=7216.65 idle_s=5567.92 user_pct=21.74 kernel_pct=44.17 idle_pct=34.08 user_cpus=1.74 kernel_cpus=3.53 busy_cpus=5.27 overall_wall_s=2130.24 overall_user_pct=21.13 overall_kernel_pct=43.01 overall_idle_pct=35.86 overall_busy_cpus=5.13 heap_cache_hits=31117232 heap_cache_misses=229229 heap_global_allocs=3883820 heap_global_deallocs=3237624 heap_lock_acquisitions=846826 heap_lock_contended=179063 heap_lock_wait_ns=3145554527280 heap_lock_max_wait_ns=1355220240 heap_contended_alloc=18941 heap_contended_dealloc=19695 heap_contended_refill=64708 heap_contended_drain=75719
BUILDSTORM_GLOBAL phase=arceos_build event=sample_60 online_cpus=8 wall_s=2092.28 capacity_s=16738.25 user_s=3564.43 kernel_s=7557.75 idle_s=5616.07 user_pct=21.30 kernel_pct=45.15 idle_pct=33.55 user_cpus=1.70 kernel_cpus=3.61 busy_cpus=5.32 overall_wall_s=2180.41 overall_user_pct=20.71 overall_kernel_pct=43.98 overall_idle_pct=35.31 overall_busy_cpus=5.18 heap_cache_hits=31171813 heap_cache_misses=229590 heap_global_allocs=3889827 heap_global_deallocs=3248989 heap_lock_acquisitions=848343 heap_lock_contended=180429 heap_lock_wait_ns=3330564771280 heap_lock_max_wait_ns=1355220240 heap_contended_alloc=19115 heap_contended_dealloc=19862 heap_contended_refill=65056 heap_contended_drain=76396
BUILDSTORM_GLOBAL phase=arceos_build event=sample_61 online_cpus=8 wall_s=2161.19 capacity_s=17289.50 user_s=3570.34 kernel_s=7954.90 idle_s=5764.25 user_pct=20.65 kernel_pct=46.01 idle_pct=33.34 user_cpus=1.65 kernel_cpus=3.68 busy_cpus=5.33 overall_wall_s=2249.32 overall_user_pct=20.11 overall_kernel_pct=44.84 overall_idle_pct=35.05 overall_busy_cpus=5.20 heap_cache_hits=31285029 heap_cache_misses=230226 heap_global_allocs=3900469 heap_global_deallocs=3265036 heap_lock_acquisitions=850882 heap_lock_contended=182409 heap_lock_wait_ns=3558299497120 heap_lock_max_wait_ns=1355220240 heap_contended_alloc=19432 heap_contended_dealloc=20198 heap_contended_refill=65627 heap_contended_drain=77152
   Compiling ax-sync v0.5.28 (/work/tgoskits/os/arceos/modules/axsync)
BUILDSTORM_GLOBAL phase=arceos_build event=sample_62 online_cpus=8 wall_s=2210.23 capacity_s=17681.84 user_s=3577.73 kernel_s=8168.47 idle_s=5935.64 user_pct=20.23 kernel_pct=46.20 idle_pct=33.57 user_cpus=1.62 kernel_cpus=3.70 busy_cpus=5.31 overall_wall_s=2298.36 overall_user_pct=19.72 overall_kernel_pct=45.04 overall_idle_pct=35.23 overall_busy_cpus=5.18 heap_cache_hits=31512001 heap_cache_misses=231296 heap_global_allocs=3918143 heap_global_deallocs=3284721 heap_lock_acquisitions=854281 heap_lock_contended=184698 heap_lock_wait_ns=3672630523120 heap_lock_max_wait_ns=1355220240 heap_contended_alloc=19729 heap_contended_dealloc=20634 heap_contended_refill=66500 heap_contended_drain=77835
BUILDSTORM_GLOBAL phase=arceos_build event=sample_63 online_cpus=8 wall_s=2243.60 capacity_s=17948.76 user_s=3586.15 kernel_s=8328.12 idle_s=6034.49 user_pct=19.98 kernel_pct=46.40 idle_pct=33.62 user_cpus=1.60 kernel_cpus=3.71 busy_cpus=5.31 overall_wall_s=2331.73 overall_user_pct=19.48 overall_kernel_pct=45.26 overall_idle_pct=35.26 overall_busy_cpus=5.18 heap_cache_hits=31617758 heap_cache_misses=232080 heap_global_allocs=3931053 heap_global_deallocs=3298660 heap_lock_acquisitions=856620 heap_lock_contended=186355 heap_lock_wait_ns=3782194694960 heap_lock_max_wait_ns=1355220240 heap_contended_alloc=19933 heap_contended_dealloc=20866 heap_contended_refill=67062 heap_contended_drain=78494
BUILDSTORM_GLOBAL phase=arceos_build event=sample_64 online_cpus=8 wall_s=2276.63 capacity_s=18213.01 user_s=3613.20 kernel_s=8460.22 idle_s=6139.60 user_pct=19.84 kernel_pct=46.45 idle_pct=33.71 user_cpus=1.59 kernel_cpus=3.72 busy_cpus=5.30 overall_wall_s=2364.76 overall_user_pct=19.36 overall_kernel_pct=45.32 overall_idle_pct=35.32 overall_busy_cpus=5.17 heap_cache_hits=31867209 heap_cache_misses=232931 heap_global_allocs=3945422 heap_global_deallocs=3314838 heap_lock_acquisitions=859942 heap_lock_contended=187883 heap_lock_wait_ns=3851713732480 heap_lock_max_wait_ns=1355220240 heap_contended_alloc=20164 heap_contended_dealloc=21117 heap_contended_refill=67621 heap_contended_drain=78981
   Compiling ax-api v0.7.4 (/work/tgoskits/os/arceos/api/arceos_api)
BUILDSTORM_GLOBAL phase=arceos_build event=sample_65 online_cpus=8 wall_s=2315.82 capacity_s=18526.55 user_s=3624.85 kernel_s=8570.02 idle_s=6331.68 user_pct=19.57 kernel_pct=46.26 idle_pct=34.18 user_cpus=1.57 kernel_cpus=3.70 busy_cpus=5.27 overall_wall_s=2403.95 overall_user_pct=19.10 overall_kernel_pct=45.15 overall_idle_pct=35.75 overall_busy_cpus=5.14 heap_cache_hits=32122856 heap_cache_misses=233926 heap_global_allocs=3961714 heap_global_deallocs=3334887 heap_lock_acquisitions=862908 heap_lock_contended=189160 heap_lock_wait_ns=3896268526240 heap_lock_max_wait_ns=1355220240 heap_contended_alloc=20315 heap_contended_dealloc=21313 heap_contended_refill=68115 heap_contended_drain=79417
BUILDSTORM_GLOBAL phase=arceos_build event=sample_66 online_cpus=8 wall_s=2349.35 capacity_s=18794.79 user_s=3638.19 kernel_s=8684.48 idle_s=6472.12 user_pct=19.36 kernel_pct=46.21 idle_pct=34.44 user_cpus=1.55 kernel_cpus=3.70 busy_cpus=5.25 overall_wall_s=2437.48 overall_user_pct=18.91 overall_kernel_pct=45.12 overall_idle_pct=35.97 overall_busy_cpus=5.12 heap_cache_hits=32496527 heap_cache_misses=235418 heap_global_allocs=3986199 heap_global_deallocs=3351944 heap_lock_acquisitions=866680 heap_lock_contended=190907 heap_lock_wait_ns=3949577102560 heap_lock_max_wait_ns=1355220240 heap_contended_alloc=20505 heap_contended_dealloc=21544 heap_contended_refill=69178 heap_contended_drain=79680
   Compiling ax-std v0.5.28 (/work/tgoskits/os/arceos/ulib/axstd)
BUILDSTORM_GLOBAL phase=arceos_build event=sample_67 online_cpus=8 wall_s=2381.20 capacity_s=19049.61 user_s=3655.16 kernel_s=8752.19 idle_s=6642.26 user_pct=19.19 kernel_pct=45.94 idle_pct=34.87 user_cpus=1.54 kernel_cpus=3.68 busy_cpus=5.21 overall_wall_s=2469.33 overall_user_pct=18.75 overall_kernel_pct=44.88 overall_idle_pct=36.37 overall_busy_cpus=5.09 heap_cache_hits=32721534 heap_cache_misses=236197 heap_global_allocs=3999400 heap_global_deallocs=3371388 heap_lock_acquisitions=870075 heap_lock_contended=191740 heap_lock_wait_ns=3974002129200 heap_lock_max_wait_ns=1355220240 heap_contended_alloc=20621 heap_contended_dealloc=21736 heap_contended_refill=69520 heap_contended_drain=79863
BUILDSTORM_GLOBAL phase=arceos_build event=sample_68 online_cpus=8 wall_s=2416.96 capacity_s=19335.69 user_s=3656.42 kernel_s=8859.90 idle_s=6819.36 user_pct=18.91 kernel_pct=45.82 idle_pct=35.27 user_cpus=1.51 kernel_cpus=3.67 busy_cpus=5.18 overall_wall_s=2505.09 overall_user_pct=18.49 overall_kernel_pct=44.78 overall_idle_pct=36.74 overall_busy_cpus=5.06 heap_cache_hits=32797113 heap_cache_misses=236397 heap_global_allocs=4002852 heap_global_deallocs=3383507 heap_lock_acquisitions=871516 heap_lock_contended=192726 heap_lock_wait_ns=4034450295760 heap_lock_max_wait_ns=1355220240 heap_contended_alloc=20772 heap_contended_dealloc=21895 heap_contended_refill=69687 heap_contended_drain=80372
BUILDSTORM_GLOBAL phase=arceos_build event=sample_69 online_cpus=8 wall_s=2451.41 capacity_s=19611.31 user_s=3684.52 kernel_s=8924.06 idle_s=7002.73 user_pct=18.79 kernel_pct=45.50 idle_pct=35.71 user_cpus=1.50 kernel_cpus=3.64 busy_cpus=5.14 overall_wall_s=2539.54 overall_user_pct=18.37 overall_kernel_pct=44.49 overall_idle_pct=37.14 overall_busy_cpus=5.03 heap_cache_hits=33284753 heap_cache_misses=238016 heap_global_allocs=4029366 heap_global_deallocs=3396930 heap_lock_acquisitions=875153 heap_lock_contended=193143 heap_lock_wait_ns=4048538620960 heap_lock_max_wait_ns=1355220240 heap_contended_alloc=20839 heap_contended_dealloc=21963 heap_contended_refill=69911 heap_contended_drain=80430
   Compiling arceos-helloworld v0.1.0 (/work/tgoskits/apps/arceos/helloworld)
BUILDSTORM_GLOBAL phase=arceos_build event=sample_70 online_cpus=8 wall_s=2483.86 capacity_s=19870.88 user_s=3686.51 kernel_s=9001.71 idle_s=7182.65 user_pct=18.55 kernel_pct=45.30 idle_pct=36.15 user_cpus=1.48 kernel_cpus=3.62 busy_cpus=5.11 overall_wall_s=2571.99 overall_user_pct=18.15 overall_kernel_pct=44.30 overall_idle_pct=37.55 overall_busy_cpus=5.00 heap_cache_hits=33398995 heap_cache_misses=238492 heap_global_allocs=4037334 heap_global_deallocs=3414768 heap_lock_acquisitions=877423 heap_lock_contended=194317 heap_lock_wait_ns=4085732832800 heap_lock_max_wait_ns=1355220240 heap_contended_alloc=21007 heap_contended_dealloc=22137 heap_contended_refill=70125 heap_contended_drain=81048
    Finished `release` profile [optimized] target(s) in 40m 40s
Converting ELF to BIN format...
  elf: /work/tgoskits/target/riscv64gc-unknown-linux-musl/release/arceos-helloworld
  bin: /work/tgoskits/target/riscv64gc-unknown-linux-musl/release/arceos-helloworld.bin
BUILDSTORM_GLOBAL phase=arceos_build event=sample_71 online_cpus=8 wall_s=2517.08 capacity_s=20136.62 user_s=3695.10 kernel_s=9079.29 idle_s=7362.22 user_pct=18.35 kernel_pct=45.09 idle_pct=36.56 user_cpus=1.47 kernel_cpus=3.61 busy_cpus=5.08 overall_wall_s=2605.21 overall_user_pct=17.96 overall_kernel_pct=44.11 overall_idle_pct=37.93 overall_busy_cpus=4.97 heap_cache_hits=33762143 heap_cache_misses=240778 heap_global_allocs=4075099 heap_global_deallocs=3434111 heap_lock_acquisitions=883217 heap_lock_contended=195413 heap_lock_wait_ns=4117129546160 heap_lock_max_wait_ns=1355220240 heap_contended_alloc=21125 heap_contended_dealloc=22281 heap_contended_refill=70238 heap_contended_drain=81769
BUILDSTORM_GLOBAL phase=arceos_build event=sample_72 online_cpus=8 wall_s=2552.30 capacity_s=20418.37 user_s=3697.45 kernel_s=9169.28 idle_s=7551.65 user_pct=18.11 kernel_pct=44.91 idle_pct=36.98 user_cpus=1.45 kernel_cpus=3.59 busy_cpus=5.04 overall_wall_s=2640.43 overall_user_pct=17.73 overall_kernel_pct=43.95 overall_idle_pct=38.32 overall_busy_cpus=4.93 heap_cache_hits=33859700 heap_cache_misses=241038 heap_global_allocs=4079378 heap_global_deallocs=3455142 heap_lock_acquisitions=885022 heap_lock_contended=196769 heap_lock_wait_ns=4164022397920 heap_lock_max_wait_ns=1355220240 heap_contended_alloc=21206 heap_contended_dealloc=22360 heap_contended_refill=70491 heap_contended_drain=82712
/root/.rustup/toolchains/nightly-2026-05-28-riscv64gc-unknown-linux-gnu/lib/rustlib/riscv64gc-unknown-linux-gnu/bin/llvm-objcopy --strip-all -O binary /work/tgoskits/target/riscv64gc-unknown-linux-musl/release/arceos-helloworld /work/tgoskits/target/riscv64gc-unknown-linux-musl/release/arceos-helloworld.bin
[axbuild] cargo build package=arceos-helloworld target=scripts/targets/std/pie/riscv64gc-unknown-linux-musl.json config=/work/tgoskits/tmp/axbuild/config/arceos-helloworld/build-riscv64gc-unknown-none-elf.toml ... done (2524.83s)
[axbuild] cargo build elf=/work/tgoskits/target/riscv64gc-unknown-linux-musl/release/arceos-helloworld
[axbuild] cargo build artifact_dir=/work/tgoskits/target/riscv64gc-unknown-linux-musl/release
BUILDSTORM_GLOBAL phase=arceos_build event=final online_cpus=8 wall_s=2574.34 capacity_s=20594.68 user_s=3698.69 kernel_s=9226.54 idle_s=7669.45 user_pct=17.96 kernel_pct=44.80 idle_pct=37.24 user_cpus=1.44 kernel_cpus=3.58 busy_cpus=5.02 overall_wall_s=2662.47 overall_user_pct=17.59 overall_kernel_pct=43.85 overall_idle_pct=38.56 overall_busy_cpus=4.92 heap_cache_hits=33920215 heap_cache_misses=241375 heap_global_allocs=4084915 heap_global_deallocs=3465896 heap_lock_acquisitions=886313 heap_lock_contended=197521 heap_lock_wait_ns=4194268810400 heap_lock_max_wait_ns=1355220240 heap_contended_alloc=21270 heap_contended_dealloc=22417 heap_contended_refill=70689 heap_contended_drain=83145
BUILDSTORM_COMPILE mode=multi ok=true elapsed_s=2584.38 cores=8 bytes=1681000 arch=riscv64
BUILDSTORM_GLOBAL phase=overall event=final online_cpus=8 wall_s=2696.44 capacity_s=21571.51 user_s=3755.70 kernel_s=9401.66 idle_s=8414.15 user_pct=17.41 kernel_pct=43.58 idle_pct=39.01 user_cpus=1.39 kernel_cpus=3.49 busy_cpus=4.88 overall_wall_s=2696.44 overall_user_pct=17.41 overall_kernel_pct=43.58 overall_idle_pct=39.01 overall_busy_cpus=4.88 heap_cache_hits=34452583 heap_cache_misses=241836 heap_global_allocs=4097507 heap_global_deallocs=3479701 heap_lock_acquisitions=897109 heap_lock_contended=197721 heap_lock_wait_ns=4204795097760 heap_lock_max_wait_ns=1355220240 heap_contended_alloc=21309 heap_contended_dealloc=22461 heap_contended_refill=70700 heap_contended_drain=83251
#### OS COMP TEST GROUP END buildstorm ####
[initproc] reaped 3 zombie child(ren) while waiting for /glibc/buildstorm_testcode.sh
[initproc] cleaned /glibc/buildstorm_testcode.sh process_group=2 reaped=0 kill_ret=-3
[initproc] finished /glibc/buildstorm_testcode.sh exit_code=0
[initproc] all official test scripts finished, poweroff