#### OS COMP TEST GROUP START buildstorm ####
BUILDSTORM_DIAG_VERSION 2026-08-02.12
BUILDSTORM_BUILD_SEMANTICS original-image-cache-policy
BUILDSTORM_DIAG_KERNEL_VERSION 2026-08-02.11
rustc 1.98.0-nightly (57d06900f 2026-05-27)
cargo 1.98.0-nightly (fbb61be30 2026-05-26)
BUILDSTORM_TOOLCHAIN ok
BUILDSTORM_GLOBAL phase=minibuild event=sample_0 online_cpus=8 wall_s=0.08 capacity_s=0.64 user_s=0.05 kernel_s=0.20 idle_s=0.40 user_pct=7.32 kernel_pct=30.79 idle_pct=61.89 user_cpus=0.59 kernel_cpus=2.46 busy_cpus=3.05 overall_wall_s=4.97 overall_user_pct=6.91 overall_kernel_pct=18.94 overall_idle_pct=74.14 overall_busy_cpus=2.07
    Creating binary (application) `minibuild` package
note: see more `Cargo.toml` keys and their definitions at https://doc.rust-lang.org/cargo/reference/manifest.html
   Compiling minibuild v0.1.0 (/tmp/minibuild)
    Finished `dev` profile [unoptimized + debuginfo] target(s) in 17.74s
BUILDSTORM_GLOBAL phase=minibuild event=final online_cpus=8 wall_s=21.83 capacity_s=174.66 user_s=15.79 kernel_s=33.00 idle_s=125.87 user_pct=9.04 kernel_pct=18.90 idle_pct=72.06 user_cpus=0.72 kernel_cpus=1.51 busy_cpus=2.23 overall_wall_s=26.72 overall_user_pct=8.65 overall_kernel_pct=18.87 overall_idle_pct=72.48 overall_busy_cpus=2.20
BUILDSTORM_MINIBUILD ok
----- pre-build tg-xtask -----
BUILDSTORM_GLOBAL phase=tg_xtask event=sample_0 online_cpus=8 wall_s=0.19 capacity_s=1.55 user_s=0.05 kernel_s=0.53 idle_s=0.98 user_pct=3.23 kernel_pct=33.82 idle_pct=62.95 user_cpus=0.26 kernel_cpus=2.71 busy_cpus=2.96 overall_wall_s=49.46 overall_user_pct=6.64 overall_kernel_pct=19.92 overall_idle_pct=73.44 overall_busy_cpus=2.13
BUILDSTORM_GLOBAL phase=tg_xtask event=sample_1 online_cpus=8 wall_s=30.59 capacity_s=244.70 user_s=18.02 kernel_s=44.51 idle_s=182.17 user_pct=7.36 kernel_pct=18.19 idle_pct=74.45 user_cpus=0.59 kernel_cpus=1.46 busy_cpus=2.04 overall_wall_s=79.85 overall_user_pct=6.93 overall_kernel_pct=19.22 overall_idle_pct=73.85 overall_busy_cpus=2.09
    Finished `dev` profile [unoptimized + debuginfo] target(s) in 40.55s
BUILDSTORM_GLOBAL phase=tg_xtask event=final online_cpus=8 wall_s=42.12 capacity_s=336.99 user_s=24.20 kernel_s=61.77 idle_s=251.02 user_pct=7.18 kernel_pct=18.33 idle_pct=74.49 user_cpus=0.57 kernel_cpus=1.47 busy_cpus=2.04 overall_wall_s=91.39 overall_user_pct=6.90 overall_kernel_pct=19.16 overall_idle_pct=73.94 overall_busy_cpus=2.08
----- build arceos-helloworld (timed, arch=riscv64) -----
BUILDSTORM_BEGIN mode=multi
BUILDSTORM_GLOBAL phase=arceos_build event=sample_0 online_cpus=8 wall_s=0.49 capacity_s=3.89 user_s=0.06 kernel_s=1.42 idle_s=2.41 user_pct=1.46 kernel_pct=36.59 idle_pct=61.95 user_cpus=0.12 kernel_cpus=2.93 busy_cpus=3.04 overall_wall_s=111.59 overall_user_pct=6.18 overall_kernel_pct=17.84 overall_idle_pct=75.98 overall_busy_cpus=1.92
BUILDSTORM_GLOBAL phase=arceos_build event=sample_1 online_cpus=8 wall_s=31.28 capacity_s=250.27 user_s=16.61 kernel_s=48.36 idle_s=185.30 user_pct=6.64 kernel_pct=19.32 idle_pct=74.04 user_cpus=0.53 kernel_cpus=1.55 busy_cpus=2.08 overall_wall_s=142.38 overall_user_pct=6.29 overall_kernel_pct=18.10 overall_idle_pct=75.60 overall_busy_cpus=1.95
    Finished `dev` profile [unoptimized + debuginfo] target(s) in 33.99s
     Running `target/debug/tg-xtask arceos build -p arceos-helloworld --arch riscv64`
[2026-08-06T07:37:46Z INFO  axbuild::context] Workspace root: /work/tgoskits
Using build config: /work/tgoskits/tmp/axbuild/config/arceos-helloworld/build-riscv64gc-unknown-none-elf.toml
[2026-08-06T07:37:54Z INFO  axbuild::build::config_file] Found build config at /work/tgoskits/tmp/axbuild/config/arceos-helloworld/build-riscv64gc-unknown-none-elf.toml
BUILDSTORM_GLOBAL phase=arceos_build event=sample_2 online_cpus=8 wall_s=61.73 capacity_s=493.82 user_s=26.08 kernel_s=101.22 idle_s=366.52 user_pct=5.28 kernel_pct=20.50 idle_pct=74.22 user_cpus=0.42 kernel_cpus=1.64 busy_cpus=2.06 overall_wall_s=172.83 overall_user_pct=5.87 overall_kernel_pct=18.74 overall_idle_pct=75.39 overall_busy_cpus=1.97
Using build config: /work/tgoskits/tmp/axbuild/config/arceos-helloworld/build-riscv64gc-unknown-none-elf.toml
[2026-08-06T07:38:01Z INFO  axbuild::build::config_file] Found build config at /work/tgoskits/tmp/axbuild/config/arceos-helloworld/build-riscv64gc-unknown-none-elf.toml
[axbuild] cargo build package=arceos-helloworld target=scripts/targets/std/pie/riscv64gc-unknown-linux-musl.json config=/work/tgoskits/tmp/axbuild/config/arceos-helloworld/build-riscv64gc-unknown-none-elf.toml ...
sh -c /work/tgoskits/tmp/axbuild/std/prebuild/prebuild-riscv64gc-unknown-linux-musl-5d5e8c438d29430d.sh
BUILDSTORM_GLOBAL phase=arceos_build event=sample_3 online_cpus=8 wall_s=92.19 capacity_s=737.51 user_s=40.68 kernel_s=149.56 idle_s=547.28 user_pct=5.52 kernel_pct=20.28 idle_pct=74.21 user_cpus=0.44 kernel_cpus=1.62 busy_cpus=2.06 overall_wall_s=203.29 overall_user_pct=5.89 overall_kernel_pct=18.90 overall_idle_pct=75.21 overall_busy_cpus=1.98
AR_riscv64gc_unknown_linux_musl=riscv64-linux-musl-ar
AX_LOG=warn
AX_TARGET=riscv64gc-unknown-none-elf
CARGO_UNSTABLE_JSON_TARGET_SPEC=true
CC_riscv64gc_unknown_linux_musl=riscv64-linux-musl-cc
CFLAGS_riscv64gc_unknown_linux_musl=-march=rv64gc -mabi=lp64d -mcmodel=medany -fno-stack-protector
CXXFLAGS_riscv64gc_unknown_linux_musl=-march=rv64gc -mabi=lp64d -mcmodel=medany -fno-stack-protector
SMP=1
cargo build --config /work/tgoskits/tmp/axbuild/std/config-riscv64gc-unknown-linux-musl-dynamic.toml -p arceos-helloworld --target scripts/targets/std/pie/riscv64gc-unknown-linux-musl.json -Z unstable-options --target-dir /work/tgoskits/target --features arceos,ax-std/irq,ax-std/paging,ax-std/smp,ax-std/std-compat -Z json-target-spec --release --message-format json-render-diagnostics
BUILDSTORM_GLOBAL phase=arceos_build event=sample_4 online_cpus=8 wall_s=122.33 capacity_s=978.68 user_s=58.66 kernel_s=192.75 idle_s=727.27 user_pct=5.99 kernel_pct=19.69 idle_pct=74.31 user_cpus=0.48 kernel_cpus=1.58 busy_cpus=2.06 overall_wall_s=233.43 overall_user_pct=6.09 overall_kernel_pct=18.77 overall_idle_pct=75.13 overall_busy_cpus=1.99
   Compiling compiler_builtins v0.1.160 (/root/.rustup/toolchains/nightly-2026-05-28-riscv64gc-unknown-linux-gnu/lib/rustlib/src/rust/library/compiler-builtins/compiler-builtins)
   Compiling core v0.0.0 (/root/.rustup/toolchains/nightly-2026-05-28-riscv64gc-unknown-linux-gnu/lib/rustlib/src/rust/library/core)
   Compiling libc v0.2.185
   Compiling std v0.0.0 (/root/.rustup/toolchains/nightly-2026-05-28-riscv64gc-unknown-linux-gnu/lib/rustlib/src/rust/library/std)
   Compiling thiserror v2.0.18
   Compiling heapless v0.9.3
   Compiling ax-errno v0.6.1 (/work/tgoskits/components/axerrno)
   Compiling num-traits v0.2.19
   Compiling ax-percpu v0.4.14 (/work/tgoskits/components/percpu/percpu)
   Compiling radium v0.7.0
   Compiling libc v0.2.186
   Compiling anyhow v1.0.103
   Compiling rust_decimal v1.42.1
   Compiling ax-alloc v0.8.12 (/work/tgoskits/os/arceos/modules/axalloc)
   Compiling someboot v0.3.5 (/work/tgoskits/platforms/someboot)
   Compiling ax-driver v0.12.0 (/work/tgoskits/drivers/ax-driver)
   Compiling somehal v0.8.0 (/work/tgoskits/platforms/somehal)
   Compiling axplat-dyn v0.7.12 (/work/tgoskits/platforms/axplat-dyn)
   Compiling ax-hal v0.5.28 (/work/tgoskits/os/arceos/modules/axhal)
   Compiling ax-task v0.6.4 (/work/tgoskits/os/arceos/modules/axtask)
   Compiling ax-runtime v0.10.4 (/work/tgoskits/os/arceos/modules/axruntime)
   Compiling scope-local v0.4.2 (/work/tgoskits/components/scope-local)
   Compiling ax-posix-api v0.5.29 (/work/tgoskits/os/arceos/api/arceos_posix_api)
BUILDSTORM_GLOBAL phase=arceos_build event=sample_5 online_cpus=8 wall_s=152.60 capacity_s=1220.82 user_s=74.19 kernel_s=335.37 idle_s=811.26 user_pct=6.08 kernel_pct=27.47 idle_pct=66.45 user_cpus=0.49 kernel_cpus=2.20 busy_cpus=2.68 overall_wall_s=263.70 overall_user_pct=6.13 overall_kernel_pct=23.38 overall_idle_pct=70.49 overall_busy_cpus=2.36
BUILDSTORM_GLOBAL phase=arceos_build event=sample_6 online_cpus=8 wall_s=182.90 capacity_s=1463.22 user_s=112.69 kernel_s=388.95 idle_s=961.58 user_pct=7.70 kernel_pct=26.58 idle_pct=65.72 user_cpus=0.62 kernel_cpus=2.13 busy_cpus=2.74 overall_wall_s=294.00 overall_user_pct=7.13 overall_kernel_pct=23.25 overall_idle_pct=69.62 overall_busy_cpus=2.43
BUILDSTORM_GLOBAL phase=arceos_build event=sample_7 online_cpus=8 wall_s=213.13 capacity_s=1705.02 user_s=145.81 kernel_s=417.07 idle_s=1142.14 user_pct=8.55 kernel_pct=24.46 idle_pct=66.99 user_cpus=0.68 kernel_cpus=1.96 busy_cpus=2.64 overall_wall_s=324.23 overall_user_pct=7.74 overall_kernel_pct=22.17 overall_idle_pct=70.09 overall_busy_cpus=2.39
BUILDSTORM_GLOBAL phase=arceos_build event=sample_8 online_cpus=8 wall_s=243.23 capacity_s=1945.85 user_s=180.45 kernel_s=443.23 idle_s=1322.16 user_pct=9.27 kernel_pct=22.78 idle_pct=67.95 user_cpus=0.74 kernel_cpus=1.82 busy_cpus=2.56 overall_wall_s=354.33 overall_user_pct=8.31 overall_kernel_pct=21.21 overall_idle_pct=70.49 overall_busy_cpus=2.36
BUILDSTORM_GLOBAL phase=arceos_build event=sample_9 online_cpus=8 wall_s=273.33 capacity_s=2186.62 user_s=217.83 kernel_s=466.65 idle_s=1502.14 user_pct=9.96 kernel_pct=21.34 idle_pct=68.70 user_cpus=0.80 kernel_cpus=1.71 busy_cpus=2.50 overall_wall_s=384.43 overall_user_pct=8.87 overall_kernel_pct=20.31 overall_idle_pct=70.82 overall_busy_cpus=2.33
BUILDSTORM_GLOBAL phase=arceos_build event=sample_10 online_cpus=8 wall_s=303.42 capacity_s=2427.37 user_s=255.43 kernel_s=489.84 idle_s=1682.10 user_pct=10.52 kernel_pct=20.18 idle_pct=69.30 user_cpus=0.84 kernel_cpus=1.61 busy_cpus=2.46 overall_wall_s=414.52 overall_user_pct=9.36 overall_kernel_pct=19.53 overall_idle_pct=71.10 overall_busy_cpus=2.31
BUILDSTORM_GLOBAL phase=arceos_build event=sample_11 online_cpus=8 wall_s=333.52 capacity_s=2668.13 user_s=292.75 kernel_s=513.32 idle_s=1862.05 user_pct=10.97 kernel_pct=19.24 idle_pct=69.79 user_cpus=0.88 kernel_cpus=1.54 busy_cpus=2.42 overall_wall_s=444.61 overall_user_pct=9.78 overall_kernel_pct=18.87 overall_idle_pct=71.35 overall_busy_cpus=2.29
BUILDSTORM_GLOBAL phase=arceos_build event=sample_12 online_cpus=8 wall_s=363.61 capacity_s=2908.92 user_s=330.76 kernel_s=536.16 idle_s=2041.99 user_pct=11.37 kernel_pct=18.43 idle_pct=70.20 user_cpus=0.91 kernel_cpus=1.47 busy_cpus=2.38 overall_wall_s=474.71 overall_user_pct=10.16 overall_kernel_pct=18.27 overall_idle_pct=71.57 overall_busy_cpus=2.27
BUILDSTORM_GLOBAL phase=arceos_build event=sample_13 online_cpus=8 wall_s=393.71 capacity_s=3149.69 user_s=368.51 kernel_s=559.23 idle_s=2221.94 user_pct=11.70 kernel_pct=17.76 idle_pct=70.54 user_cpus=0.94 kernel_cpus=1.42 busy_cpus=2.36 overall_wall_s=504.81 overall_user_pct=10.49 overall_kernel_pct=17.76 overall_idle_pct=71.75 overall_busy_cpus=2.26
BUILDSTORM_GLOBAL phase=arceos_build event=sample_14 online_cpus=8 wall_s=423.81 capacity_s=3390.46 user_s=405.89 kernel_s=582.78 idle_s=2401.80 user_pct=11.97 kernel_pct=17.19 idle_pct=70.84 user_cpus=0.96 kernel_cpus=1.38 busy_cpus=2.33 overall_wall_s=534.91 overall_user_pct=10.77 overall_kernel_pct=17.31 overall_idle_pct=71.92 overall_busy_cpus=2.25
BUILDSTORM_GLOBAL phase=arceos_build event=sample_15 online_cpus=8 wall_s=453.90 capacity_s=3631.20 user_s=443.38 kernel_s=606.15 idle_s=2581.67 user_pct=12.21 kernel_pct=16.69 idle_pct=71.10 user_cpus=0.98 kernel_cpus=1.34 busy_cpus=2.31 overall_wall_s=565.00 overall_user_pct=11.03 overall_kernel_pct=16.90 overall_idle_pct=72.07 overall_busy_cpus=2.23
BUILDSTORM_GLOBAL phase=arceos_build event=sample_16 online_cpus=8 wall_s=483.99 capacity_s=3871.93 user_s=479.62 kernel_s=630.74 idle_s=2761.56 user_pct=12.39 kernel_pct=16.29 idle_pct=71.32 user_cpus=0.99 kernel_cpus=1.30 busy_cpus=2.29 overall_wall_s=595.09 overall_user_pct=11.23 overall_kernel_pct=16.56 overall_idle_pct=72.20 overall_busy_cpus=2.22
BUILDSTORM_GLOBAL phase=arceos_build event=sample_17 online_cpus=8 wall_s=514.17 capacity_s=4113.32 user_s=519.92 kernel_s=658.68 idle_s=2934.73 user_pct=12.64 kernel_pct=16.01 idle_pct=71.35 user_cpus=1.01 kernel_cpus=1.28 busy_cpus=2.29 overall_wall_s=625.26 overall_user_pct=11.50 overall_kernel_pct=16.32 overall_idle_pct=72.18 overall_busy_cpus=2.23
BUILDSTORM_GLOBAL phase=arceos_build event=sample_18 online_cpus=8 wall_s=545.08 capacity_s=4360.67 user_s=658.68 kernel_s=700.81 idle_s=3001.17 user_pct=15.11 kernel_pct=16.07 idle_pct=68.82 user_cpus=1.21 kernel_cpus=1.29 busy_cpus=2.49 overall_wall_s=656.18 overall_user_pct=13.60 overall_kernel_pct=16.36 overall_idle_pct=70.05 overall_busy_cpus=2.40
   Compiling rustc-std-workspace-core v1.99.0 (/root/.rustup/toolchains/nightly-2026-05-28-riscv64gc-unknown-linux-gnu/lib/rustlib/src/rust/library/rustc-std-workspace-core)
   Compiling alloc v0.0.0 (/root/.rustup/toolchains/nightly-2026-05-28-riscv64gc-unknown-linux-gnu/lib/rustlib/src/rust/library/alloc)
BUILDSTORM_GLOBAL phase=arceos_build event=sample_19 online_cpus=8 wall_s=578.32 capacity_s=4626.59 user_s=673.85 kernel_s=770.73 idle_s=3182.01 user_pct=14.56 kernel_pct=16.66 idle_pct=68.78 user_cpus=1.17 kernel_cpus=1.33 busy_cpus=2.50 overall_wall_s=689.42 overall_user_pct=13.22 overall_kernel_pct=16.84 overall_idle_pct=69.95 overall_busy_cpus=2.40
BUILDSTORM_GLOBAL phase=arceos_build event=sample_20 online_cpus=8 wall_s=631.26 capacity_s=5050.05 user_s=681.96 kernel_s=1116.25 idle_s=3251.84 user_pct=13.50 kernel_pct=22.10 idle_pct=64.39 user_cpus=1.08 kernel_cpus=1.77 busy_cpus=2.85 overall_wall_s=742.35 overall_user_pct=12.41 overall_kernel_pct=21.45 overall_idle_pct=66.14 overall_busy_cpus=2.71
BUILDSTORM_GLOBAL phase=arceos_build event=sample_21 online_cpus=8 wall_s=731.09 capacity_s=5848.76 user_s=706.05 kernel_s=1886.21 idle_s=3256.50 user_pct=12.07 kernel_pct=32.25 idle_pct=55.68 user_cpus=0.97 kernel_cpus=2.58 busy_cpus=3.55 overall_wall_s=842.19 overall_user_pct=11.30 overall_kernel_pct=30.34 overall_idle_pct=58.36 overall_busy_cpus=3.33
BUILDSTORM_GLOBAL phase=arceos_build event=sample_22 online_cpus=8 wall_s=842.95 capacity_s=6743.63 user_s=734.43 kernel_s=2751.64 idle_s=3257.57 user_pct=10.89 kernel_pct=40.80 idle_pct=48.31 user_cpus=0.87 kernel_cpus=3.26 busy_cpus=4.14 overall_wall_s=954.05 overall_user_pct=10.34 overall_kernel_pct=38.12 overall_idle_pct=51.54 overall_busy_cpus=3.88
BUILDSTORM_GLOBAL phase=arceos_build event=sample_23 online_cpus=8 wall_s=947.52 capacity_s=7580.14 user_s=756.63 kernel_s=3558.53 idle_s=3264.98 user_pct=9.98 kernel_pct=46.95 idle_pct=43.07 user_cpus=0.80 kernel_cpus=3.76 busy_cpus=4.55 overall_wall_s=1058.62 overall_user_pct=9.58 overall_kernel_pct=43.88 overall_idle_pct=46.53 overall_busy_cpus=4.28
BUILDSTORM_GLOBAL phase=arceos_build event=sample_24 online_cpus=8 wall_s=1182.45 capacity_s=9459.58 user_s=813.18 kernel_s=5379.01 idle_s=3267.39 user_pct=8.60 kernel_pct=56.86 idle_pct=34.54 user_cpus=0.69 kernel_cpus=4.55 busy_cpus=5.24 overall_wall_s=1293.55 overall_user_pct=8.39 overall_kernel_pct=53.50 overall_idle_pct=38.11 overall_busy_cpus=4.95
BUILDSTORM_GLOBAL phase=arceos_build event=sample_25 online_cpus=8 wall_s=1385.66 capacity_s=11085.30 user_s=851.68 kernel_s=6964.10 idle_s=3269.52 user_pct=7.68 kernel_pct=62.82 idle_pct=29.49 user_cpus=0.61 kernel_cpus=5.03 busy_cpus=5.64 overall_wall_s=1496.76 overall_user_pct=7.57 overall_kernel_pct=59.48 overall_idle_pct=32.95 overall_busy_cpus=5.36
BUILDSTORM_GLOBAL phase=arceos_build event=sample_26 online_cpus=8 wall_s=1581.48 capacity_s=12651.82 user_s=879.84 kernel_s=8496.05 idle_s=3275.93 user_pct=6.95 kernel_pct=67.15 idle_pct=25.89 user_cpus=0.56 kernel_cpus=5.37 busy_cpus=5.93 overall_wall_s=1692.58 overall_user_pct=6.90 overall_kernel_pct=63.91 overall_idle_pct=29.18 overall_busy_cpus=5.67
BUILDSTORM_GLOBAL phase=arceos_build event=sample_27 online_cpus=8 wall_s=1715.72 capacity_s=13725.79 user_s=889.82 kernel_s=9391.98 idle_s=3443.99 user_pct=6.48 kernel_pct=68.43 idle_pct=25.09 user_cpus=0.52 kernel_cpus=5.47 busy_cpus=5.99 overall_wall_s=1826.82 overall_user_pct=6.47 overall_kernel_pct=65.34 overall_idle_pct=28.19 overall_busy_cpus=5.74
BUILDSTORM_GLOBAL phase=arceos_build event=sample_28 online_cpus=8 wall_s=1852.13 capacity_s=14817.00 user_s=900.27 kernel_s=10303.94 idle_s=3612.79 user_pct=6.08 kernel_pct=69.54 idle_pct=24.38 user_cpus=0.49 kernel_cpus=5.56 busy_cpus=6.05 overall_wall_s=1963.22 overall_user_pct=6.08 overall_kernel_pct=66.61 overall_idle_pct=27.31 overall_busy_cpus=5.82
   Compiling rustc-demangle v0.1.27
   Compiling cfg-if v1.0.4
   Compiling panic_abort v0.0.0 (/root/.rustup/toolchains/nightly-2026-05-28-riscv64gc-unknown-linux-gnu/lib/rustlib/src/rust/library/panic_abort)
BUILDSTORM_GLOBAL phase=arceos_build event=sample_29 online_cpus=8 wall_s=1996.56 capacity_s=15972.51 user_s=915.18 kernel_s=11321.57 idle_s=3735.76 user_pct=5.73 kernel_pct=70.88 idle_pct=23.39 user_cpus=0.46 kernel_cpus=5.67 busy_cpus=6.13 overall_wall_s=2107.66 overall_user_pct=5.75 overall_kernel_pct=68.08 overall_idle_pct=26.16 overall_busy_cpus=5.91
   Compiling rustc-literal-escaper v0.0.7
BUILDSTORM_GLOBAL phase=arceos_build event=sample_30 online_cpus=8 wall_s=2090.94 capacity_s=16727.52 user_s=925.49 kernel_s=12027.48 idle_s=3774.55 user_pct=5.53 kernel_pct=71.90 idle_pct=22.56 user_cpus=0.44 kernel_cpus=5.75 busy_cpus=6.19 overall_wall_s=2202.04 overall_user_pct=5.57 overall_kernel_pct=69.17 overall_idle_pct=25.26 overall_busy_cpus=5.98
BUILDSTORM_GLOBAL phase=arceos_build event=sample_31 online_cpus=8 wall_s=2213.42 capacity_s=17707.37 user_s=939.39 kernel_s=12991.19 idle_s=3776.79 user_pct=5.31 kernel_pct=73.37 idle_pct=21.33 user_cpus=0.42 kernel_cpus=5.87 busy_cpus=6.29 overall_wall_s=2324.52 overall_user_pct=5.35 overall_kernel_pct=70.71 overall_idle_pct=23.94 overall_busy_cpus=6.08
BUILDSTORM_GLOBAL phase=arceos_build event=sample_32 online_cpus=8 wall_s=2427.26 capacity_s=19418.07 user_s=973.04 kernel_s=14668.03 idle_s=3777.00 user_pct=5.01 kernel_pct=75.54 idle_pct=19.45 user_cpus=0.40 kernel_cpus=6.04 busy_cpus=6.44 overall_wall_s=2538.36 overall_user_pct=5.06 overall_kernel_pct=73.01 overall_idle_pct=21.93 overall_busy_cpus=6.25
BUILDSTORM_GLOBAL phase=arceos_build event=sample_33 online_cpus=8 wall_s=2720.36 capacity_s=21762.85 user_s=1020.23 kernel_s=16965.11 idle_s=3777.51 user_pct=4.69 kernel_pct=77.95 idle_pct=17.36 user_cpus=0.38 kernel_cpus=6.24 busy_cpus=6.61 overall_wall_s=2831.46 overall_user_pct=4.75 overall_kernel_pct=75.59 overall_idle_pct=19.66 overall_busy_cpus=6.43
BUILDSTORM_GLOBAL phase=arceos_build event=sample_34 online_cpus=8 wall_s=2985.58 capacity_s=23884.65 user_s=1065.45 kernel_s=19039.39 idle_s=3779.81 user_pct=4.46 kernel_pct=79.71 idle_pct=15.83 user_cpus=0.36 kernel_cpus=6.38 busy_cpus=6.73 overall_wall_s=3096.68 overall_user_pct=4.52 overall_kernel_pct=77.49 overall_idle_pct=17.99 overall_busy_cpus=6.56
BUILDSTORM_GLOBAL phase=arceos_build event=sample_35 online_cpus=8 wall_s=3184.02 capacity_s=25472.12 user_s=1092.40 kernel_s=20597.94 idle_s=3781.79 user_pct=4.29 kernel_pct=80.86 idle_pct=14.85 user_cpus=0.34 kernel_cpus=6.47 busy_cpus=6.81 overall_wall_s=3295.11 overall_user_pct=4.35 overall_kernel_pct=78.74 overall_idle_pct=16.91 overall_busy_cpus=6.65
BUILDSTORM_GLOBAL phase=arceos_build event=sample_36 online_cpus=8 wall_s=3387.62 capacity_s=27100.92 user_s=1121.17 kernel_s=22196.66 idle_s=3783.09 user_pct=4.14 kernel_pct=81.90 idle_pct=13.96 user_cpus=0.33 kernel_cpus=6.55 busy_cpus=6.88 overall_wall_s=3498.71 overall_user_pct=4.20 overall_kernel_pct=79.87 overall_idle_pct=15.93 overall_busy_cpus=6.73
BUILDSTORM_GLOBAL phase=arceos_build event=sample_37 online_cpus=8 wall_s=3540.81 capacity_s=28326.46 user_s=1144.78 kernel_s=23395.39 idle_s=3786.30 user_pct=4.04 kernel_pct=82.59 idle_pct=13.37 user_cpus=0.32 kernel_cpus=6.61 busy_cpus=6.93 overall_wall_s=3651.91 overall_user_pct=4.11 overall_kernel_pct=80.62 overall_idle_pct=15.27 overall_busy_cpus=6.78
BUILDSTORM_GLOBAL phase=arceos_build event=sample_38 online_cpus=8 wall_s=3683.63 capacity_s=29469.06 user_s=1169.19 kernel_s=24511.08 idle_s=3788.79 user_pct=3.97 kernel_pct=83.18 idle_pct=12.86 user_cpus=0.32 kernel_cpus=6.65 busy_cpus=6.97 overall_wall_s=3794.73 overall_user_pct=4.03 overall_kernel_pct=81.26 overall_idle_pct=14.71 overall_busy_cpus=6.82
BUILDSTORM_GLOBAL phase=arceos_build event=sample_39 online_cpus=8 wall_s=3875.09 capacity_s=31000.72 user_s=1204.42 kernel_s=26005.76 idle_s=3790.54 user_pct=3.89 kernel_pct=83.89 idle_pct=12.23 user_cpus=0.31 kernel_cpus=6.71 busy_cpus=7.02 overall_wall_s=3986.19 overall_user_pct=3.95 overall_kernel_pct=82.04 overall_idle_pct=14.01 overall_busy_cpus=6.88
BUILDSTORM_GLOBAL phase=arceos_build event=sample_40 online_cpus=8 wall_s=4036.09 capacity_s=32288.69 user_s=1243.83 kernel_s=27253.01 idle_s=3791.85 user_pct=3.85 kernel_pct=84.40 idle_pct=11.74 user_cpus=0.31 kernel_cpus=6.75 busy_cpus=7.06 overall_wall_s=4147.19 overall_user_pct=3.92 overall_kernel_pct=82.62 overall_idle_pct=13.47 overall_busy_cpus=6.92
BUILDSTORM_GLOBAL phase=arceos_build event=sample_41 online_cpus=8 wall_s=4162.67 capacity_s=33301.37 user_s=1260.42 kernel_s=28246.89 idle_s=3794.06 user_pct=3.78 kernel_pct=84.82 idle_pct=11.39 user_cpus=0.30 kernel_cpus=6.79 busy_cpus=7.09 overall_wall_s=4273.77 overall_user_pct=3.85 overall_kernel_pct=83.08 overall_idle_pct=13.07 overall_busy_cpus=6.95
BUILDSTORM_GLOBAL phase=arceos_build event=sample_42 online_cpus=8 wall_s=4235.23 capacity_s=33881.87 user_s=1272.84 kernel_s=28813.38 idle_s=3795.66 user_pct=3.76 kernel_pct=85.04 idle_pct=11.20 user_cpus=0.30 kernel_cpus=6.80 busy_cpus=7.10 overall_wall_s=4346.33 overall_user_pct=3.82 overall_kernel_pct=83.32 overall_idle_pct=12.86 overall_busy_cpus=6.97
BUILDSTORM_GLOBAL phase=arceos_build event=sample_43 online_cpus=8 wall_s=4308.67 capacity_s=34469.36 user_s=1290.15 kernel_s=29380.63 idle_s=3798.58 user_pct=3.74 kernel_pct=85.24 idle_pct=11.02 user_cpus=0.30 kernel_cpus=6.82 busy_cpus=7.12 overall_wall_s=4419.77 overall_user_pct=3.80 overall_kernel_pct=83.54 overall_idle_pct=12.65 overall_busy_cpus=6.99
BUILDSTORM_GLOBAL phase=arceos_build event=sample_44 online_cpus=8 wall_s=4368.38 capacity_s=34947.06 user_s=1314.32 kernel_s=29831.96 idle_s=3800.78 user_pct=3.76 kernel_pct=85.36 idle_pct=10.88 user_cpus=0.30 kernel_cpus=6.83 busy_cpus=7.13 overall_wall_s=4479.48 overall_user_pct=3.82 overall_kernel_pct=83.69 overall_idle_pct=12.49 overall_busy_cpus=7.00
BUILDSTORM_GLOBAL phase=arceos_build event=sample_45 online_cpus=8 wall_s=4413.01 capacity_s=35304.11 user_s=1335.70 kernel_s=30110.60 idle_s=3857.81 user_pct=3.78 kernel_pct=85.29 idle_pct=10.93 user_cpus=0.30 kernel_cpus=6.82 busy_cpus=7.13 overall_wall_s=4524.11 overall_user_pct=3.84 overall_kernel_pct=83.63 overall_idle_pct=12.53 overall_busy_cpus=7.00
BUILDSTORM_GLOBAL phase=arceos_build event=sample_46 online_cpus=8 wall_s=4465.60 capacity_s=35724.82 user_s=1344.51 kernel_s=30441.24 idle_s=3939.06 user_pct=3.76 kernel_pct=85.21 idle_pct=11.03 user_cpus=0.30 kernel_cpus=6.82 busy_cpus=7.12 overall_wall_s=4576.70 overall_user_pct=3.82 overall_kernel_pct=83.57 overall_idle_pct=12.60 overall_busy_cpus=6.99
BUILDSTORM_GLOBAL phase=arceos_build event=sample_47 online_cpus=8 wall_s=4524.37 capacity_s=36194.92 user_s=1356.40 kernel_s=30826.99 idle_s=4011.53 user_pct=3.75 kernel_pct=85.17 idle_pct=11.08 user_cpus=0.30 kernel_cpus=6.81 busy_cpus=7.11 overall_wall_s=4635.46 overall_user_pct=3.81 overall_kernel_pct=83.55 overall_idle_pct=12.64 overall_busy_cpus=6.99
BUILDSTORM_GLOBAL phase=arceos_build event=sample_48 online_cpus=8 wall_s=4579.97 capacity_s=36639.73 user_s=1372.27 kernel_s=31162.49 idle_s=4104.98 user_pct=3.75 kernel_pct=85.05 idle_pct=11.20 user_cpus=0.30 kernel_cpus=6.80 busy_cpus=7.10 overall_wall_s=4691.07 overall_user_pct=3.80 overall_kernel_pct=83.46 overall_idle_pct=12.74 overall_busy_cpus=6.98
BUILDSTORM_GLOBAL phase=arceos_build event=sample_49 online_cpus=8 wall_s=4676.17 capacity_s=37409.33 user_s=1393.54 kernel_s=31760.26 idle_s=4255.52 user_pct=3.73 kernel_pct=84.90 idle_pct=11.38 user_cpus=0.30 kernel_cpus=6.79 busy_cpus=7.09 overall_wall_s=4787.26 overall_user_pct=3.78 overall_kernel_pct=83.34 overall_idle_pct=12.88 overall_busy_cpus=6.97
BUILDSTORM_GLOBAL phase=arceos_build event=sample_50 online_cpus=8 wall_s=4720.12 capacity_s=37760.96 user_s=1406.30 kernel_s=31941.00 idle_s=4413.67 user_pct=3.72 kernel_pct=84.59 idle_pct=11.69 user_cpus=0.30 kernel_cpus=6.77 busy_cpus=7.06 overall_wall_s=4831.22 overall_user_pct=3.78 overall_kernel_pct=83.05 overall_idle_pct=13.17 overall_busy_cpus=6.95
   Compiling unwind v0.0.0 (/root/.rustup/toolchains/nightly-2026-05-28-riscv64gc-unknown-linux-gnu/lib/rustlib/src/rust/library/unwind)
BUILDSTORM_GLOBAL phase=arceos_build event=sample_51 online_cpus=8 wall_s=4757.25 capacity_s=38058.01 user_s=1432.62 kernel_s=32055.28 idle_s=4570.11 user_pct=3.76 kernel_pct=84.23 idle_pct=12.01 user_cpus=0.30 kernel_cpus=6.74 busy_cpus=7.04 overall_wall_s=4868.35 overall_user_pct=3.82 overall_kernel_pct=82.71 overall_idle_pct=13.47 overall_busy_cpus=6.92
BUILDSTORM_GLOBAL phase=arceos_build event=sample_52 online_cpus=8 wall_s=4797.63 capacity_s=38381.02 user_s=1441.72 kernel_s=32212.00 idle_s=4727.30 user_pct=3.76 kernel_pct=83.93 idle_pct=12.32 user_cpus=0.30 kernel_cpus=6.71 busy_cpus=7.01 overall_wall_s=4908.73 overall_user_pct=3.81 overall_kernel_pct=82.43 overall_idle_pct=13.76 overall_busy_cpus=6.90
BUILDSTORM_GLOBAL phase=arceos_build event=sample_53 online_cpus=8 wall_s=4846.51 capacity_s=38772.09 user_s=1454.05 kernel_s=32386.37 idle_s=4931.66 user_pct=3.75 kernel_pct=83.53 idle_pct=12.72 user_cpus=0.30 kernel_cpus=6.68 busy_cpus=6.98 overall_wall_s=4957.61 overall_user_pct=3.81 overall_kernel_pct=82.06 overall_idle_pct=14.14 overall_busy_cpus=6.87
BUILDSTORM_GLOBAL phase=arceos_build event=sample_54 online_cpus=8 wall_s=4882.22 capacity_s=39057.80 user_s=1480.28 kernel_s=32441.10 idle_s=5136.41 user_pct=3.79 kernel_pct=83.06 idle_pct=13.15 user_cpus=0.30 kernel_cpus=6.64 busy_cpus=6.95 overall_wall_s=4993.32 overall_user_pct=3.84 overall_kernel_pct=81.61 overall_idle_pct=14.55 overall_busy_cpus=6.84
   Compiling rustc-std-workspace-alloc v1.99.0 (/root/.rustup/toolchains/nightly-2026-05-28-riscv64gc-unknown-linux-gnu/lib/rustlib/src/rust/library/rustc-std-workspace-alloc)
   Compiling panic_unwind v0.0.0 (/root/.rustup/toolchains/nightly-2026-05-28-riscv64gc-unknown-linux-gnu/lib/rustlib/src/rust/library/panic_unwind)
BUILDSTORM_GLOBAL phase=arceos_build event=sample_55 online_cpus=8 wall_s=4917.01 capacity_s=39336.10 user_s=1505.44 kernel_s=32530.42 idle_s=5300.23 user_pct=3.83 kernel_pct=82.70 idle_pct=13.47 user_cpus=0.31 kernel_cpus=6.62 busy_cpus=6.92 overall_wall_s=5028.11 overall_user_pct=3.88 overall_kernel_pct=81.26 overall_idle_pct=14.86 overall_busy_cpus=6.81
   Compiling hashbrown v0.17.1
   Compiling std_detect v0.1.5 (/root/.rustup/toolchains/nightly-2026-05-28-riscv64gc-unknown-linux-gnu/lib/rustlib/src/rust/library/std_detect)
BUILDSTORM_GLOBAL phase=arceos_build event=sample_56 online_cpus=8 wall_s=4951.84 capacity_s=39614.73 user_s=1528.13 kernel_s=32688.06 idle_s=5398.53 user_pct=3.86 kernel_pct=82.51 idle_pct=13.63 user_cpus=0.31 kernel_cpus=6.60 busy_cpus=6.91 overall_wall_s=5062.94 overall_user_pct=3.91 overall_kernel_pct=81.09 overall_idle_pct=15.00 overall_busy_cpus=6.80
BUILDSTORM_GLOBAL phase=arceos_build event=sample_57 online_cpus=8 wall_s=4988.03 capacity_s=39904.28 user_s=1530.36 kernel_s=32882.59 idle_s=5491.33 user_pct=3.84 kernel_pct=82.40 idle_pct=13.76 user_cpus=0.31 kernel_cpus=6.59 busy_cpus=6.90 overall_wall_s=5099.13 overall_user_pct=3.89 overall_kernel_pct=81.00 overall_idle_pct=15.12 overall_busy_cpus=6.79
BUILDSTORM_GLOBAL phase=arceos_build event=sample_58 online_cpus=8 wall_s=5036.60 capacity_s=40292.79 user_s=1531.78 kernel_s=33122.34 idle_s=5638.67 user_pct=3.80 kernel_pct=82.20 idle_pct=13.99 user_cpus=0.30 kernel_cpus=6.58 busy_cpus=6.88 overall_wall_s=5147.70 overall_user_pct=3.85 overall_kernel_pct=80.81 overall_idle_pct=15.33 overall_busy_cpus=6.77
BUILDSTORM_GLOBAL phase=arceos_build event=sample_59 online_cpus=8 wall_s=5101.23 capacity_s=40809.81 user_s=1533.17 kernel_s=33494.03 idle_s=5782.61 user_pct=3.76 kernel_pct=82.07 idle_pct=14.17 user_cpus=0.30 kernel_cpus=6.57 busy_cpus=6.87 overall_wall_s=5212.33 overall_user_pct=3.81 overall_kernel_pct=80.70 overall_idle_pct=15.49 overall_busy_cpus=6.76
BUILDSTORM_GLOBAL phase=arceos_build event=sample_60 online_cpus=8 wall_s=5152.34 capacity_s=41218.73 user_s=1538.52 kernel_s=33682.81 idle_s=5997.40 user_pct=3.73 kernel_pct=81.72 idle_pct=14.55 user_cpus=0.30 kernel_cpus=6.54 busy_cpus=6.84 overall_wall_s=5263.44 overall_user_pct=3.78 overall_kernel_pct=80.37 overall_idle_pct=15.85 overall_busy_cpus=6.73
BUILDSTORM_GLOBAL phase=arceos_build event=sample_61 online_cpus=8 wall_s=5189.86 capacity_s=41518.91 user_s=1546.95 kernel_s=33799.78 idle_s=6172.17 user_pct=3.73 kernel_pct=81.41 idle_pct=14.87 user_cpus=0.30 kernel_cpus=6.51 busy_cpus=6.81 overall_wall_s=5300.96 overall_user_pct=3.78 overall_kernel_pct=80.07 overall_idle_pct=16.15 overall_busy_cpus=6.71
BUILDSTORM_GLOBAL phase=arceos_build event=sample_62 online_cpus=8 wall_s=5225.17 capacity_s=41801.36 user_s=1569.92 kernel_s=33895.28 idle_s=6336.16 user_pct=3.76 kernel_pct=81.09 idle_pct=15.16 user_cpus=0.30 kernel_cpus=6.49 busy_cpus=6.79 overall_wall_s=5336.27 overall_user_pct=3.81 overall_kernel_pct=79.77 overall_idle_pct=16.43 overall_busy_cpus=6.69
BUILDSTORM_GLOBAL phase=arceos_build event=sample_63 online_cpus=8 wall_s=5260.37 capacity_s=42082.95 user_s=1579.24 kernel_s=34002.06 idle_s=6501.65 user_pct=3.75 kernel_pct=80.80 idle_pct=15.45 user_cpus=0.30 kernel_cpus=6.46 busy_cpus=6.76 overall_wall_s=5371.47 overall_user_pct=3.80 overall_kernel_pct=79.49 overall_idle_pct=16.70 overall_busy_cpus=6.66
BUILDSTORM_GLOBAL phase=arceos_build event=sample_64 online_cpus=8 wall_s=5304.11 capacity_s=42432.85 user_s=1580.18 kernel_s=34148.63 idle_s=6704.04 user_pct=3.72 kernel_pct=80.48 idle_pct=15.80 user_cpus=0.30 kernel_cpus=6.44 busy_cpus=6.74 overall_wall_s=5415.20 overall_user_pct=3.77 overall_kernel_pct=79.19 overall_idle_pct=17.04 overall_busy_cpus=6.64
BUILDSTORM_GLOBAL phase=arceos_build event=sample_65 online_cpus=8 wall_s=5339.73 capacity_s=42717.80 user_s=1587.36 kernel_s=34224.21 idle_s=6906.24 user_pct=3.72 kernel_pct=80.12 idle_pct=16.17 user_cpus=0.30 kernel_cpus=6.41 busy_cpus=6.71 overall_wall_s=5450.82 overall_user_pct=3.77 overall_kernel_pct=78.85 overall_idle_pct=17.39 overall_busy_cpus=6.61
BUILDSTORM_GLOBAL phase=arceos_build event=sample_66 online_cpus=8 wall_s=5372.76 capacity_s=42982.11 user_s=1602.98 kernel_s=34279.76 idle_s=7099.37 user_pct=3.73 kernel_pct=79.75 idle_pct=16.52 user_cpus=0.30 kernel_cpus=6.38 busy_cpus=6.68 overall_wall_s=5483.86 overall_user_pct=3.78 overall_kernel_pct=78.50 overall_idle_pct=17.72 overall_busy_cpus=6.58
BUILDSTORM_GLOBAL phase=arceos_build event=sample_67 online_cpus=8 wall_s=5404.19 capacity_s=43233.53 user_s=1631.83 kernel_s=34316.32 idle_s=7285.38 user_pct=3.77 kernel_pct=79.37 idle_pct=16.85 user_cpus=0.30 kernel_cpus=6.35 busy_cpus=6.65 overall_wall_s=5515.29 overall_user_pct=3.82 overall_kernel_pct=78.13 overall_idle_pct=18.04 overall_busy_cpus=6.56
BUILDSTORM_GLOBAL phase=arceos_build event=sample_68 online_cpus=8 wall_s=5435.02 capacity_s=43480.15 user_s=1666.06 kernel_s=34345.48 idle_s=7468.61 user_pct=3.83 kernel_pct=78.99 idle_pct=17.18 user_cpus=0.31 kernel_cpus=6.32 busy_cpus=6.63 overall_wall_s=5546.12 overall_user_pct=3.88 overall_kernel_pct=77.76 overall_idle_pct=18.36 overall_busy_cpus=6.53
BUILDSTORM_GLOBAL phase=arceos_build event=sample_69 online_cpus=8 wall_s=5465.55 capacity_s=43724.41 user_s=1701.61 kernel_s=34372.20 idle_s=7650.59 user_pct=3.89 kernel_pct=78.61 idle_pct=17.50 user_cpus=0.31 kernel_cpus=6.29 busy_cpus=6.60 overall_wall_s=5576.65 overall_user_pct=3.94 overall_kernel_pct=77.40 overall_idle_pct=18.66 overall_busy_cpus=6.51
   Compiling proc_macro v0.0.0 (/root/.rustup/toolchains/nightly-2026-05-28-riscv64gc-unknown-linux-gnu/lib/rustlib/src/rust/library/proc_macro)
BUILDSTORM_GLOBAL phase=arceos_build event=sample_70 online_cpus=8 wall_s=5495.88 capacity_s=43967.04 user_s=1799.04 kernel_s=34405.61 idle_s=7762.39 user_pct=4.09 kernel_pct=78.25 idle_pct=17.66 user_cpus=0.33 kernel_cpus=6.26 busy_cpus=6.59 overall_wall_s=5606.98 overall_user_pct=4.13 overall_kernel_pct=77.05 overall_idle_pct=18.81 overall_busy_cpus=6.50
   Compiling log v0.4.33
   Compiling byteorder v1.5.0
   Compiling bitflags v2.13.0
BUILDSTORM_GLOBAL phase=arceos_build event=sample_71 online_cpus=8 wall_s=5526.28 capacity_s=44210.22 user_s=1968.49 kernel_s=34456.10 idle_s=7785.62 user_pct=4.45 kernel_pct=77.94 idle_pct=17.61 user_cpus=0.36 kernel_cpus=6.23 busy_cpus=6.59 overall_wall_s=5637.38 overall_user_pct=4.49 overall_kernel_pct=76.75 overall_idle_pct=18.76 overall_busy_cpus=6.50
   Compiling rdif-def v0.3.0 (/work/tgoskits/drivers/interface/rdif-def)
   Compiling as-any v0.3.2
   Compiling stable_deref_trait v1.2.1
BUILDSTORM_GLOBAL phase=arceos_build event=sample_72 online_cpus=8 wall_s=5563.35 capacity_s=44506.82 user_s=2000.38 kernel_s=34714.80 idle_s=7791.65 user_pct=4.49 kernel_pct=78.00 idle_pct=17.51 user_cpus=0.36 kernel_cpus=6.24 busy_cpus=6.60 overall_wall_s=5674.45 overall_user_pct=4.53 overall_kernel_pct=76.82 overall_idle_pct=18.65 overall_busy_cpus=6.51
BUILDSTORM_GLOBAL phase=arceos_build event=sample_73 online_cpus=8 wall_s=5612.11 capacity_s=44896.89 user_s=2012.65 kernel_s=35087.28 idle_s=7796.96 user_pct=4.48 kernel_pct=78.15 idle_pct=17.37 user_cpus=0.36 kernel_cpus=6.25 busy_cpus=6.61 overall_wall_s=5723.21 overall_user_pct=4.52 overall_kernel_pct=76.98 overall_idle_pct=18.51 overall_busy_cpus=6.52
BUILDSTORM_GLOBAL phase=arceos_build event=sample_74 online_cpus=8 wall_s=5674.57 capacity_s=45396.55 user_s=2021.17 kernel_s=35571.41 idle_s=7803.97 user_pct=4.45 kernel_pct=78.36 idle_pct=17.19 user_cpus=0.36 kernel_cpus=6.27 busy_cpus=6.62 overall_wall_s=5785.67 overall_user_pct=4.49 overall_kernel_pct=77.19 overall_idle_pct=18.32 overall_busy_cpus=6.53
   Compiling hash32 v0.3.1
BUILDSTORM_GLOBAL phase=arceos_build event=sample_75 online_cpus=8 wall_s=5779.34 capacity_s=46234.71 user_s=2035.46 kernel_s=36392.62 idle_s=7806.64 user_pct=4.40 kernel_pct=78.71 idle_pct=16.88 user_cpus=0.35 kernel_cpus=6.30 busy_cpus=6.65 overall_wall_s=5890.44 overall_user_pct=4.44 overall_kernel_pct=77.56 overall_idle_pct=18.00 overall_busy_cpus=6.56
BUILDSTORM_GLOBAL phase=arceos_build event=sample_76 online_cpus=8 wall_s=5949.52 capacity_s=47596.19 user_s=2063.45 kernel_s=37723.59 idle_s=7809.15 user_pct=4.34 kernel_pct=79.26 idle_pct=16.41 user_cpus=0.35 kernel_cpus=6.34 busy_cpus=6.69 overall_wall_s=6060.62 overall_user_pct=4.37 overall_kernel_pct=78.13 overall_idle_pct=17.50 overall_busy_cpus=6.60
   Compiling scopeguard v1.2.0
BUILDSTORM_GLOBAL phase=arceos_build event=sample_77 online_cpus=8 wall_s=6064.20 capacity_s=48513.62 user_s=2079.72 kernel_s=38620.85 idle_s=7813.05 user_pct=4.29 kernel_pct=79.61 idle_pct=16.10 user_cpus=0.34 kernel_cpus=6.37 busy_cpus=6.71 overall_wall_s=6175.30 overall_user_pct=4.32 overall_kernel_pct=78.50 overall_idle_pct=17.18 overall_busy_cpus=6.63
   Compiling bit_field v0.10.3
BUILDSTORM_GLOBAL phase=arceos_build event=sample_78 online_cpus=8 wall_s=6204.49 capacity_s=49635.95 user_s=2096.48 kernel_s=39722.56 idle_s=7816.91 user_pct=4.22 kernel_pct=80.03 idle_pct=15.75 user_cpus=0.34 kernel_cpus=6.40 busy_cpus=6.74 overall_wall_s=6315.59 overall_user_pct=4.26 overall_kernel_pct=78.93 overall_idle_pct=16.81 overall_busy_cpus=6.66
BUILDSTORM_GLOBAL phase=arceos_build event=sample_79 online_cpus=8 wall_s=6321.46 capacity_s=50571.69 user_s=2115.01 kernel_s=40638.12 idle_s=7818.56 user_pct=4.18 kernel_pct=80.36 idle_pct=15.46 user_cpus=0.33 kernel_cpus=6.43 busy_cpus=6.76 overall_wall_s=6432.56 overall_user_pct=4.22 overall_kernel_pct=79.28 overall_idle_pct=16.51 overall_busy_cpus=6.68
BUILDSTORM_GLOBAL phase=arceos_build event=sample_80 online_cpus=8 wall_s=6440.80 capacity_s=51526.38 user_s=2130.77 kernel_s=41574.27 idle_s=7821.34 user_pct=4.14 kernel_pct=80.69 idle_pct=15.18 user_cpus=0.33 kernel_cpus=6.45 busy_cpus=6.79 overall_wall_s=6551.90 overall_user_pct=4.17 overall_kernel_pct=79.62 overall_idle_pct=16.21 overall_busy_cpus=6.70
   Compiling ax-kernel-guard v0.3.11 (/work/tgoskits/components/kernel_guard)
BUILDSTORM_GLOBAL phase=arceos_build event=sample_81 online_cpus=8 wall_s=6569.62 capacity_s=52556.94 user_s=2143.06 kernel_s=42589.76 idle_s=7824.12 user_pct=4.08 kernel_pct=81.04 idle_pct=14.89 user_cpus=0.33 kernel_cpus=6.48 busy_cpus=6.81 overall_wall_s=6680.72 overall_user_pct=4.11 overall_kernel_pct=79.98 overall_idle_pct=15.90 overall_busy_cpus=6.73
BUILDSTORM_GLOBAL phase=arceos_build event=sample_82 online_cpus=8 wall_s=6656.86 capacity_s=53254.86 user_s=2153.44 kernel_s=43272.28 idle_s=7829.13 user_pct=4.04 kernel_pct=81.26 idle_pct=14.70 user_cpus=0.32 kernel_cpus=6.50 busy_cpus=6.82 overall_wall_s=6767.96 overall_user_pct=4.08 overall_kernel_pct=80.21 overall_idle_pct=15.71 overall_busy_cpus=6.74
BUILDSTORM_GLOBAL phase=arceos_build event=sample_83 online_cpus=8 wall_s=6775.91 capacity_s=54207.26 user_s=2167.93 kernel_s=44203.57 idle_s=7835.76 user_pct=4.00 kernel_pct=81.55 idle_pct=14.46 user_cpus=0.32 kernel_cpus=6.52 busy_cpus=6.84 overall_wall_s=6887.01 overall_user_pct=4.03 overall_kernel_pct=80.52 overall_idle_pct=15.45 overall_busy_cpus=6.76
BUILDSTORM_GLOBAL phase=arceos_build event=sample_84 online_cpus=8 wall_s=6886.20 capacity_s=55089.60 user_s=2181.09 kernel_s=45067.88 idle_s=7840.63 user_pct=3.96 kernel_pct=81.81 idle_pct=14.23 user_cpus=0.32 kernel_cpus=6.54 busy_cpus=6.86 overall_wall_s=6997.30 overall_user_pct=3.99 overall_kernel_pct=80.79 overall_idle_pct=15.21 overall_busy_cpus=6.78
   Compiling derive_more v2.1.1
BUILDSTORM_GLOBAL phase=arceos_build event=sample_85 online_cpus=8 wall_s=6984.45 capacity_s=55875.62 user_s=2194.42 kernel_s=45835.28 idle_s=7845.92 user_pct=3.93 kernel_pct=82.03 idle_pct=14.04 user_cpus=0.31 kernel_cpus=6.56 busy_cpus=6.88 overall_wall_s=7095.55 overall_user_pct=3.96 overall_kernel_pct=81.02 overall_idle_pct=15.01 overall_busy_cpus=6.80
   Compiling tock-registers v0.10.1
BUILDSTORM_GLOBAL phase=arceos_build event=sample_86 online_cpus=8 wall_s=7094.13 capacity_s=56753.04 user_s=2205.08 kernel_s=46697.68 idle_s=7850.29 user_pct=3.89 kernel_pct=82.28 idle_pct=13.83 user_cpus=0.31 kernel_cpus=6.58 busy_cpus=6.89 overall_wall_s=7205.23 overall_user_pct=3.92 overall_kernel_pct=81.29 overall_idle_pct=14.79 overall_busy_cpus=6.82
BUILDSTORM_GLOBAL phase=arceos_build event=sample_87 online_cpus=8 wall_s=7180.55 capacity_s=57444.38 user_s=2216.84 kernel_s=47374.68 idle_s=7852.86 user_pct=3.86 kernel_pct=82.47 idle_pct=13.67 user_cpus=0.31 kernel_cpus=6.60 busy_cpus=6.91 overall_wall_s=7291.65 overall_user_pct=3.89 overall_kernel_pct=81.48 overall_idle_pct=14.62 overall_busy_cpus=6.83
BUILDSTORM_GLOBAL phase=arceos_build event=sample_88 online_cpus=8 wall_s=7292.90 capacity_s=58343.20 user_s=2228.14 kernel_s=48258.53 idle_s=7856.53 user_pct=3.82 kernel_pct=82.71 idle_pct=13.47 user_cpus=0.31 kernel_cpus=6.62 busy_cpus=6.92 overall_wall_s=7404.00 overall_user_pct=3.85 overall_kernel_pct=81.74 overall_idle_pct=14.41 overall_busy_cpus=6.85
BUILDSTORM_GLOBAL phase=arceos_build event=sample_89 online_cpus=8 wall_s=7394.95 capacity_s=59159.61 user_s=2243.32 kernel_s=49055.02 idle_s=7861.27 user_pct=3.79 kernel_pct=82.92 idle_pct=13.29 user_cpus=0.30 kernel_cpus=6.63 busy_cpus=6.94 overall_wall_s=7506.05 overall_user_pct=3.83 overall_kernel_pct=81.96 overall_idle_pct=14.22 overall_busy_cpus=6.86
BUILDSTORM_GLOBAL phase=arceos_build event=sample_90 online_cpus=8 wall_s=7492.71 capacity_s=59941.71 user_s=2263.33 kernel_s=49810.69 idle_s=7867.70 user_pct=3.78 kernel_pct=83.10 idle_pct=13.13 user_cpus=0.30 kernel_cpus=6.65 busy_cpus=6.95 overall_wall_s=7603.81 overall_user_pct=3.81 overall_kernel_pct=82.14 overall_idle_pct=14.04 overall_busy_cpus=6.88
BUILDSTORM_GLOBAL phase=arceos_build event=sample_91 online_cpus=8 wall_s=7578.41 capacity_s=60627.27 user_s=2275.38 kernel_s=50479.22 idle_s=7872.67 user_pct=3.75 kernel_pct=83.26 idle_pct=12.99 user_cpus=0.30 kernel_cpus=6.66 busy_cpus=6.96 overall_wall_s=7689.51 overall_user_pct=3.79 overall_kernel_pct=82.32 overall_idle_pct=13.90 overall_busy_cpus=6.89
   Compiling rdif-base v0.8.3 (/work/tgoskits/drivers/interface/rdif-base)
BUILDSTORM_GLOBAL phase=arceos_build event=sample_92 online_cpus=8 wall_s=7645.57 capacity_s=61164.60 user_s=2283.64 kernel_s=51002.19 idle_s=7878.77 user_pct=3.73 kernel_pct=83.39 idle_pct=12.88 user_cpus=0.30 kernel_cpus=6.67 busy_cpus=6.97 overall_wall_s=7756.67 overall_user_pct=3.77 overall_kernel_pct=82.45 overall_idle_pct=13.79 overall_busy_cpus=6.90
   Compiling lock_api v0.4.14
BUILDSTORM_GLOBAL phase=arceos_build event=sample_93 online_cpus=8 wall_s=7733.71 capacity_s=61869.71 user_s=2294.85 kernel_s=51689.70 idle_s=7885.16 user_pct=3.71 kernel_pct=83.55 idle_pct=12.74 user_cpus=0.30 kernel_cpus=6.68 busy_cpus=6.98 overall_wall_s=7844.81 overall_user_pct=3.74 overall_kernel_pct=82.61 overall_idle_pct=13.64 overall_busy_cpus=6.91
BUILDSTORM_GLOBAL phase=arceos_build event=sample_94 online_cpus=8 wall_s=7808.11 capacity_s=62464.92 user_s=2302.21 kernel_s=52274.02 idle_s=7888.69 user_pct=3.69 kernel_pct=83.69 idle_pct=12.63 user_cpus=0.29 kernel_cpus=6.69 busy_cpus=6.99 overall_wall_s=7919.21 overall_user_pct=3.72 overall_kernel_pct=82.76 overall_idle_pct=13.52 overall_busy_cpus=6.92
   Compiling ax-kspin v0.3.15 (/work/tgoskits/components/kspin)
BUILDSTORM_GLOBAL phase=arceos_build event=sample_95 online_cpus=8 wall_s=7896.10 capacity_s=63168.81 user_s=2309.62 kernel_s=52967.18 idle_s=7892.02 user_pct=3.66 kernel_pct=83.85 idle_pct=12.49 user_cpus=0.29 kernel_cpus=6.71 busy_cpus=7.00 overall_wall_s=8007.20 overall_user_pct=3.69 overall_kernel_pct=82.93 overall_idle_pct=13.38 overall_busy_cpus=6.93
BUILDSTORM_GLOBAL phase=arceos_build event=sample_96 online_cpus=8 wall_s=7980.17 capacity_s=63841.37 user_s=2319.98 kernel_s=53626.70 idle_s=7894.69 user_pct=3.63 kernel_pct=84.00 idle_pct=12.37 user_cpus=0.29 kernel_cpus=6.72 busy_cpus=7.01 overall_wall_s=8091.27 overall_user_pct=3.67 overall_kernel_pct=83.09 overall_idle_pct=13.24 overall_busy_cpus=6.94
   Compiling pci_types v0.10.1
BUILDSTORM_GLOBAL phase=arceos_build event=sample_97 online_cpus=8 wall_s=8077.40 capacity_s=64619.21 user_s=2327.90 kernel_s=54391.83 idle_s=7899.48 user_pct=3.60 kernel_pct=84.17 idle_pct=12.22 user_cpus=0.29 kernel_cpus=6.73 busy_cpus=7.02 overall_wall_s=8188.50 overall_user_pct=3.64 overall_kernel_pct=83.27 overall_idle_pct=13.09 overall_busy_cpus=6.95
BUILDSTORM_GLOBAL phase=arceos_build event=sample_98 online_cpus=8 wall_s=8167.94 capacity_s=65343.52 user_s=2340.33 kernel_s=55098.58 idle_s=7904.61 user_pct=3.58 kernel_pct=84.32 idle_pct=12.10 user_cpus=0.29 kernel_cpus=6.75 busy_cpus=7.03 overall_wall_s=8279.04 overall_user_pct=3.62 overall_kernel_pct=83.43 overall_idle_pct=12.96 overall_busy_cpus=6.96
BUILDSTORM_GLOBAL phase=arceos_build event=sample_99 online_cpus=8 wall_s=8258.71 capacity_s=66069.69 user_s=2352.69 kernel_s=55808.95 idle_s=7908.04 user_pct=3.56 kernel_pct=84.47 idle_pct=11.97 user_cpus=0.28 kernel_cpus=6.76 busy_cpus=7.04 overall_wall_s=8369.81 overall_user_pct=3.60 overall_kernel_pct=83.58 overall_idle_pct=12.82 overall_busy_cpus=6.97
BUILDSTORM_GLOBAL phase=arceos_build event=sample_100 online_cpus=8 wall_s=8342.97 capacity_s=66743.77 user_s=2363.29 kernel_s=56466.32 idle_s=7914.17 user_pct=3.54 kernel_pct=84.60 idle_pct=11.86 user_cpus=0.28 kernel_cpus=6.77 busy_cpus=7.05 overall_wall_s=8454.07 overall_user_pct=3.58 overall_kernel_pct=83.72 overall_idle_pct=12.70 overall_busy_cpus=6.98
BUILDSTORM_GLOBAL phase=arceos_build event=sample_101 online_cpus=8 wall_s=8419.80 capacity_s=67358.41 user_s=2376.91 kernel_s=57061.02 idle_s=7920.48 user_pct=3.53 kernel_pct=84.71 idle_pct=11.76 user_cpus=0.28 kernel_cpus=6.78 busy_cpus=7.06 overall_wall_s=8530.90 overall_user_pct=3.56 overall_kernel_pct=83.84 overall_idle_pct=12.60 overall_busy_cpus=6.99
BUILDSTORM_GLOBAL phase=arceos_build event=sample_102 online_cpus=8 wall_s=8512.72 capacity_s=68101.79 user_s=2390.39 kernel_s=57786.22 idle_s=7925.18 user_pct=3.51 kernel_pct=84.85 idle_pct=11.64 user_cpus=0.28 kernel_cpus=6.79 busy_cpus=7.07 overall_wall_s=8623.82 overall_user_pct=3.54 overall_kernel_pct=83.99 overall_idle_pct=12.47 overall_busy_cpus=7.00
BUILDSTORM_GLOBAL phase=arceos_build event=sample_103 online_cpus=8 wall_s=8609.93 capacity_s=68879.42 user_s=2405.66 kernel_s=58545.54 idle_s=7928.22 user_pct=3.49 kernel_pct=85.00 idle_pct=11.51 user_cpus=0.28 kernel_cpus=6.80 busy_cpus=7.08 overall_wall_s=8721.03 overall_user_pct=3.53 overall_kernel_pct=84.14 overall_idle_pct=12.33 overall_busy_cpus=7.01
   Compiling irq-framework v0.3.0 (/work/tgoskits/components/irq-framework)
BUILDSTORM_GLOBAL phase=arceos_build event=sample_104 online_cpus=8 wall_s=8677.34 capacity_s=69418.76 user_s=2418.24 kernel_s=59067.15 idle_s=7933.37 user_pct=3.48 kernel_pct=85.09 idle_pct=11.43 user_cpus=0.28 kernel_cpus=6.81 busy_cpus=7.09 overall_wall_s=8788.44 overall_user_pct=3.52 overall_kernel_pct=84.24 overall_idle_pct=12.25 overall_busy_cpus=7.02
BUILDSTORM_GLOBAL phase=arceos_build event=sample_105 online_cpus=8 wall_s=8729.20 capacity_s=69833.57 user_s=2426.16 kernel_s=59469.56 idle_s=7937.84 user_pct=3.47 kernel_pct=85.16 idle_pct=11.37 user_cpus=0.28 kernel_cpus=6.81 busy_cpus=7.09 overall_wall_s=8840.30 overall_user_pct=3.51 overall_kernel_pct=84.31 overall_idle_pct=12.18 overall_busy_cpus=7.03
   Compiling ax-memory-addr v0.6.9 (/work/tgoskits/memory/memory_addr)
   Compiling mmio-api v0.2.2 (/work/tgoskits/memory/mmio-api)
BUILDSTORM_GLOBAL phase=arceos_build event=sample_106 online_cpus=8 wall_s=8778.86 capacity_s=70230.86 user_s=2435.34 kernel_s=59850.84 idle_s=7944.68 user_pct=3.47 kernel_pct=85.22 idle_pct=11.31 user_cpus=0.28 kernel_cpus=6.82 busy_cpus=7.10 overall_wall_s=8889.96 overall_user_pct=3.50 overall_kernel_pct=84.38 overall_idle_pct=12.12 overall_busy_cpus=7.03
BUILDSTORM_GLOBAL phase=arceos_build event=sample_107 online_cpus=8 wall_s=8842.40 capacity_s=70739.19 user_s=2440.67 kernel_s=60343.57 idle_s=7954.94 user_pct=3.45 kernel_pct=85.30 idle_pct=11.25 user_cpus=0.28 kernel_cpus=6.82 busy_cpus=7.10 overall_wall_s=8953.50 overall_user_pct=3.48 overall_kernel_pct=84.47 overall_idle_pct=12.05 overall_busy_cpus=7.04
   Compiling spin v0.12.0
BUILDSTORM_GLOBAL phase=arceos_build event=sample_108 online_cpus=8 wall_s=8907.81 capacity_s=71262.49 user_s=2452.22 kernel_s=60848.74 idle_s=7961.54 user_pct=3.44 kernel_pct=85.39 idle_pct=11.17 user_cpus=0.28 kernel_cpus=6.83 busy_cpus=7.11 overall_wall_s=9018.91 overall_user_pct=3.48 overall_kernel_pct=84.55 overall_idle_pct=11.97 overall_busy_cpus=7.04
   Compiling spinning_top v0.3.0
BUILDSTORM_GLOBAL phase=arceos_build event=sample_109 online_cpus=8 wall_s=8968.53 capacity_s=71748.23 user_s=2458.25 kernel_s=61322.13 idle_s=7967.85 user_pct=3.43 kernel_pct=85.47 idle_pct=11.11 user_cpus=0.27 kernel_cpus=6.84 busy_cpus=7.11 overall_wall_s=9079.63 overall_user_pct=3.46 overall_kernel_pct=84.64 overall_idle_pct=11.90 overall_busy_cpus=7.05
   Compiling futures-core v0.3.32
BUILDSTORM_GLOBAL phase=arceos_build event=sample_110 online_cpus=8 wall_s=9043.38 capacity_s=72347.07 user_s=2466.82 kernel_s=61909.55 idle_s=7970.71 user_pct=3.41 kernel_pct=85.57 idle_pct=11.02 user_cpus=0.27 kernel_cpus=6.85 busy_cpus=7.12 overall_wall_s=9154.48 overall_user_pct=3.44 overall_kernel_pct=84.75 overall_idle_pct=11.81 overall_busy_cpus=7.06
BUILDSTORM_GLOBAL phase=arceos_build event=sample_111 online_cpus=8 wall_s=9129.27 capacity_s=73034.18 user_s=2477.73 kernel_s=62582.77 idle_s=7973.68 user_pct=3.39 kernel_pct=85.69 idle_pct=10.92 user_cpus=0.27 kernel_cpus=6.86 busy_cpus=7.13 overall_wall_s=9240.37 overall_user_pct=3.43 overall_kernel_pct=84.87 overall_idle_pct=11.70 overall_busy_cpus=7.06
BUILDSTORM_GLOBAL phase=arceos_build event=sample_112 online_cpus=8 wall_s=9216.96 capacity_s=73735.70 user_s=2488.03 kernel_s=63269.88 idle_s=7977.79 user_pct=3.37 kernel_pct=85.81 idle_pct=10.82 user_cpus=0.27 kernel_cpus=6.86 busy_cpus=7.13 overall_wall_s=9328.06 overall_user_pct=3.41 overall_kernel_pct=85.00 overall_idle_pct=11.60 overall_busy_cpus=7.07
BUILDSTORM_GLOBAL phase=arceos_build event=sample_113 online_cpus=8 wall_s=9281.23 capacity_s=74249.84 user_s=2496.77 kernel_s=63768.86 idle_s=7984.21 user_pct=3.36 kernel_pct=85.88 idle_pct=10.75 user_cpus=0.27 kernel_cpus=6.87 busy_cpus=7.14 overall_wall_s=9392.33 overall_user_pct=3.40 overall_kernel_pct=85.08 overall_idle_pct=11.53 overall_busy_cpus=7.08
BUILDSTORM_GLOBAL phase=arceos_build event=sample_114 online_cpus=8 wall_s=9329.44 capacity_s=74635.51 user_s=2513.85 kernel_s=64129.50 idle_s=7992.16 user_pct=3.37 kernel_pct=85.92 idle_pct=10.71 user_cpus=0.27 kernel_cpus=6.87 busy_cpus=7.14 overall_wall_s=9440.54 overall_user_pct=3.40 overall_kernel_pct=85.12 overall_idle_pct=11.48 overall_busy_cpus=7.08
   Compiling rdif-msi v0.2.0 (/work/tgoskits/drivers/interface/rdif-msi)
BUILDSTORM_GLOBAL phase=arceos_build event=sample_115 online_cpus=8 wall_s=9368.13 capacity_s=74945.04 user_s=2532.12 kernel_s=64403.66 idle_s=8009.27 user_pct=3.38 kernel_pct=85.93 idle_pct=10.69 user_cpus=0.27 kernel_cpus=6.87 busy_cpus=7.15 overall_wall_s=9479.23 overall_user_pct=3.41 overall_kernel_pct=85.14 overall_idle_pct=11.45 overall_busy_cpus=7.08
   Compiling fdt-raw v0.3.0
   Compiling rdif-pcie v0.2.5 (/work/tgoskits/drivers/interface/rdif-pcie)
   Compiling acpi v6.1.1
BUILDSTORM_GLOBAL phase=arceos_build event=sample_116 online_cpus=8 wall_s=9407.55 capacity_s=75260.37 user_s=2539.77 kernel_s=64692.95 idle_s=8027.65 user_pct=3.37 kernel_pct=85.96 idle_pct=10.67 user_cpus=0.27 kernel_cpus=6.88 busy_cpus=7.15 overall_wall_s=9518.65 overall_user_pct=3.41 overall_kernel_pct=85.16 overall_idle_pct=11.43 overall_busy_cpus=7.09
   Compiling strum v0.27.2
BUILDSTORM_GLOBAL phase=arceos_build event=sample_117 online_cpus=8 wall_s=9473.16 capacity_s=75785.30 user_s=2542.09 kernel_s=65206.33 idle_s=8036.88 user_pct=3.35 kernel_pct=86.04 idle_pct=10.60 user_cpus=0.27 kernel_cpus=6.88 busy_cpus=7.15 overall_wall_s=9584.26 overall_user_pct=3.39 overall_kernel_pct=85.25 overall_idle_pct=11.36 overall_busy_cpus=7.09
   Compiling futures-sink v0.3.32
   Compiling rdif-clk v0.5.4 (/work/tgoskits/drivers/interface/rdif-clk)
BUILDSTORM_GLOBAL phase=arceos_build event=sample_118 online_cpus=8 wall_s=9556.77 capacity_s=76454.13 user_s=2547.05 kernel_s=65861.74 idle_s=8045.34 user_pct=3.33 kernel_pct=86.15 idle_pct=10.52 user_cpus=0.27 kernel_cpus=6.89 busy_cpus=7.16 overall_wall_s=9667.87 overall_user_pct=3.36 overall_kernel_pct=85.36 overall_idle_pct=11.28 overall_busy_cpus=7.10
BUILDSTORM_GLOBAL phase=arceos_build event=sample_119 online_cpus=8 wall_s=9631.34 capacity_s=77050.70 user_s=2550.94 kernel_s=66444.58 idle_s=8055.19 user_pct=3.31 kernel_pct=86.23 idle_pct=10.45 user_cpus=0.26 kernel_cpus=6.90 busy_cpus=7.16 overall_wall_s=9742.44 overall_user_pct=3.34 overall_kernel_pct=85.45 overall_idle_pct=11.20 overall_busy_cpus=7.10
   Compiling rdif-power v0.8.0 (/work/tgoskits/drivers/interface/rdif-power)
BUILDSTORM_GLOBAL phase=arceos_build event=sample_120 online_cpus=8 wall_s=9706.84 capacity_s=77654.72 user_s=2556.43 kernel_s=67033.30 idle_s=8064.99 user_pct=3.29 kernel_pct=86.32 idle_pct=10.39 user_cpus=0.26 kernel_cpus=6.91 busy_cpus=7.17 overall_wall_s=9817.94 overall_user_pct=3.32 overall_kernel_pct=85.55 overall_idle_pct=11.13 overall_busy_cpus=7.11
BUILDSTORM_GLOBAL phase=arceos_build event=sample_121 online_cpus=8 wall_s=9776.24 capacity_s=78209.90 user_s=2560.60 kernel_s=67569.77 idle_s=8079.53 user_pct=3.27 kernel_pct=86.40 idle_pct=10.33 user_cpus=0.26 kernel_cpus=6.91 busy_cpus=7.17 overall_wall_s=9887.34 overall_user_pct=3.31 overall_kernel_pct=85.62 overall_idle_pct=11.07 overall_busy_cpus=7.11
BUILDSTORM_GLOBAL phase=arceos_build event=sample_122 online_cpus=8 wall_s=9843.27 capacity_s=78746.16 user_s=2565.52 kernel_s=68087.39 idle_s=8093.25 user_pct=3.26 kernel_pct=86.46 idle_pct=10.28 user_cpus=0.26 kernel_cpus=6.92 busy_cpus=7.18 overall_wall_s=9954.37 overall_user_pct=3.29 overall_kernel_pct=85.70 overall_idle_pct=11.01 overall_busy_cpus=7.12
BUILDSTORM_GLOBAL phase=arceos_build event=sample_123 online_cpus=8 wall_s=9893.96 capacity_s=79151.70 user_s=2571.64 kernel_s=68477.68 idle_s=8102.38 user_pct=3.25 kernel_pct=86.51 idle_pct=10.24 user_cpus=0.26 kernel_cpus=6.92 busy_cpus=7.18 overall_wall_s=10005.06 overall_user_pct=3.28 overall_kernel_pct=85.75 overall_idle_pct=10.97 overall_busy_cpus=7.12
   Compiling rdif-reset v0.1.0 (/work/tgoskits/drivers/interface/rdif-reset)
BUILDSTORM_GLOBAL phase=arceos_build event=sample_124 online_cpus=8 wall_s=9936.97 capacity_s=79495.77 user_s=2582.10 kernel_s=68795.77 idle_s=8117.90 user_pct=3.25 kernel_pct=86.54 idle_pct=10.21 user_cpus=0.26 kernel_cpus=6.92 busy_cpus=7.18 overall_wall_s=10048.07 overall_user_pct=3.28 overall_kernel_pct=85.78 overall_idle_pct=10.94 overall_busy_cpus=7.12
   Compiling futures-task v0.3.32
BUILDSTORM_GLOBAL phase=arceos_build event=sample_125 online_cpus=8 wall_s=9972.66 capacity_s=79781.25 user_s=2605.74 kernel_s=69040.15 idle_s=8135.36 user_pct=3.27 kernel_pct=86.54 idle_pct=10.20 user_cpus=0.26 kernel_cpus=6.92 busy_cpus=7.18 overall_wall_s=10083.76 overall_user_pct=3.30 overall_kernel_pct=85.78 overall_idle_pct=10.92 overall_busy_cpus=7.13
   Compiling fdt-edit v0.2.3
   Compiling pcie v0.6.7 (/work/tgoskits/drivers/pci/pcie)
BUILDSTORM_GLOBAL phase=arceos_build event=sample_126 online_cpus=8 wall_s=10009.52 capacity_s=80076.15 user_s=2645.05 kernel_s=69286.21 idle_s=8144.89 user_pct=3.30 kernel_pct=86.53 idle_pct=10.17 user_cpus=0.26 kernel_cpus=6.92 busy_cpus=7.19 overall_wall_s=10120.62 overall_user_pct=3.33 overall_kernel_pct=85.77 overall_idle_pct=10.89 overall_busy_cpus=7.13
   Compiling slab v0.4.12
   Compiling pin-project-lite v0.2.17
BUILDSTORM_GLOBAL phase=arceos_build event=sample_127 online_cpus=8 wall_s=10045.93 capacity_s=80367.42 user_s=2677.98 kernel_s=69530.69 idle_s=8158.74 user_pct=3.33 kernel_pct=86.52 idle_pct=10.15 user_cpus=0.27 kernel_cpus=6.92 busy_cpus=7.19 overall_wall_s=10157.03 overall_user_pct=3.36 overall_kernel_pct=85.76 overall_idle_pct=10.87 overall_busy_cpus=7.13
   Compiling futures-channel v0.3.32
   Compiling rdif-intc v0.15.0 (/work/tgoskits/drivers/interface/rdif-intc)
BUILDSTORM_GLOBAL phase=arceos_build event=sample_128 online_cpus=8 wall_s=10080.82 capacity_s=80646.55 user_s=2720.69 kernel_s=69750.68 idle_s=8175.18 user_pct=3.37 kernel_pct=86.49 idle_pct=10.14 user_cpus=0.27 kernel_cpus=6.92 busy_cpus=7.19 overall_wall_s=10191.92 overall_user_pct=3.40 overall_kernel_pct=85.74 overall_idle_pct=10.86 overall_busy_cpus=7.13
   Compiling tap v1.0.1
   Compiling futures-util v0.3.32
   Compiling rdif-pinctrl v0.1.2 (/work/tgoskits/drivers/interface/rdif-pinctrl)
BUILDSTORM_GLOBAL phase=arceos_build event=sample_129 online_cpus=8 wall_s=10115.41 capacity_s=80923.25 user_s=2770.90 kernel_s=69965.07 idle_s=8187.27 user_pct=3.42 kernel_pct=86.46 idle_pct=10.12 user_cpus=0.27 kernel_cpus=6.92 busy_cpus=7.19 overall_wall_s=10226.50 overall_user_pct=3.45 overall_kernel_pct=85.71 overall_idle_pct=10.83 overall_busy_cpus=7.13
   Compiling arrayvec v0.7.7
   Compiling futures-io v0.3.32
BUILDSTORM_GLOBAL phase=arceos_build event=sample_130 online_cpus=8 wall_s=10161.62 capacity_s=81292.95 user_s=2802.48 kernel_s=70295.40 idle_s=8195.07 user_pct=3.45 kernel_pct=86.47 idle_pct=10.08 user_cpus=0.28 kernel_cpus=6.92 busy_cpus=7.19 overall_wall_s=10272.72 overall_user_pct=3.48 overall_kernel_pct=85.73 overall_idle_pct=10.79 overall_busy_cpus=7.14
   Compiling wyz v0.5.1
BUILDSTORM_GLOBAL phase=arceos_build event=sample_131 online_cpus=8 wall_s=10211.63 capacity_s=81693.01 user_s=2830.81 kernel_s=70661.77 idle_s=8200.42 user_pct=3.47 kernel_pct=86.50 idle_pct=10.04 user_cpus=0.28 kernel_cpus=6.92 busy_cpus=7.20 overall_wall_s=10322.72 overall_user_pct=3.49 overall_kernel_pct=85.76 overall_idle_pct=10.75 overall_busy_cpus=7.14
BUILDSTORM_GLOBAL phase=arceos_build event=sample_132 online_cpus=8 wall_s=10251.98 capacity_s=82015.86 user_s=2847.08 kernel_s=70959.13 idle_s=8209.65 user_pct=3.47 kernel_pct=86.52 idle_pct=10.01 user_cpus=0.28 kernel_cpus=6.92 busy_cpus=7.20 overall_wall_s=10363.08 overall_user_pct=3.50 overall_kernel_pct=85.78 overall_idle_pct=10.72 overall_busy_cpus=7.14
BUILDSTORM_GLOBAL phase=arceos_build event=sample_133 online_cpus=8 wall_s=10291.35 capacity_s=82330.83 user_s=2866.70 kernel_s=71247.12 idle_s=8217.01 user_pct=3.48 kernel_pct=86.54 idle_pct=9.98 user_cpus=0.28 kernel_cpus=6.92 busy_cpus=7.20 overall_wall_s=10402.45 overall_user_pct=3.51 overall_kernel_pct=85.80 overall_idle_pct=10.69 overall_busy_cpus=7.15
BUILDSTORM_GLOBAL phase=arceos_build event=sample_134 online_cpus=8 wall_s=10336.41 capacity_s=82691.26 user_s=2883.22 kernel_s=71585.89 idle_s=8222.16 user_pct=3.49 kernel_pct=86.57 idle_pct=9.94 user_cpus=0.28 kernel_cpus=6.93 busy_cpus=7.20 overall_wall_s=10447.51 overall_user_pct=3.52 overall_kernel_pct=85.84 overall_idle_pct=10.65 overall_busy_cpus=7.15
   Compiling riscv-types v0.1.0
   Compiling rdrive v0.23.6 (/work/tgoskits/drivers/rdrive)
BUILDSTORM_GLOBAL phase=arceos_build event=sample_135 online_cpus=8 wall_s=10376.67 capacity_s=83013.36 user_s=2936.00 kernel_s=71852.80 idle_s=8224.57 user_pct=3.54 kernel_pct=86.56 idle_pct=9.91 user_cpus=0.28 kernel_cpus=6.92 busy_cpus=7.21 overall_wall_s=10487.77 overall_user_pct=3.56 overall_kernel_pct=85.83 overall_idle_pct=10.61 overall_busy_cpus=7.15
   Compiling embedded-hal v1.0.0
   Compiling const-default v1.0.0
BUILDSTORM_GLOBAL phase=arceos_build event=sample_136 online_cpus=8 wall_s=10416.62 capacity_s=83332.97 user_s=2975.61 kernel_s=72129.80 idle_s=8227.56 user_pct=3.57 kernel_pct=86.56 idle_pct=9.87 user_cpus=0.29 kernel_cpus=6.92 busy_cpus=7.21 overall_wall_s=10527.72 overall_user_pct=3.60 overall_kernel_pct=85.83 overall_idle_pct=10.57 overall_busy_cpus=7.15
   Compiling critical-section v1.2.0
BUILDSTORM_GLOBAL phase=arceos_build event=sample_137 online_cpus=8 wall_s=10470.43 capacity_s=83763.43 user_s=2991.32 kernel_s=72542.23 idle_s=8229.88 user_pct=3.57 kernel_pct=86.60 idle_pct=9.83 user_cpus=0.29 kernel_cpus=6.93 busy_cpus=7.21 overall_wall_s=10581.53 overall_user_pct=3.60 overall_kernel_pct=85.88 overall_idle_pct=10.52 overall_busy_cpus=7.16
BUILDSTORM_GLOBAL phase=arceos_build event=sample_138 online_cpus=8 wall_s=10519.65 capacity_s=84157.23 user_s=3010.09 kernel_s=72910.14 idle_s=8237.00 user_pct=3.58 kernel_pct=86.64 idle_pct=9.79 user_cpus=0.29 kernel_cpus=6.93 busy_cpus=7.22 overall_wall_s=10630.75 overall_user_pct=3.60 overall_kernel_pct=85.92 overall_idle_pct=10.48 overall_busy_cpus=7.16
   Compiling bytemuck v1.25.0
   Compiling const-str v1.1.0
   Compiling funty v2.0.0
   Compiling num-align v0.1.0
BUILDSTORM_GLOBAL phase=arceos_build event=sample_139 online_cpus=8 wall_s=10562.26 capacity_s=84498.06 user_s=3084.55 kernel_s=73161.46 idle_s=8252.05 user_pct=3.65 kernel_pct=86.58 idle_pct=9.77 user_cpus=0.29 kernel_cpus=6.93 busy_cpus=7.22 overall_wall_s=10673.36 overall_user_pct=3.68 overall_kernel_pct=85.87 overall_idle_pct=10.46 overall_busy_cpus=7.16
   Compiling rlsf v0.2.2
BUILDSTORM_GLOBAL phase=arceos_build event=sample_140 online_cpus=8 wall_s=10605.34 capacity_s=84842.74 user_s=3120.42 kernel_s=73463.35 idle_s=8258.97 user_pct=3.68 kernel_pct=86.59 idle_pct=9.73 user_cpus=0.29 kernel_cpus=6.93 busy_cpus=7.22 overall_wall_s=10716.44 overall_user_pct=3.70 overall_kernel_pct=85.87 overall_idle_pct=10.42 overall_busy_cpus=7.17
   Compiling riscv v0.16.1
BUILDSTORM_GLOBAL phase=arceos_build event=sample_141 online_cpus=8 wall_s=10642.54 capacity_s=85140.29 user_s=3159.61 kernel_s=73709.34 idle_s=8271.34 user_pct=3.71 kernel_pct=86.57 idle_pct=9.71 user_cpus=0.30 kernel_cpus=6.93 busy_cpus=7.22 overall_wall_s=10753.64 overall_user_pct=3.74 overall_kernel_pct=85.86 overall_idle_pct=10.40 overall_busy_cpus=7.17
   Compiling futures v0.3.32
   Compiling rgb v0.8.53
BUILDSTORM_GLOBAL phase=arceos_build event=sample_142 online_cpus=8 wall_s=10676.76 capacity_s=85414.07 user_s=3201.86 kernel_s=73934.16 idle_s=8278.06 user_pct=3.75 kernel_pct=86.56 idle_pct=9.69 user_cpus=0.30 kernel_cpus=6.92 busy_cpus=7.22 overall_wall_s=10787.86 overall_user_pct=3.77 overall_kernel_pct=85.85 overall_idle_pct=10.37 overall_busy_cpus=7.17
   Compiling ax-plat v0.12.0 (/work/tgoskits/platforms/ax-plat)
BUILDSTORM_GLOBAL phase=arceos_build event=sample_143 online_cpus=8 wall_s=10714.63 capacity_s=85717.02 user_s=3246.68 kernel_s=74189.18 idle_s=8281.16 user_pct=3.79 kernel_pct=86.55 idle_pct=9.66 user_cpus=0.30 kernel_cpus=6.92 busy_cpus=7.23 overall_wall_s=10825.73 overall_user_pct=3.81 overall_kernel_pct=85.85 overall_idle_pct=10.34 overall_busy_cpus=7.17
BUILDSTORM_GLOBAL phase=arceos_build event=sample_144 online_cpus=8 wall_s=10767.72 capacity_s=86141.78 user_s=3263.36 kernel_s=74592.58 idle_s=8285.84 user_pct=3.79 kernel_pct=86.59 idle_pct=9.62 user_cpus=0.30 kernel_cpus=6.93 busy_cpus=7.23 overall_wall_s=10878.82 overall_user_pct=3.81 overall_kernel_pct=85.89 overall_idle_pct=10.30 overall_busy_cpus=7.18
BUILDSTORM_GLOBAL phase=arceos_build event=sample_145 online_cpus=8 wall_s=10826.40 capacity_s=86611.23 user_s=3283.34 kernel_s=75038.52 idle_s=8289.37 user_pct=3.79 kernel_pct=86.64 idle_pct=9.57 user_cpus=0.30 kernel_cpus=6.93 busy_cpus=7.23 overall_wall_s=10937.50 overall_user_pct=3.82 overall_kernel_pct=85.94 overall_idle_pct=10.25 overall_busy_cpus=7.18
   Compiling rdif-serial v0.9.0 (/work/tgoskits/drivers/interface/rdif-serial)
   Compiling bitvec v1.1.1
BUILDSTORM_GLOBAL phase=arceos_build event=sample_146 online_cpus=8 wall_s=10896.29 capacity_s=87170.30 user_s=3308.66 kernel_s=75566.70 idle_s=8294.94 user_pct=3.80 kernel_pct=86.69 idle_pct=9.52 user_cpus=0.30 kernel_cpus=6.94 busy_cpus=7.24 overall_wall_s=11007.39 overall_user_pct=3.82 overall_kernel_pct=85.99 overall_idle_pct=10.19 overall_busy_cpus=7.19
BUILDSTORM_GLOBAL phase=arceos_build event=sample_147 online_cpus=8 wall_s=10993.64 capacity_s=87949.12 user_s=3317.95 kernel_s=76335.85 idle_s=8295.32 user_pct=3.77 kernel_pct=86.80 idle_pct=9.43 user_cpus=0.30 kernel_cpus=6.94 busy_cpus=7.25 overall_wall_s=11104.74 overall_user_pct=3.80 overall_kernel_pct=86.10 overall_idle_pct=10.10 overall_busy_cpus=7.19
BUILDSTORM_GLOBAL phase=arceos_build event=sample_148 online_cpus=8 wall_s=11083.59 capacity_s=88668.70 user_s=3329.69 kernel_s=77042.12 idle_s=8296.89 user_pct=3.76 kernel_pct=86.89 idle_pct=9.36 user_cpus=0.30 kernel_cpus=6.95 busy_cpus=7.25 overall_wall_s=11194.69 overall_user_pct=3.78 overall_kernel_pct=86.20 overall_idle_pct=10.02 overall_busy_cpus=7.20
BUILDSTORM_GLOBAL phase=arceos_build event=sample_149 online_cpus=8 wall_s=11187.59 capacity_s=89500.73 user_s=3350.13 kernel_s=77852.53 idle_s=8298.07 user_pct=3.74 kernel_pct=86.99 idle_pct=9.27 user_cpus=0.30 kernel_cpus=6.96 busy_cpus=7.26 overall_wall_s=11298.69 overall_user_pct=3.77 overall_kernel_pct=86.30 overall_idle_pct=9.93 overall_busy_cpus=7.21
BUILDSTORM_GLOBAL phase=arceos_build event=sample_150 online_cpus=8 wall_s=11301.56 capacity_s=90412.52 user_s=3371.90 kernel_s=78741.65 idle_s=8298.97 user_pct=3.73 kernel_pct=87.09 idle_pct=9.18 user_cpus=0.30 kernel_cpus=6.97 busy_cpus=7.27 overall_wall_s=11412.66 overall_user_pct=3.75 overall_kernel_pct=86.42 overall_idle_pct=9.83 overall_busy_cpus=7.21
BUILDSTORM_GLOBAL phase=arceos_build event=sample_151 online_cpus=8 wall_s=11424.51 capacity_s=91396.07 user_s=3393.49 kernel_s=79700.37 idle_s=8302.21 user_pct=3.71 kernel_pct=87.20 idle_pct=9.08 user_cpus=0.30 kernel_cpus=6.98 busy_cpus=7.27 overall_wall_s=11535.61 overall_user_pct=3.74 overall_kernel_pct=86.53 overall_idle_pct=9.73 overall_busy_cpus=7.22
BUILDSTORM_GLOBAL phase=arceos_build event=sample_152 online_cpus=8 wall_s=11511.81 capacity_s=92094.44 user_s=3407.67 kernel_s=80383.25 idle_s=8303.52 user_pct=3.70 kernel_pct=87.28 idle_pct=9.02 user_cpus=0.30 kernel_cpus=6.98 busy_cpus=7.28 overall_wall_s=11622.90 overall_user_pct=3.72 overall_kernel_pct=86.62 overall_idle_pct=9.66 overall_busy_cpus=7.23
BUILDSTORM_GLOBAL phase=arceos_build event=sample_153 online_cpus=8 wall_s=11595.18 capacity_s=92761.42 user_s=3422.81 kernel_s=81033.59 idle_s=8305.03 user_pct=3.69 kernel_pct=87.36 idle_pct=8.95 user_cpus=0.30 kernel_cpus=6.99 busy_cpus=7.28 overall_wall_s=11706.28 overall_user_pct=3.71 overall_kernel_pct=86.70 overall_idle_pct=9.59 overall_busy_cpus=7.23
BUILDSTORM_GLOBAL phase=arceos_build event=sample_154 online_cpus=8 wall_s=11697.46 capacity_s=93579.64 user_s=3448.70 kernel_s=81824.31 idle_s=8306.63 user_pct=3.69 kernel_pct=87.44 idle_pct=8.88 user_cpus=0.29 kernel_cpus=7.00 busy_cpus=7.29 overall_wall_s=11808.55 overall_user_pct=3.71 overall_kernel_pct=86.78 overall_idle_pct=9.51 overall_busy_cpus=7.24
BUILDSTORM_GLOBAL phase=arceos_build event=sample_155 online_cpus=8 wall_s=11833.77 capacity_s=94670.14 user_s=3479.00 kernel_s=82883.90 idle_s=8307.24 user_pct=3.67 kernel_pct=87.55 idle_pct=8.77 user_cpus=0.29 kernel_cpus=7.00 busy_cpus=7.30 overall_wall_s=11944.87 overall_user_pct=3.70 overall_kernel_pct=86.90 overall_idle_pct=9.40 overall_busy_cpus=7.25
BUILDSTORM_GLOBAL phase=arceos_build event=sample_156 online_cpus=8 wall_s=11953.70 capacity_s=95629.59 user_s=3504.45 kernel_s=83817.19 idle_s=8307.95 user_pct=3.66 kernel_pct=87.65 idle_pct=8.69 user_cpus=0.29 kernel_cpus=7.01 busy_cpus=7.30 overall_wall_s=12064.80 overall_user_pct=3.69 overall_kernel_pct=87.00 overall_idle_pct=9.31 overall_busy_cpus=7.26
BUILDSTORM_GLOBAL phase=arceos_build event=sample_157 online_cpus=8 wall_s=12054.62 capacity_s=96436.94 user_s=3522.92 kernel_s=84605.01 idle_s=8309.00 user_pct=3.65 kernel_pct=87.73 idle_pct=8.62 user_cpus=0.29 kernel_cpus=7.02 busy_cpus=7.31 overall_wall_s=12165.72 overall_user_pct=3.68 overall_kernel_pct=87.09 overall_idle_pct=9.23 overall_busy_cpus=7.26
   Compiling ranges-ext v0.6.4 (/work/tgoskits/memory/ranges-ext)
BUILDSTORM_GLOBAL phase=arceos_build event=sample_158 online_cpus=8 wall_s=12136.68 capacity_s=97093.40 user_s=3543.66 kernel_s=85239.05 idle_s=8310.69 user_pct=3.65 kernel_pct=87.79 idle_pct=8.56 user_cpus=0.29 kernel_cpus=7.02 busy_cpus=7.32 overall_wall_s=12247.77 overall_user_pct=3.67 overall_kernel_pct=87.16 overall_idle_pct=9.17 overall_busy_cpus=7.27
BUILDSTORM_GLOBAL phase=arceos_build event=sample_159 online_cpus=8 wall_s=12213.10 capacity_s=97704.79 user_s=3555.86 kernel_s=85837.17 idle_s=8311.76 user_pct=3.64 kernel_pct=87.85 idle_pct=8.51 user_cpus=0.29 kernel_cpus=7.03 busy_cpus=7.32 overall_wall_s=12324.20 overall_user_pct=3.66 overall_kernel_pct=87.22 overall_idle_pct=9.12 overall_busy_cpus=7.27
BUILDSTORM_GLOBAL phase=arceos_build event=sample_160 online_cpus=8 wall_s=12291.30 capacity_s=98330.37 user_s=3567.86 kernel_s=86448.84 idle_s=8313.66 user_pct=3.63 kernel_pct=87.92 idle_pct=8.45 user_cpus=0.29 kernel_cpus=7.03 busy_cpus=7.32 overall_wall_s=12402.40 overall_user_pct=3.65 overall_kernel_pct=87.29 overall_idle_pct=9.06 overall_busy_cpus=7.28
BUILDSTORM_GLOBAL phase=arceos_build event=sample_161 online_cpus=8 wall_s=12401.19 capacity_s=99209.51 user_s=3590.15 kernel_s=87304.65 idle_s=8314.71 user_pct=3.62 kernel_pct=88.00 idle_pct=8.38 user_cpus=0.29 kernel_cpus=7.04 busy_cpus=7.33 overall_wall_s=12512.29 overall_user_pct=3.64 overall_kernel_pct=87.38 overall_idle_pct=8.98 overall_busy_cpus=7.28
   Compiling buddy-slab-allocator v0.4.6 (/work/tgoskits/memory/buddy-slab-allocator)
BUILDSTORM_GLOBAL phase=arceos_build event=sample_162 online_cpus=8 wall_s=12451.68 capacity_s=99613.41 user_s=3616.57 kernel_s=87676.00 idle_s=8320.84 user_pct=3.63 kernel_pct=88.02 idle_pct=8.35 user_cpus=0.29 kernel_cpus=7.04 busy_cpus=7.33 overall_wall_s=12562.77 overall_user_pct=3.65 overall_kernel_pct=87.39 overall_idle_pct=8.95 overall_busy_cpus=7.28
   Compiling spinning_top v0.2.5
BUILDSTORM_GLOBAL phase=arceos_build event=sample_163 online_cpus=8 wall_s=12493.09 capacity_s=99944.72 user_s=3687.99 kernel_s=87934.34 idle_s=8322.39 user_pct=3.69 kernel_pct=87.98 idle_pct=8.33 user_cpus=0.30 kernel_cpus=7.04 busy_cpus=7.33 overall_wall_s=12604.19 overall_user_pct=3.71 overall_kernel_pct=87.36 overall_idle_pct=8.92 overall_busy_cpus=7.29
   Compiling sbi-spec v0.0.9
   Compiling utf8-width v0.1.8
BUILDSTORM_GLOBAL phase=arceos_build event=sample_164 online_cpus=8 wall_s=12528.00 capacity_s=100223.98 user_s=3777.95 kernel_s=88119.74 idle_s=8326.30 user_pct=3.77 kernel_pct=87.92 idle_pct=8.31 user_cpus=0.30 kernel_cpus=7.03 busy_cpus=7.34 overall_wall_s=12639.10 overall_user_pct=3.79 overall_kernel_pct=87.31 overall_idle_pct=8.90 overall_busy_cpus=7.29
   Compiling mbarrier v0.1.3
BUILDSTORM_GLOBAL phase=arceos_build event=sample_165 online_cpus=8 wall_s=12591.08 capacity_s=100728.67 user_s=3804.15 kernel_s=88594.92 idle_s=8329.60 user_pct=3.78 kernel_pct=87.95 idle_pct=8.27 user_cpus=0.30 kernel_cpus=7.04 busy_cpus=7.34 overall_wall_s=12702.18 overall_user_pct=3.80 overall_kernel_pct=87.34 overall_idle_pct=8.86 overall_busy_cpus=7.29
BUILDSTORM_GLOBAL phase=arceos_build event=sample_166 online_cpus=8 wall_s=12641.28 capacity_s=101130.24 user_s=3842.53 kernel_s=88953.05 idle_s=8334.66 user_pct=3.80 kernel_pct=87.96 idle_pct=8.24 user_cpus=0.30 kernel_cpus=7.04 busy_cpus=7.34 overall_wall_s=12752.38 overall_user_pct=3.82 overall_kernel_pct=87.35 overall_idle_pct=8.83 overall_busy_cpus=7.29
BUILDSTORM_GLOBAL phase=arceos_build event=sample_167 online_cpus=8 wall_s=12690.45 capacity_s=101523.57 user_s=3878.24 kernel_s=89307.63 idle_s=8337.71 user_pct=3.82 kernel_pct=87.97 idle_pct=8.21 user_cpus=0.31 kernel_cpus=7.04 busy_cpus=7.34 overall_wall_s=12801.55 overall_user_pct=3.84 overall_kernel_pct=87.36 overall_idle_pct=8.80 overall_busy_cpus=7.30
   Compiling axpanic v0.1.1 (/work/tgoskits/components/axpanic)
BUILDSTORM_GLOBAL phase=arceos_build event=sample_168 online_cpus=8 wall_s=12775.85 capacity_s=102206.77 user_s=3910.04 kernel_s=89954.10 idle_s=8342.63 user_pct=3.83 kernel_pct=88.01 idle_pct=8.16 user_cpus=0.31 kernel_cpus=7.04 busy_cpus=7.35 overall_wall_s=12886.94 overall_user_pct=3.85 overall_kernel_pct=87.41 overall_idle_pct=8.75 overall_busy_cpus=7.30
BUILDSTORM_GLOBAL phase=arceos_build event=sample_169 online_cpus=8 wall_s=12824.19 capacity_s=102593.48 user_s=3937.97 kernel_s=90310.69 idle_s=8344.82 user_pct=3.84 kernel_pct=88.03 idle_pct=8.13 user_cpus=0.31 kernel_cpus=7.04 busy_cpus=7.35 overall_wall_s=12935.28 overall_user_pct=3.86 overall_kernel_pct=87.42 overall_idle_pct=8.72 overall_busy_cpus=7.30
   Compiling byte-unit v5.2.5
BUILDSTORM_GLOBAL phase=arceos_build event=sample_170 online_cpus=8 wall_s=12885.04 capacity_s=103080.31 user_s=3952.44 kernel_s=90776.43 idle_s=8351.44 user_pct=3.83 kernel_pct=88.06 idle_pct=8.10 user_cpus=0.31 kernel_cpus=7.05 busy_cpus=7.35 overall_wall_s=12996.14 overall_user_pct=3.85 overall_kernel_pct=87.46 overall_idle_pct=8.68 overall_busy_cpus=7.31
   Compiling dma-api v0.9.3 (/work/tgoskits/memory/dma-api)
BUILDSTORM_GLOBAL phase=arceos_build event=sample_171 online_cpus=8 wall_s=12997.62 capacity_s=103980.94 user_s=3986.23 kernel_s=91637.13 idle_s=8357.58 user_pct=3.83 kernel_pct=88.13 idle_pct=8.04 user_cpus=0.31 kernel_cpus=7.05 busy_cpus=7.36 overall_wall_s=13108.72 overall_user_pct=3.85 overall_kernel_pct=87.53 overall_idle_pct=8.61 overall_busy_cpus=7.31
BUILDSTORM_GLOBAL phase=arceos_build event=sample_172 online_cpus=8 wall_s=13061.81 capacity_s=104494.51 user_s=4004.44 kernel_s=92127.51 idle_s=8362.56 user_pct=3.83 kernel_pct=88.16 idle_pct=8.00 user_cpus=0.31 kernel_cpus=7.05 busy_cpus=7.36 overall_wall_s=13172.91 overall_user_pct=3.85 overall_kernel_pct=87.57 overall_idle_pct=8.58 overall_busy_cpus=7.31
BUILDSTORM_GLOBAL phase=arceos_build event=sample_173 online_cpus=8 wall_s=13116.73 capacity_s=104933.83 user_s=4023.66 kernel_s=92543.56 idle_s=8366.61 user_pct=3.83 kernel_pct=88.19 idle_pct=7.97 user_cpus=0.31 kernel_cpus=7.06 busy_cpus=7.36 overall_wall_s=13227.83 overall_user_pct=3.85 overall_kernel_pct=87.60 overall_idle_pct=8.54 overall_busy_cpus=7.32
   Compiling sbi-rt v0.0.4
BUILDSTORM_GLOBAL phase=arceos_build event=sample_174 online_cpus=8 wall_s=13168.93 capacity_s=105351.44 user_s=4074.05 kernel_s=92904.39 idle_s=8372.99 user_pct=3.87 kernel_pct=88.19 idle_pct=7.95 user_cpus=0.31 kernel_cpus=7.05 busy_cpus=7.36 overall_wall_s=13280.03 overall_user_pct=3.89 overall_kernel_pct=87.60 overall_idle_pct=8.52 overall_busy_cpus=7.32
   Compiling aml v0.16.4
BUILDSTORM_GLOBAL phase=arceos_build event=sample_175 online_cpus=8 wall_s=13274.68 capacity_s=106197.41 user_s=4092.30 kernel_s=93723.46 idle_s=8381.65 user_pct=3.85 kernel_pct=88.25 idle_pct=7.89 user_cpus=0.31 kernel_cpus=7.06 busy_cpus=7.37 overall_wall_s=13385.77 overall_user_pct=3.87 overall_kernel_pct=87.67 overall_idle_pct=8.46 overall_busy_cpus=7.32
BUILDSTORM_GLOBAL phase=arceos_build event=sample_176 online_cpus=8 wall_s=13373.10 capacity_s=106984.80 user_s=4105.58 kernel_s=94494.88 idle_s=8384.34 user_pct=3.84 kernel_pct=88.33 idle_pct=7.84 user_cpus=0.31 kernel_cpus=7.07 busy_cpus=7.37 overall_wall_s=13484.20 overall_user_pct=3.86 overall_kernel_pct=87.74 overall_idle_pct=8.40 overall_busy_cpus=7.33
   Compiling some-serial v0.7.0 (/work/tgoskits/drivers/serial/some-serial)
BUILDSTORM_GLOBAL phase=arceos_build event=sample_177 online_cpus=8 wall_s=13534.98 capacity_s=108279.84 user_s=4132.69 kernel_s=95760.00 idle_s=8387.15 user_pct=3.82 kernel_pct=88.44 idle_pct=7.75 user_cpus=0.31 kernel_cpus=7.08 busy_cpus=7.38 overall_wall_s=13646.08 overall_user_pct=3.84 overall_kernel_pct=87.86 overall_idle_pct=8.30 overall_busy_cpus=7.34
BUILDSTORM_GLOBAL phase=arceos_build event=sample_178 online_cpus=8 wall_s=13774.21 capacity_s=110193.71 user_s=4177.82 kernel_s=97627.04 idle_s=8388.85 user_pct=3.79 kernel_pct=88.60 idle_pct=7.61 user_cpus=0.30 kernel_cpus=7.09 busy_cpus=7.39 overall_wall_s=13885.31 overall_user_pct=3.81 overall_kernel_pct=88.03 overall_idle_pct=8.16 overall_busy_cpus=7.35
BUILDSTORM_GLOBAL phase=arceos_build event=sample_179 online_cpus=8 wall_s=14005.36 capacity_s=112042.88 user_s=4224.64 kernel_s=99428.19 idle_s=8390.04 user_pct=3.77 kernel_pct=88.74 idle_pct=7.49 user_cpus=0.30 kernel_cpus=7.10 busy_cpus=7.40 overall_wall_s=14116.46 overall_user_pct=3.79 overall_kernel_pct=88.18 overall_idle_pct=8.03 overall_busy_cpus=7.36
   Compiling kernutil v0.2.2 (/work/tgoskits/components/kernutil)
BUILDSTORM_GLOBAL phase=arceos_build event=sample_180 online_cpus=8 wall_s=14256.76 capacity_s=114054.09 user_s=4268.14 kernel_s=101395.35 idle_s=8390.61 user_pct=3.74 kernel_pct=88.90 idle_pct=7.36 user_cpus=0.30 kernel_cpus=7.11 busy_cpus=7.41 overall_wall_s=14367.86 overall_user_pct=3.76 overall_kernel_pct=88.35 overall_idle_pct=7.89 overall_busy_cpus=7.37
BUILDSTORM_GLOBAL phase=arceos_build event=final online_cpus=8 wall_s=14707.60 capacity_s=117660.77 user_s=4291.59 kernel_s=104184.52 idle_s=9184.66 user_pct=3.65 kernel_pct=88.55 idle_pct=7.81 user_cpus=0.29 kernel_cpus=7.08 busy_cpus=7.38 overall_wall_s=14818.70 overall_user_pct=3.67 overall_kernel_pct=88.02 overall_idle_pct=8.32 overall_busy_cpus=7.33