#### OS COMP TEST GROUP END cagent-glibc ####
[initproc] cleaned /glibc/cagent_testcode.sh process_group=2 reaped=0 kill_ret=-3
[initproc] finished /glibc/cagent_testcode.sh exit_code=0
[initproc] running /glibc/buildstorm_testcode.sh
#### OS COMP TEST GROUP START buildstorm ####
BUILDSTORM_DIAG_VERSION 2026-08-02.17
BUILDSTORM_BUILD_SEMANTICS original-image-cache-policy
BUILDSTORM_DIAG_KERNEL_VERSION 2026-08-02.16
rustc 1.98.0-nightly (57d06900f 2026-05-27)
cargo 1.98.0-nightly (fbb61be30 2026-05-26)
BUILDSTORM_TOOLCHAIN ok
BUILDSTORM_GLOBAL phase=minibuild event=sample_0 online_cpus=8 wall_s=0.06 capacity_s=0.45 user_s=0.04 kernel_s=0.13 idle_s=0.28 user_pct=8.68 kernel_pct=30.00 idle_pct=61.32 user_cpus=0.69 kernel_cpus=2.40 busy_cpus=3.09 overall_wall_s=4.28 overall_user_pct=7.22 overall_kernel_pct=18.67 overall_idle_pct=74.11 overall_busy_cpus=2.07 fault_file_shared_pages=4462 fault_file_private_copies=734 fault_anon_calls=3518 fault_anon_total_ns=90737440 fault_anon_total_ns_max=2480080 fault_anon_frame_alloc_ns=19591680 fault_anon_frame_alloc_ns_max=920960 fault_anon_zero_ns=42960 fault_anon_zero_ns_max=42960 block_requests=23319 block_completions=23319 block_requested_sectors=306272 ext4_namespace_acquisitions=57 ext4_namespace_contentions=0 ext4_namespace_wait_ns=1612800 ext4_journal_contentions=14 ext4_inode_contentions=14 ext4_block_group_acquisitions=12894 ext4_block_group_contentions=590 ext4_block_group_wait_ns=1124119440 ext4_peak_block_groups=1
    Creating binary (application) `minibuild` package
note: see more `Cargo.toml` keys and their definitions at https://doc.rust-lang.org/cargo/reference/manifest.html
   Compiling minibuild v0.1.0 (/tmp/minibuild)
    Finished `dev` profile [unoptimized + debuginfo] target(s) in 15.92s
BUILDSTORM_GLOBAL phase=minibuild event=final online_cpus=8 wall_s=18.85 capacity_s=150.78 user_s=15.14 kernel_s=27.67 idle_s=107.97 user_pct=10.04 kernel_pct=18.35 idle_pct=71.61 user_cpus=0.80 kernel_cpus=1.47 busy_cpus=2.27 overall_wall_s=23.07 overall_user_pct=9.52 overall_kernel_pct=18.38 overall_idle_pct=72.10 overall_busy_cpus=2.23 fault_file_shared_pages=14965 fault_file_private_copies=1551 fault_anon_calls=19720 fault_anon_total_ns=389106320 fault_anon_total_ns_max=2480080 fault_anon_frame_alloc_ns=81723840 fault_anon_frame_alloc_ns_max=920960 fault_anon_zero_ns=42960 fault_anon_zero_ns_max=42960 block_requests=28854 block_completions=28854 block_requested_sectors=541650 ext4_namespace_acquisitions=57 ext4_namespace_contentions=0 ext4_namespace_wait_ns=1612800 ext4_journal_contentions=14 ext4_inode_contentions=14 ext4_block_group_acquisitions=19036 ext4_block_group_contentions=596 ext4_block_group_wait_ns=1124457440 ext4_peak_block_groups=1
BUILDSTORM_MINIBUILD ok
----- pre-build tg-xtask -----
BUILDSTORM_GLOBAL phase=tg_xtask event=sample_0 online_cpus=8 wall_s=0.05 capacity_s=0.39 user_s=0.03 kernel_s=0.11 idle_s=0.25 user_pct=8.75 kernel_pct=28.65 idle_pct=62.60 user_cpus=0.70 kernel_cpus=2.29 busy_cpus=2.99 overall_wall_s=37.16 overall_user_pct=7.79 overall_kernel_pct=19.14 overall_idle_pct=73.07 overall_busy_cpus=2.15 fault_file_shared_pages=15164 fault_file_private_copies=1592 fault_anon_calls=19969 fault_anon_total_ns=395169200 fault_anon_total_ns_max=2480080 fault_anon_frame_alloc_ns=83030640 fault_anon_frame_alloc_ns_max=920960 fault_anon_zero_ns=42960 fault_anon_zero_ns_max=42960 block_requests=73141 block_completions=73141 block_requested_sectors=987593 ext4_namespace_acquisitions=1243 ext4_namespace_contentions=1 ext4_namespace_wait_ns=6476480 ext4_journal_contentions=14 ext4_inode_contentions=14 ext4_block_group_acquisitions=45263 ext4_block_group_contentions=599 ext4_block_group_wait_ns=1125110400 ext4_peak_block_groups=1
BUILDSTORM_GLOBAL phase=tg_xtask event=sample_1 online_cpus=8 wall_s=30.18 capacity_s=241.47 user_s=18.70 kernel_s=43.66 idle_s=179.11 user_pct=7.75 kernel_pct=18.08 idle_pct=74.17 user_cpus=0.62 kernel_cpus=1.45 busy_cpus=2.07 overall_wall_s=67.30 overall_user_pct=7.77 overall_kernel_pct=18.66 overall_idle_pct=73.57 overall_busy_cpus=2.11 fault_file_shared_pages=15951 fault_file_private_copies=1653 fault_anon_calls=45475 fault_anon_total_ns=884476000 fault_anon_total_ns_max=2480080 fault_anon_frame_alloc_ns=188528480 fault_anon_frame_alloc_ns_max=920960 fault_anon_zero_ns=42960 fault_anon_zero_ns_max=42960 block_requests=116185 block_completions=116185 block_requested_sectors=1463922 ext4_namespace_acquisitions=1267 ext4_namespace_contentions=1 ext4_namespace_wait_ns=6584080 ext4_journal_contentions=14 ext4_inode_contentions=14 ext4_block_group_acquisitions=88557 ext4_block_group_contentions=605 ext4_block_group_wait_ns=1125508160 ext4_peak_block_groups=1
    Finished `dev` profile [unoptimized + debuginfo] target(s) in 37.00s
BUILDSTORM_GLOBAL phase=tg_xtask event=final online_cpus=8 wall_s=37.70 capacity_s=301.61 user_s=22.47 kernel_s=55.24 idle_s=223.91 user_pct=7.45 kernel_pct=18.31 idle_pct=74.24 user_cpus=0.60 kernel_cpus=1.47 busy_cpus=2.06 overall_wall_s=74.82 overall_user_pct=7.62 overall_kernel_pct=18.72 overall_idle_pct=73.66 overall_busy_cpus=2.11 fault_file_shared_pages=16066 fault_file_private_copies=1670 fault_anon_calls=47066 fault_anon_total_ns=916044640 fault_anon_total_ns_max=2480080 fault_anon_frame_alloc_ns=194830160 fault_anon_frame_alloc_ns_max=920960 fault_anon_zero_ns=42960 fault_anon_zero_ns_max=42960 block_requests=132961 block_completions=132961 block_requested_sectors=1595597 ext4_namespace_acquisitions=1543 ext4_namespace_contentions=2 ext4_namespace_wait_ns=7507440 ext4_journal_contentions=14 ext4_inode_contentions=14 ext4_block_group_acquisitions=107053 ext4_block_group_contentions=612 ext4_block_group_wait_ns=1125934640 ext4_peak_block_groups=1
----- build arceos-helloworld (timed, arch=riscv64) -----
BUILDSTORM_BEGIN mode=multi
BUILDSTORM_GLOBAL phase=arceos_build event=sample_0 online_cpus=8 wall_s=0.05 capacity_s=0.40 user_s=0.04 kernel_s=0.12 idle_s=0.25 user_pct=8.96 kernel_pct=28.71 idle_pct=62.33 user_cpus=0.72 kernel_cpus=2.30 busy_cpus=3.01 overall_wall_s=97.61 overall_user_pct=6.62 overall_kernel_pct=16.63 overall_idle_pct=76.76 overall_busy_cpus=1.86 fault_file_shared_pages=16331 fault_file_private_copies=1716 fault_anon_calls=47369 fault_anon_total_ns=921736240 fault_anon_total_ns_max=2480080 fault_anon_frame_alloc_ns=195874320 fault_anon_frame_alloc_ns_max=920960 fault_anon_zero_ns=42960 fault_anon_zero_ns_max=42960 block_requests=133158 block_completions=133158 block_requested_sectors=1597398 ext4_namespace_acquisitions=1546 ext4_namespace_contentions=2 ext4_namespace_wait_ns=7526720 ext4_journal_contentions=14 ext4_inode_contentions=14 ext4_block_group_acquisitions=107319 ext4_block_group_contentions=617 ext4_block_group_wait_ns=1126238080 ext4_peak_block_groups=1
    Finished `dev` profile [unoptimized + debuginfo] target(s) in 26.78s
     Running `target/debug/tg-xtask arceos build -p arceos-helloworld --arch riscv64`
[2026-08-06T02:52:20Z INFO  axbuild::context] Workspace root: /work/tgoskits
BUILDSTORM_GLOBAL phase=arceos_build event=sample_1 online_cpus=8 wall_s=30.18 capacity_s=241.45 user_s=19.68 kernel_s=42.91 idle_s=178.86 user_pct=8.15 kernel_pct=17.77 idle_pct=74.08 user_cpus=0.65 kernel_cpus=1.42 busy_cpus=2.07 overall_wall_s=127.74 overall_user_pct=6.98 overall_kernel_pct=16.89 overall_idle_pct=76.13 overall_busy_cpus=1.91 fault_file_shared_pages=17871 fault_file_private_copies=1849 fault_anon_calls=76049 fault_anon_total_ns=1462353840 fault_anon_total_ns_max=2480080 fault_anon_frame_alloc_ns=313203600 fault_anon_frame_alloc_ns_max=920960 fault_anon_zero_ns=42960 fault_anon_zero_ns_max=42960 block_requests=172383 block_completions=172383 block_requested_sectors=1955346 ext4_namespace_acquisitions=1840 ext4_namespace_contentions=2 ext4_namespace_wait_ns=8481680 ext4_journal_contentions=15 ext4_inode_contentions=14 ext4_block_group_acquisitions=167931 ext4_block_group_contentions=625 ext4_block_group_wait_ns=1126694800 ext4_peak_block_groups=1
Using build config: /work/tgoskits/tmp/axbuild/config/arceos-helloworld/build-riscv64gc-unknown-none-elf.toml
[2026-08-06T02:52:24Z INFO  axbuild::build::config_file] Found build config at /work/tgoskits/tmp/axbuild/config/arceos-helloworld/build-riscv64gc-unknown-none-elf.toml
Using build config: /work/tgoskits/tmp/axbuild/config/arceos-helloworld/build-riscv64gc-unknown-none-elf.toml
[2026-08-06T02:52:28Z INFO  axbuild::build::config_file] Found build config at /work/tgoskits/tmp/axbuild/config/arceos-helloworld/build-riscv64gc-unknown-none-elf.toml
[axbuild] cargo build package=arceos-helloworld target=scripts/targets/std/pie/riscv64gc-unknown-linux-musl.json config=/work/tgoskits/tmp/axbuild/config/arceos-helloworld/build-riscv64gc-unknown-none-elf.toml ...
sh -c /work/tgoskits/tmp/axbuild/std/prebuild/prebuild-riscv64gc-unknown-linux-musl-5d5e8c438d29430d.sh
AR_riscv64gc_unknown_linux_musl=riscv64-linux-musl-ar
AX_LOG=warn
AX_TARGET=riscv64gc-unknown-none-elf
CARGO_UNSTABLE_JSON_TARGET_SPEC=true
CC_riscv64gc_unknown_linux_musl=riscv64-linux-musl-cc
CFLAGS_riscv64gc_unknown_linux_musl=-march=rv64gc -mabi=lp64d -mcmodel=medany -fno-stack-protector
CXXFLAGS_riscv64gc_unknown_linux_musl=-march=rv64gc -mabi=lp64d -mcmodel=medany -fno-stack-protector
SMP=1
cargo build --config /work/tgoskits/tmp/axbuild/std/config-riscv64gc-unknown-linux-musl-dynamic.toml -p arceos-helloworld --target scripts/targets/std/pie/riscv64gc-unknown-linux-musl.json -Z unstable-options --target-dir /work/tgoskits/target --features arceos,ax-std/irq,ax-std/paging,ax-std/smp,ax-std/std-compat -Z json-target-spec --release --message-format json-render-diagnostics
BUILDSTORM_GLOBAL phase=arceos_build event=sample_2 online_cpus=8 wall_s=60.33 capacity_s=482.65 user_s=43.58 kernel_s=81.57 idle_s=357.50 user_pct=9.03 kernel_pct=16.90 idle_pct=74.07 user_cpus=0.72 kernel_cpus=1.35 busy_cpus=2.07 overall_wall_s=157.89 overall_user_pct=7.54 overall_kernel_pct=16.73 overall_idle_pct=75.73 overall_busy_cpus=1.94 fault_file_shared_pages=29183 fault_file_private_copies=2849 fault_anon_calls=106487 fault_anon_total_ns=2037092720 fault_anon_total_ns_max=2480080 fault_anon_frame_alloc_ns=435650880 fault_anon_frame_alloc_ns_max=920960 fault_anon_zero_ns=42960 fault_anon_zero_ns_max=42960 block_requests=180072 block_completions=180072 block_requested_sectors=2060840 ext4_namespace_acquisitions=1876 ext4_namespace_contentions=2 ext4_namespace_wait_ns=8671760 ext4_journal_contentions=15 ext4_inode_contentions=14 ext4_block_group_acquisitions=190928 ext4_block_group_contentions=634 ext4_block_group_wait_ns=1130916400 ext4_peak_block_groups=1
   Compiling compiler_builtins v0.1.160 (/root/.rustup/toolchains/nightly-2026-05-28-riscv64gc-unknown-linux-gnu/lib/rustlib/src/rust/library/compiler-builtins/compiler-builtins)
   Compiling core v0.0.0 (/root/.rustup/toolchains/nightly-2026-05-28-riscv64gc-unknown-linux-gnu/lib/rustlib/src/rust/library/core)
   Compiling libc v0.2.185
   Compiling std v0.0.0 (/root/.rustup/toolchains/nightly-2026-05-28-riscv64gc-unknown-linux-gnu/lib/rustlib/src/rust/library/std)
   Compiling thiserror v2.0.18
   Compiling heapless v0.9.3
   Compiling ax-errno v0.6.1 (/work/tgoskits/components/axerrno)
   Compiling ax-percpu v0.4.14 (/work/tgoskits/components/percpu/percpu)
   Compiling num-traits v0.2.19
   Compiling libc v0.2.186
   Compiling radium v0.7.0
   Compiling anyhow v1.0.103
   Compiling rust_decimal v1.42.1
   Compiling ax-alloc v0.8.12 (/work/tgoskits/os/arceos/modules/axalloc)
   Compiling someboot v0.3.5 (/work/tgoskits/platforms/someboot)
   Compiling somehal v0.8.0 (/work/tgoskits/platforms/somehal)
   Compiling ax-driver v0.12.0 (/work/tgoskits/drivers/ax-driver)
   Compiling axplat-dyn v0.7.12 (/work/tgoskits/platforms/axplat-dyn)
   Compiling ax-hal v0.5.28 (/work/tgoskits/os/arceos/modules/axhal)
   Compiling ax-task v0.6.4 (/work/tgoskits/os/arceos/modules/axtask)
   Compiling ax-runtime v0.10.4 (/work/tgoskits/os/arceos/modules/axruntime)
   Compiling scope-local v0.4.2 (/work/tgoskits/components/scope-local)
   Compiling ax-posix-api v0.5.29 (/work/tgoskits/os/arceos/api/arceos_posix_api)
BUILDSTORM_GLOBAL phase=arceos_build event=sample_3 online_cpus=8 wall_s=90.46 capacity_s=723.68 user_s=66.85 kernel_s=149.05 idle_s=507.78 user_pct=9.24 kernel_pct=20.60 idle_pct=70.17 user_cpus=0.74 kernel_cpus=1.65 busy_cpus=2.39 overall_wall_s=188.02 overall_user_pct=7.88 overall_kernel_pct=18.53 overall_idle_pct=73.59 overall_busy_cpus=2.11 fault_file_shared_pages=43152 fault_file_private_copies=4089 fault_anon_calls=133386 fault_anon_total_ns=2592382880 fault_anon_total_ns_max=2480080 fault_anon_frame_alloc_ns=560157600 fault_anon_frame_alloc_ns_max=920960 fault_anon_zero_ns=3273600 fault_anon_zero_ns_max=202160 block_requests=236551 block_completions=236551 block_requested_sectors=2701657 ext4_namespace_acquisitions=2806 ext4_namespace_contentions=95 ext4_namespace_wait_ns=3423975520 ext4_journal_contentions=388 ext4_inode_contentions=514 ext4_block_group_acquisitions=271596 ext4_block_group_contentions=3385 ext4_block_group_wait_ns=2216956560 ext4_peak_block_groups=1
BUILDSTORM_GLOBAL phase=arceos_build event=sample_4 online_cpus=8 wall_s=120.57 capacity_s=964.54 user_s=107.24 kernel_s=192.09 idle_s=665.21 user_pct=11.12 kernel_pct=19.91 idle_pct=68.97 user_cpus=0.89 kernel_cpus=1.59 busy_cpus=2.48 overall_wall_s=218.13 overall_user_pct=9.10 overall_kernel_pct=18.44 overall_idle_pct=72.45 overall_busy_cpus=2.20 fault_file_shared_pages=49086 fault_file_private_copies=4880 fault_anon_calls=191647 fault_anon_total_ns=3796238720 fault_anon_total_ns_max=2480080 fault_anon_frame_alloc_ns=806787600 fault_anon_frame_alloc_ns_max=920960 fault_anon_zero_ns=3273600 fault_anon_zero_ns_max=202160 block_requests=239395 block_completions=239395 block_requested_sectors=2875801 ext4_namespace_acquisitions=2818 ext4_namespace_contentions=95 ext4_namespace_wait_ns=3424083920 ext4_journal_contentions=395 ext4_inode_contentions=514 ext4_block_group_acquisitions=309716 ext4_block_group_contentions=4056 ext4_block_group_wait_ns=2250445600 ext4_peak_block_groups=1
BUILDSTORM_GLOBAL phase=arceos_build event=sample_5 online_cpus=8 wall_s=150.67 capacity_s=1205.35 user_s=140.58 kernel_s=222.27 idle_s=842.50 user_pct=11.66 kernel_pct=18.44 idle_pct=69.90 user_cpus=0.93 kernel_cpus=1.48 busy_cpus=2.41 overall_wall_s=248.23 overall_user_pct=9.68 overall_kernel_pct=17.73 overall_idle_pct=72.60 overall_busy_cpus=2.19 fault_file_shared_pages=49337 fault_file_private_copies=4897 fault_anon_calls=230526 fault_anon_total_ns=4605996800 fault_anon_total_ns_max=2480080 fault_anon_frame_alloc_ns=961986880 fault_anon_frame_alloc_ns_max=920960 fault_anon_zero_ns=3273600 fault_anon_zero_ns_max=202160 block_requests=239493 block_completions=239493 block_requested_sectors=2877770 ext4_namespace_acquisitions=2822 ext4_namespace_contentions=95 ext4_namespace_wait_ns=3424118800 ext4_journal_contentions=395 ext4_inode_contentions=514 ext4_block_group_acquisitions=310431 ext4_block_group_contentions=4056 ext4_block_group_wait_ns=2250445600 ext4_peak_block_groups=1
BUILDSTORM_GLOBAL phase=arceos_build event=sample_6 online_cpus=8 wall_s=180.76 capacity_s=1446.10 user_s=173.80 kernel_s=251.68 idle_s=1020.61 user_pct=12.02 kernel_pct=17.40 idle_pct=70.58 user_cpus=0.96 kernel_cpus=1.39 busy_cpus=2.35 overall_wall_s=278.32 overall_user_pct=10.13 overall_kernel_pct=17.13 overall_idle_pct=72.75 overall_busy_cpus=2.18 fault_file_shared_pages=50204 fault_file_private_copies=4914 fault_anon_calls=249010 fault_anon_total_ns=5060719920 fault_anon_total_ns_max=2480080 fault_anon_frame_alloc_ns=1047981760 fault_anon_frame_alloc_ns_max=920960 fault_anon_zero_ns=3273600 fault_anon_zero_ns_max=202160 block_requests=239689 block_completions=239689 block_requested_sectors=2884239 ext4_namespace_acquisitions=2822 ext4_namespace_contentions=95 ext4_namespace_wait_ns=3424118800 ext4_journal_contentions=395 ext4_inode_contentions=514 ext4_block_group_acquisitions=310684 ext4_block_group_contentions=4064 ext4_block_group_wait_ns=2250978240 ext4_peak_block_groups=1
BUILDSTORM_GLOBAL phase=arceos_build event=sample_7 online_cpus=8 wall_s=210.85 capacity_s=1686.81 user_s=208.46 kernel_s=279.05 idle_s=1199.30 user_pct=12.36 kernel_pct=16.54 idle_pct=71.10 user_cpus=0.99 kernel_cpus=1.32 busy_cpus=2.31 overall_wall_s=308.41 overall_user_pct=10.54 overall_kernel_pct=16.57 overall_idle_pct=72.89 overall_busy_cpus=2.17 fault_file_shared_pages=50321 fault_file_private_copies=4931 fault_anon_calls=257228 fault_anon_total_ns=5244802080 fault_anon_total_ns_max=2480080 fault_anon_frame_alloc_ns=1082787120 fault_anon_frame_alloc_ns_max=920960 fault_anon_zero_ns=3273600 fault_anon_zero_ns_max=202160 block_requests=239699 block_completions=239699 block_requested_sectors=2884663 ext4_namespace_acquisitions=2822 ext4_namespace_contentions=95 ext4_namespace_wait_ns=3424118800 ext4_journal_contentions=395 ext4_inode_contentions=514 ext4_block_group_acquisitions=310755 ext4_block_group_contentions=4064 ext4_block_group_wait_ns=2250978240 ext4_peak_block_groups=1
BUILDSTORM_GLOBAL phase=arceos_build event=sample_8 online_cpus=8 wall_s=240.95 capacity_s=1927.62 user_s=243.30 kernel_s=305.98 idle_s=1378.34 user_pct=12.62 kernel_pct=15.87 idle_pct=71.50 user_cpus=1.01 kernel_cpus=1.27 busy_cpus=2.28 overall_wall_s=338.51 overall_user_pct=10.89 overall_kernel_pct=16.09 overall_idle_pct=73.02 overall_busy_cpus=2.16 fault_file_shared_pages=50450 fault_file_private_copies=4948 fault_anon_calls=261798 fault_anon_total_ns=5372518560 fault_anon_total_ns_max=2480080 fault_anon_frame_alloc_ns=1106789680 fault_anon_frame_alloc_ns_max=920960 fault_anon_zero_ns=3273600 fault_anon_zero_ns_max=202160 block_requests=239715 block_completions=239715 block_requested_sectors=2885039 ext4_namespace_acquisitions=2822 ext4_namespace_contentions=95 ext4_namespace_wait_ns=3424118800 ext4_journal_contentions=395 ext4_inode_contentions=514 ext4_block_group_acquisitions=310832 ext4_block_group_contentions=4064 ext4_block_group_wait_ns=2250978240 ext4_peak_block_groups=1
BUILDSTORM_GLOBAL phase=arceos_build event=sample_9 online_cpus=8 wall_s=271.05 capacity_s=2168.40 user_s=277.99 kernel_s=333.46 idle_s=1556.94 user_pct=12.82 kernel_pct=15.38 idle_pct=71.80 user_cpus=1.03 kernel_cpus=1.23 busy_cpus=2.26 overall_wall_s=368.61 overall_user_pct=11.18 overall_kernel_pct=15.71 overall_idle_pct=73.11 overall_busy_cpus=2.15 fault_file_shared_pages=50560 fault_file_private_copies=4965 fault_anon_calls=269367 fault_anon_total_ns=5557219120 fault_anon_total_ns_max=2480080 fault_anon_frame_alloc_ns=1140671040 fault_anon_frame_alloc_ns_max=920960 fault_anon_zero_ns=3273600 fault_anon_zero_ns_max=202160 block_requests=239721 block_completions=239721 block_requested_sectors=2885151 ext4_namespace_acquisitions=2822 ext4_namespace_contentions=95 ext4_namespace_wait_ns=3424118800 ext4_journal_contentions=395 ext4_inode_contentions=514 ext4_block_group_acquisitions=310899 ext4_block_group_contentions=4064 ext4_block_group_wait_ns=2250978240 ext4_peak_block_groups=1
BUILDSTORM_GLOBAL phase=arceos_build event=sample_10 online_cpus=8 wall_s=301.14 capacity_s=2409.11 user_s=313.40 kernel_s=359.69 idle_s=1736.02 user_pct=13.01 kernel_pct=14.93 idle_pct=72.06 user_cpus=1.04 kernel_cpus=1.19 busy_cpus=2.24 overall_wall_s=398.70 overall_user_pct=11.44 overall_kernel_pct=15.34 overall_idle_pct=73.21 overall_busy_cpus=2.14 fault_file_shared_pages=50670 fault_file_private_copies=4982 fault_anon_calls=271977 fault_anon_total_ns=5641209200 fault_anon_total_ns_max=2480080 fault_anon_frame_alloc_ns=1156721840 fault_anon_frame_alloc_ns_max=920960 fault_anon_zero_ns=3273600 fault_anon_zero_ns_max=202160 block_requests=239728 block_completions=239728 block_requested_sectors=2885247 ext4_namespace_acquisitions=2822 ext4_namespace_contentions=95 ext4_namespace_wait_ns=3424118800 ext4_journal_contentions=395 ext4_inode_contentions=514 ext4_block_group_acquisitions=310967 ext4_block_group_contentions=4064 ext4_block_group_wait_ns=2250978240 ext4_peak_block_groups=1
BUILDSTORM_GLOBAL phase=arceos_build event=sample_11 online_cpus=8 wall_s=331.23 capacity_s=2649.80 user_s=348.26 kernel_s=386.60 idle_s=1914.94 user_pct=13.14 kernel_pct=14.59 idle_pct=72.27 user_cpus=1.05 kernel_cpus=1.17 busy_cpus=2.22 overall_wall_s=428.78 overall_user_pct=11.66 overall_kernel_pct=15.05 overall_idle_pct=73.29 overall_busy_cpus=2.14 fault_file_shared_pages=50781 fault_file_private_copies=4999 fault_anon_calls=277150 fault_anon_total_ns=5790916400 fault_anon_total_ns_max=2480080 fault_anon_frame_alloc_ns=1183748640 fault_anon_frame_alloc_ns_max=920960 fault_anon_zero_ns=3273600 fault_anon_zero_ns_max=202160 block_requests=239735 block_completions=239735 block_requested_sectors=2885439 ext4_namespace_acquisitions=2822 ext4_namespace_contentions=95 ext4_namespace_wait_ns=3424118800 ext4_journal_contentions=395 ext4_inode_contentions=514 ext4_block_group_acquisitions=311035 ext4_block_group_contentions=4064 ext4_block_group_wait_ns=2250978240 ext4_peak_block_groups=1
BUILDSTORM_GLOBAL phase=arceos_build event=sample_12 online_cpus=8 wall_s=361.32 capacity_s=2890.55 user_s=383.43 kernel_s=413.20 idle_s=2093.92 user_pct=13.27 kernel_pct=14.29 idle_pct=72.44 user_cpus=1.06 kernel_cpus=1.14 busy_cpus=2.20 overall_wall_s=458.88 overall_user_pct=11.85 overall_kernel_pct=14.79 overall_idle_pct=73.36 overall_busy_cpus=2.13 fault_file_shared_pages=50885 fault_file_private_copies=5016 fault_anon_calls=282203 fault_anon_total_ns=5937741360 fault_anon_total_ns_max=2480080 fault_anon_frame_alloc_ns=1210233680 fault_anon_frame_alloc_ns_max=920960 fault_anon_zero_ns=3273600 fault_anon_zero_ns_max=202160 block_requests=239738 block_completions=239738 block_requested_sectors=2885471 ext4_namespace_acquisitions=2822 ext4_namespace_contentions=95 ext4_namespace_wait_ns=3424118800 ext4_journal_contentions=395 ext4_inode_contentions=514 ext4_block_group_acquisitions=311099 ext4_block_group_contentions=4064 ext4_block_group_wait_ns=2250978240 ext4_peak_block_groups=1
BUILDSTORM_GLOBAL phase=arceos_build event=sample_13 online_cpus=8 wall_s=391.42 capacity_s=3131.39 user_s=418.39 kernel_s=440.10 idle_s=2272.90 user_pct=13.36 kernel_pct=14.05 idle_pct=72.58 user_cpus=1.07 kernel_cpus=1.12 busy_cpus=2.19 overall_wall_s=488.98 overall_user_pct=12.02 overall_kernel_pct=14.57 overall_idle_pct=73.42 overall_busy_cpus=2.13 fault_file_shared_pages=51066 fault_file_private_copies=5033 fault_anon_calls=289405 fault_anon_total_ns=6137851440 fault_anon_total_ns_max=2480080 fault_anon_frame_alloc_ns=1243825280 fault_anon_frame_alloc_ns_max=920960 fault_anon_zero_ns=3273600 fault_anon_zero_ns_max=202160 block_requests=239795 block_completions=239795 block_requested_sectors=2886903 ext4_namespace_acquisitions=2826 ext4_namespace_contentions=95 ext4_namespace_wait_ns=3424148400 ext4_journal_contentions=395 ext4_inode_contentions=514 ext4_block_group_acquisitions=311310 ext4_block_group_contentions=4064 ext4_block_group_wait_ns=2250978240 ext4_peak_block_groups=1
BUILDSTORM_GLOBAL phase=arceos_build event=sample_14 online_cpus=8 wall_s=421.52 capacity_s=3372.19 user_s=454.57 kernel_s=465.43 idle_s=2452.19 user_pct=13.48 kernel_pct=13.80 idle_pct=72.72 user_cpus=1.08 kernel_cpus=1.10 busy_cpus=2.18 overall_wall_s=519.08 overall_user_pct=12.19 overall_kernel_pct=14.33 overall_idle_pct=73.48 overall_busy_cpus=2.12 fault_file_shared_pages=51171 fault_file_private_copies=5050 fault_anon_calls=303583 fault_anon_total_ns=6489749200 fault_anon_total_ns_max=2480080 fault_anon_frame_alloc_ns=1307355120 fault_anon_frame_alloc_ns_max=920960 fault_anon_zero_ns=3273600 fault_anon_zero_ns_max=202160 block_requests=239796 block_completions=239796 block_requested_sectors=2887031 ext4_namespace_acquisitions=2826 ext4_namespace_contentions=95 ext4_namespace_wait_ns=3424148400 ext4_journal_contentions=395 ext4_inode_contentions=514 ext4_block_group_acquisitions=311372 ext4_block_group_contentions=4064 ext4_block_group_wait_ns=2250978240 ext4_peak_block_groups=1
BUILDSTORM_GLOBAL phase=arceos_build event=sample_15 online_cpus=8 wall_s=451.63 capacity_s=3613.07 user_s=532.19 kernel_s=496.10 idle_s=2584.77 user_pct=14.73 kernel_pct=13.73 idle_pct=71.54 user_cpus=1.18 kernel_cpus=1.10 busy_cpus=2.28 overall_wall_s=549.19 overall_user_pct=13.29 overall_kernel_pct=14.24 overall_idle_pct=72.47 overall_busy_cpus=2.20 fault_file_shared_pages=53515 fault_file_private_copies=5154 fault_anon_calls=336047 fault_anon_total_ns=7399025200 fault_anon_total_ns_max=2480080 fault_anon_frame_alloc_ns=1465796960 fault_anon_frame_alloc_ns_max=920960 fault_anon_zero_ns=156892080 fault_anon_zero_ns_max=958480 block_requests=240502 block_completions=240502 block_requested_sectors=2906444 ext4_namespace_acquisitions=2830 ext4_namespace_contentions=95 ext4_namespace_wait_ns=3424177600 ext4_journal_contentions=395 ext4_inode_contentions=514 ext4_block_group_acquisitions=316300 ext4_block_group_contentions=4075 ext4_block_group_wait_ns=2251883440 ext4_peak_block_groups=1
BUILDSTORM_GLOBAL phase=arceos_build event=sample_16 online_cpus=8 wall_s=481.78 capacity_s=3854.24 user_s=634.48 kernel_s=529.53 idle_s=2690.23 user_pct=16.46 kernel_pct=13.74 idle_pct=69.80 user_cpus=1.32 kernel_cpus=1.10 busy_cpus=2.42 overall_wall_s=579.34 overall_user_pct=14.80 overall_kernel_pct=14.22 overall_idle_pct=70.97 overall_busy_cpus=2.32 fault_file_shared_pages=56593 fault_file_private_copies=5171 fault_anon_calls=372521 fault_anon_total_ns=8559690240 fault_anon_total_ns_max=3645120 fault_anon_frame_alloc_ns=1646008720 fault_anon_frame_alloc_ns_max=920960 fault_anon_zero_ns=515318400 fault_anon_zero_ns_max=3576240 block_requests=241132 block_completions=241132 block_requested_sectors=2914774 ext4_namespace_acquisitions=2903 ext4_namespace_contentions=95 ext4_namespace_wait_ns=3424619520 ext4_journal_contentions=396 ext4_inode_contentions=514 ext4_block_group_acquisitions=318764 ext4_block_group_contentions=4077 ext4_block_group_wait_ns=2252394160 ext4_peak_block_groups=1
   Compiling rustc-std-workspace-core v1.99.0 (/root/.rustup/toolchains/nightly-2026-05-28-riscv64gc-unknown-linux-gnu/lib/rustlib/src/rust/library/rustc-std-workspace-core)
   Compiling alloc v0.0.0 (/root/.rustup/toolchains/nightly-2026-05-28-riscv64gc-unknown-linux-gnu/lib/rustlib/src/rust/library/alloc)
   Compiling panic_abort v0.0.0 (/root/.rustup/toolchains/nightly-2026-05-28-riscv64gc-unknown-linux-gnu/lib/rustlib/src/rust/library/panic_abort)
   Compiling rustc-demangle v0.1.27
   Compiling cfg-if v1.0.4
   Compiling rustc-literal-escaper v0.0.7
BUILDSTORM_GLOBAL phase=arceos_build event=sample_17 online_cpus=8 wall_s=511.90 capacity_s=4095.20 user_s=766.31 kernel_s=582.22 idle_s=2746.67 user_pct=18.71 kernel_pct=14.22 idle_pct=67.07 user_cpus=1.50 kernel_cpus=1.14 busy_cpus=2.63 overall_wall_s=609.46 overall_user_pct=16.78 overall_kernel_pct=14.60 overall_idle_pct=68.62 overall_busy_cpus=2.51 fault_file_shared_pages=76547 fault_file_private_copies=5797 fault_anon_calls=437359 fault_anon_total_ns=11455014560 fault_anon_total_ns_max=3645120 fault_anon_frame_alloc_ns=2212807040 fault_anon_frame_alloc_ns_max=920960 fault_anon_zero_ns=1561473760 fault_anon_zero_ns_max=3576240 block_requests=243169 block_completions=243168 block_requested_sectors=2937525 ext4_namespace_acquisitions=3122 ext4_namespace_contentions=118 ext4_namespace_wait_ns=3769525120 ext4_journal_contentions=414 ext4_inode_contentions=565 ext4_block_group_acquisitions=333060 ext4_block_group_contentions=5631 ext4_block_group_wait_ns=2627131200 ext4_peak_block_groups=1
   Compiling unwind v0.0.0 (/root/.rustup/toolchains/nightly-2026-05-28-riscv64gc-unknown-linux-gnu/lib/rustlib/src/rust/library/unwind)
BUILDSTORM_GLOBAL phase=arceos_build event=sample_18 online_cpus=8 wall_s=542.02 capacity_s=4336.12 user_s=829.75 kernel_s=612.83 idle_s=2893.53 user_pct=19.14 kernel_pct=14.13 idle_pct=66.73 user_cpus=1.53 kernel_cpus=1.13 busy_cpus=2.66 overall_wall_s=639.57 overall_user_pct=17.23 overall_kernel_pct=14.51 overall_idle_pct=68.26 overall_busy_cpus=2.54 fault_file_shared_pages=81193 fault_file_private_copies=5901 fault_anon_calls=462577 fault_anon_total_ns=12066173440 fault_anon_total_ns_max=3645120 fault_anon_frame_alloc_ns=2340798880 fault_anon_frame_alloc_ns_max=920960 fault_anon_zero_ns=1561473760 fault_anon_zero_ns_max=3576240 block_requests=243942 block_completions=243942 block_requested_sectors=2944056 ext4_namespace_acquisitions=3215 ext4_namespace_contentions=118 ext4_namespace_wait_ns=3770034640 ext4_journal_contentions=414 ext4_inode_contentions=567 ext4_block_group_acquisitions=337053 ext4_block_group_contentions=5708 ext4_block_group_wait_ns=2632357360 ext4_peak_block_groups=1
BUILDSTORM_GLOBAL phase=arceos_build event=sample_19 online_cpus=8 wall_s=572.13 capacity_s=4577.05 user_s=866.50 kernel_s=637.61 idle_s=3072.94 user_pct=18.93 kernel_pct=13.93 idle_pct=67.14 user_cpus=1.51 kernel_cpus=1.11 busy_cpus=2.63 overall_wall_s=669.69 overall_user_pct=17.14 overall_kernel_pct=14.32 overall_idle_pct=68.54 overall_busy_cpus=2.52 fault_file_shared_pages=81428 fault_file_private_copies=5918 fault_anon_calls=475338 fault_anon_total_ns=12393753760 fault_anon_total_ns_max=3645120 fault_anon_frame_alloc_ns=2410009440 fault_anon_frame_alloc_ns_max=920960 fault_anon_zero_ns=1561473760 fault_anon_zero_ns_max=3576240 block_requests=244189 block_completions=244189 block_requested_sectors=2946214 ext4_namespace_acquisitions=3219 ext4_namespace_contentions=118 ext4_namespace_wait_ns=3770054560 ext4_journal_contentions=414 ext4_inode_contentions=567 ext4_block_group_acquisitions=337537 ext4_block_group_contentions=5708 ext4_block_group_wait_ns=2632357360 ext4_peak_block_groups=1
   Compiling rustc-std-workspace-alloc v1.99.0 (/root/.rustup/toolchains/nightly-2026-05-28-riscv64gc-unknown-linux-gnu/lib/rustlib/src/rust/library/rustc-std-workspace-alloc)
   Compiling panic_unwind v0.0.0 (/root/.rustup/toolchains/nightly-2026-05-28-riscv64gc-unknown-linux-gnu/lib/rustlib/src/rust/library/panic_unwind)
   Compiling hashbrown v0.17.1
   Compiling std_detect v0.1.5 (/root/.rustup/toolchains/nightly-2026-05-28-riscv64gc-unknown-linux-gnu/lib/rustlib/src/rust/library/std_detect)
BUILDSTORM_GLOBAL phase=arceos_build event=sample_20 online_cpus=8 wall_s=602.25 capacity_s=4817.97 user_s=937.40 kernel_s=676.27 idle_s=3204.31 user_pct=19.46 kernel_pct=14.04 idle_pct=66.51 user_cpus=1.56 kernel_cpus=1.12 busy_cpus=2.68 overall_wall_s=699.81 overall_user_pct=17.67 overall_kernel_pct=14.40 overall_idle_pct=67.94 overall_busy_cpus=2.57 fault_file_shared_pages=94695 fault_file_private_copies=6283 fault_anon_calls=509580 fault_anon_total_ns=13170378560 fault_anon_total_ns_max=3645120 fault_anon_frame_alloc_ns=2583282800 fault_anon_frame_alloc_ns_max=920960 fault_anon_zero_ns=1571845920 fault_anon_zero_ns_max=3576240 block_requests=245139 block_completions=245139 block_requested_sectors=2956534 ext4_namespace_acquisitions=3341 ext4_namespace_contentions=123 ext4_namespace_wait_ns=3817397280 ext4_journal_contentions=420 ext4_inode_contentions=604 ext4_block_group_acquisitions=345105 ext4_block_group_contentions=6155 ext4_block_group_wait_ns=2700042000 ext4_peak_block_groups=1
BUILDSTORM_GLOBAL phase=arceos_build event=sample_21 online_cpus=8 wall_s=632.38 capacity_s=5059.04 user_s=970.04 kernel_s=708.67 idle_s=3380.33 user_pct=19.17 kernel_pct=14.01 idle_pct=66.82 user_cpus=1.53 kernel_cpus=1.12 busy_cpus=2.65 overall_wall_s=729.94 overall_user_pct=17.50 overall_kernel_pct=14.36 overall_idle_pct=68.15 overall_busy_cpus=2.55 fault_file_shared_pages=99109 fault_file_private_copies=6387 fault_anon_calls=542178 fault_anon_total_ns=13866193920 fault_anon_total_ns_max=3645120 fault_anon_frame_alloc_ns=2717302400 fault_anon_frame_alloc_ns_max=920960 fault_anon_zero_ns=1571845920 fault_anon_zero_ns_max=3576240 block_requests=246493 block_completions=246493 block_requested_sectors=2978411 ext4_namespace_acquisitions=3401 ext4_namespace_contentions=124 ext4_namespace_wait_ns=3826398320 ext4_journal_contentions=422 ext4_inode_contentions=608 ext4_block_group_acquisitions=355060 ext4_block_group_contentions=6259 ext4_block_group_wait_ns=2705858960 ext4_peak_block_groups=1
BUILDSTORM_GLOBAL phase=arceos_build event=sample_22 online_cpus=8 wall_s=662.48 capacity_s=5299.82 user_s=1004.58 kernel_s=736.14 idle_s=3559.10 user_pct=18.95 kernel_pct=13.89 idle_pct=67.16 user_cpus=1.52 kernel_cpus=1.11 busy_cpus=2.63 overall_wall_s=760.04 overall_user_pct=17.37 overall_kernel_pct=14.24 overall_idle_pct=68.39 overall_busy_cpus=2.53 fault_file_shared_pages=99607 fault_file_private_copies=6404 fault_anon_calls=550722 fault_anon_total_ns=14087319040 fault_anon_total_ns_max=3645120 fault_anon_frame_alloc_ns=2757194240 fault_anon_frame_alloc_ns_max=920960 fault_anon_zero_ns=1571845920 fault_anon_zero_ns_max=3576240 block_requests=246698 block_completions=246698 block_requested_sectors=2980274 ext4_namespace_acquisitions=3401 ext4_namespace_contentions=124 ext4_namespace_wait_ns=3826398320 ext4_journal_contentions=422 ext4_inode_contentions=608 ext4_block_group_acquisitions=355414 ext4_block_group_contentions=6272 ext4_block_group_wait_ns=2707121040 ext4_peak_block_groups=1
BUILDSTORM_GLOBAL phase=arceos_build event=sample_23 online_cpus=8 wall_s=692.59 capacity_s=5540.70 user_s=1038.82 kernel_s=764.25 idle_s=3737.63 user_pct=18.75 kernel_pct=13.79 idle_pct=67.46 user_cpus=1.50 kernel_cpus=1.10 busy_cpus=2.60 overall_wall_s=790.15 overall_user_pct=17.25 overall_kernel_pct=14.14 overall_idle_pct=68.61 overall_busy_cpus=2.51 fault_file_shared_pages=99755 fault_file_private_copies=6421 fault_anon_calls=561836 fault_anon_total_ns=14377303200 fault_anon_total_ns_max=3645120 fault_anon_frame_alloc_ns=2808327760 fault_anon_frame_alloc_ns_max=920960 fault_anon_zero_ns=1571845920 fault_anon_zero_ns_max=3576240 block_requests=246820 block_completions=246820 block_requested_sectors=2981617 ext4_namespace_acquisitions=3401 ext4_namespace_contentions=124 ext4_namespace_wait_ns=3826398320 ext4_journal_contentions=424 ext4_inode_contentions=608 ext4_block_group_acquisitions=355642 ext4_block_group_contentions=6272 ext4_block_group_wait_ns=2707121040 ext4_peak_block_groups=1
BUILDSTORM_GLOBAL phase=arceos_build event=sample_24 online_cpus=8 wall_s=722.68 capacity_s=5781.46 user_s=1074.58 kernel_s=790.29 idle_s=3916.58 user_pct=18.59 kernel_pct=13.67 idle_pct=67.74 user_cpus=1.49 kernel_cpus=1.09 busy_cpus=2.58 overall_wall_s=820.24 overall_user_pct=17.16 overall_kernel_pct=14.02 overall_idle_pct=68.82 overall_busy_cpus=2.49 fault_file_shared_pages=100105 fault_file_private_copies=6438 fault_anon_calls=577343 fault_anon_total_ns=14727506880 fault_anon_total_ns_max=3645120 fault_anon_frame_alloc_ns=2870225200 fault_anon_frame_alloc_ns_max=920960 fault_anon_zero_ns=1571845920 fault_anon_zero_ns_max=3576240 block_requests=246930 block_completions=246930 block_requested_sectors=2982945 ext4_namespace_acquisitions=3405 ext4_namespace_contentions=124 ext4_namespace_wait_ns=3826417280 ext4_journal_contentions=424 ext4_inode_contentions=608 ext4_block_group_acquisitions=355898 ext4_block_group_contentions=6281 ext4_block_group_wait_ns=2707824720 ext4_peak_block_groups=1
   Compiling proc_macro v0.0.0 (/root/.rustup/toolchains/nightly-2026-05-28-riscv64gc-unknown-linux-gnu/lib/rustlib/src/rust/library/proc_macro)
BUILDSTORM_GLOBAL phase=arceos_build event=sample_25 online_cpus=8 wall_s=752.81 capacity_s=6022.47 user_s=1250.48 kernel_s=819.97 idle_s=3952.02 user_pct=20.76 kernel_pct=13.62 idle_pct=65.62 user_cpus=1.66 kernel_cpus=1.09 busy_cpus=2.75 overall_wall_s=850.37 overall_user_pct=19.14 overall_kernel_pct=13.96 overall_idle_pct=66.90 overall_busy_cpus=2.65 fault_file_shared_pages=104308 fault_file_private_copies=6542 fault_anon_calls=610019 fault_anon_total_ns=16277142240 fault_anon_total_ns_max=3645120 fault_anon_frame_alloc_ns=3166665840 fault_anon_frame_alloc_ns_max=920960 fault_anon_zero_ns=2111426640 fault_anon_zero_ns_max=3576240 block_requests=247184 block_completions=247184 block_requested_sectors=2986659 ext4_namespace_acquisitions=3427 ext4_namespace_contentions=125 ext4_namespace_wait_ns=3834201920 ext4_journal_contentions=424 ext4_inode_contentions=608 ext4_block_group_acquisitions=358057 ext4_block_group_contentions=6289 ext4_block_group_wait_ns=2708932640 ext4_peak_block_groups=1
   Compiling log v0.4.33
   Compiling bitflags v2.13.0
   Compiling byteorder v1.5.0
   Compiling as-any v0.3.2
   Compiling stable_deref_trait v1.2.1
   Compiling rdif-def v0.3.0 (/work/tgoskits/drivers/interface/rdif-def)
   Compiling scopeguard v1.2.0
   Compiling bit_field v0.10.3
   Compiling ax-kernel-guard v0.3.11 (/work/tgoskits/components/kernel_guard)
   Compiling hash32 v0.3.1
   Compiling rdif-base v0.8.3 (/work/tgoskits/drivers/interface/rdif-base)
   Compiling lock_api v0.4.14
   Compiling derive_more v2.1.1
   Compiling pci_types v0.10.1
   Compiling ax-kspin v0.3.15 (/work/tgoskits/components/kspin)
BUILDSTORM_GLOBAL phase=arceos_build event=sample_26 online_cpus=8 wall_s=782.96 capacity_s=6263.71 user_s=1376.44 kernel_s=914.05 idle_s=3973.22 user_pct=21.97 kernel_pct=14.59 idle_pct=63.43 user_cpus=1.76 kernel_cpus=1.17 busy_cpus=2.93 overall_wall_s=880.52 overall_user_pct=20.27 overall_kernel_pct=14.82 overall_idle_pct=64.91 overall_busy_cpus=2.81 fault_file_shared_pages=147448 fault_file_private_copies=8026 fault_anon_calls=659873 fault_anon_total_ns=17947256400 fault_anon_total_ns_max=3645120 fault_anon_frame_alloc_ns=3502826640 fault_anon_frame_alloc_ns_max=920960 fault_anon_zero_ns=2466699360 fault_anon_zero_ns_max=3576240 block_requests=250283 block_completions=250283 block_requested_sectors=3022250 ext4_namespace_acquisitions=3890 ext4_namespace_contentions=220 ext4_namespace_wait_ns=6937610080 ext4_journal_contentions=496 ext4_inode_contentions=874 ext4_block_group_acquisitions=384493 ext4_block_group_contentions=12235 ext4_block_group_wait_ns=6571744320 ext4_peak_block_groups=1
   Compiling tock-registers v0.10.1
   Compiling irq-framework v0.3.0 (/work/tgoskits/components/irq-framework)
   Compiling ax-memory-addr v0.6.9 (/work/tgoskits/memory/memory_addr)
   Compiling mmio-api v0.2.2 (/work/tgoskits/memory/mmio-api)
   Compiling spin v0.12.0
   Compiling spinning_top v0.3.0
   Compiling rdif-pcie v0.2.5 (/work/tgoskits/drivers/interface/rdif-pcie)
   Compiling futures-sink v0.3.32
   Compiling acpi v6.1.1
   Compiling rdif-msi v0.2.0 (/work/tgoskits/drivers/interface/rdif-msi)
   Compiling futures-core v0.3.32
   Compiling strum v0.27.2
   Compiling rdif-power v0.8.0 (/work/tgoskits/drivers/interface/rdif-power)
   Compiling pcie v0.6.7 (/work/tgoskits/drivers/pci/pcie)
   Compiling rdif-reset v0.1.0 (/work/tgoskits/drivers/interface/rdif-reset)
   Compiling rdif-clk v0.5.4 (/work/tgoskits/drivers/interface/rdif-clk)
BUILDSTORM_GLOBAL phase=arceos_build event=sample_27 online_cpus=8 wall_s=813.24 capacity_s=6505.88 user_s=1512.19 kernel_s=1016.78 idle_s=3976.91 user_pct=23.24 kernel_pct=15.63 idle_pct=61.13 user_cpus=1.86 kernel_cpus=1.25 busy_cpus=3.11 overall_wall_s=910.79 overall_user_pct=21.46 overall_kernel_pct=15.73 overall_idle_pct=62.80 overall_busy_cpus=2.98 fault_file_shared_pages=209710 fault_file_private_copies=9574 fault_anon_calls=748370 fault_anon_total_ns=22002877360 fault_anon_total_ns_max=3645120 fault_anon_frame_alloc_ns=4333738240 fault_anon_frame_alloc_ns_max=920960 fault_anon_zero_ns=3842135920 fault_anon_zero_ns_max=3576240 block_requests=255072 block_completions=255072 block_requested_sectors=3070070 ext4_namespace_acquisitions=4530 ext4_namespace_contentions=318 ext4_namespace_wait_ns=9667855520 ext4_journal_contentions=646 ext4_inode_contentions=1217 ext4_block_group_acquisitions=423599 ext4_block_group_contentions=16142 ext4_block_group_wait_ns=8786407920 ext4_peak_block_groups=1
   Compiling pin-project-lite v0.2.17
   Compiling futures-task v0.3.32
   Compiling slab v0.4.12
   Compiling fdt-raw v0.3.0
   Compiling futures-channel v0.3.32
   Compiling rdif-intc v0.15.0 (/work/tgoskits/drivers/interface/rdif-intc)
   Compiling futures-util v0.3.32
   Compiling arrayvec v0.7.7
   Compiling tap v1.0.1
   Compiling futures-io v0.3.32
   Compiling wyz v0.5.1
   Compiling fdt-edit v0.2.3
BUILDSTORM_GLOBAL phase=arceos_build event=sample_28 online_cpus=8 wall_s=843.48 capacity_s=6747.88 user_s=1665.11 kernel_s=1103.84 idle_s=3978.93 user_pct=24.68 kernel_pct=16.36 idle_pct=58.97 user_cpus=1.97 kernel_cpus=1.31 busy_cpus=3.28 overall_wall_s=941.04 overall_user_pct=22.80 overall_kernel_pct=16.39 overall_idle_pct=60.81 overall_busy_cpus=3.14 fault_file_shared_pages=262107 fault_file_private_copies=10928 fault_anon_calls=842773 fault_anon_total_ns=26930332320 fault_anon_total_ns_max=3645120 fault_anon_frame_alloc_ns=5326527200 fault_anon_frame_alloc_ns_max=920960 fault_anon_zero_ns=5842816240 fault_anon_zero_ns_max=3576240 block_requests=259096 block_completions=259096 block_requested_sectors=3110831 ext4_namespace_acquisitions=5056 ext4_namespace_contentions=369 ext4_namespace_wait_ns=11250746480 ext4_journal_contentions=764 ext4_inode_contentions=1440 ext4_block_group_acquisitions=459401 ext4_block_group_contentions=19554 ext4_block_group_wait_ns=10494204640 ext4_peak_block_groups=1
   Compiling num-align v0.1.0
   Compiling riscv-types v0.1.0
   Compiling funty v2.0.0
   Compiling rdif-pinctrl v0.1.2 (/work/tgoskits/drivers/interface/rdif-pinctrl)
BUILDSTORM_GLOBAL phase=arceos_build event=sample_29 online_cpus=8 wall_s=873.68 capacity_s=6989.46 user_s=1858.02 kernel_s=1152.06 idle_s=3979.39 user_pct=26.58 kernel_pct=16.48 idle_pct=56.93 user_cpus=2.13 kernel_cpus=1.32 busy_cpus=3.45 overall_wall_s=971.24 overall_user_pct=24.58 overall_kernel_pct=16.50 overall_idle_pct=58.93 overall_busy_cpus=3.29 fault_file_shared_pages=283000 fault_file_private_copies=11392 fault_anon_calls=917404 fault_anon_total_ns=31421986880 fault_anon_total_ns_max=3645120 fault_anon_frame_alloc_ns=6235853360 fault_anon_frame_alloc_ns_max=1346640 fault_anon_zero_ns=7787921520 fault_anon_zero_ns_max=3576240 block_requests=260791 block_completions=260790 block_requested_sectors=3128577 ext4_namespace_acquisitions=5278 ext4_namespace_contentions=369 ext4_namespace_wait_ns=11252444000 ext4_journal_contentions=775 ext4_inode_contentions=1447 ext4_block_group_acquisitions=473201 ext4_block_group_contentions=19832 ext4_block_group_wait_ns=10865355360 ext4_peak_block_groups=1
   Compiling critical-section v1.2.0
   Compiling const-default v1.0.0
   Compiling rdrive v0.23.6 (/work/tgoskits/drivers/rdrive)
   Compiling bytemuck v1.25.0
   Compiling const-str v1.1.0
   Compiling embedded-hal v1.0.0
   Compiling rgb v0.8.53
   Compiling riscv v0.16.1
BUILDSTORM_GLOBAL phase=arceos_build event=sample_30 online_cpus=8 wall_s=903.87 capacity_s=7231.00 user_s=2041.26 kernel_s=1209.13 idle_s=3980.61 user_pct=28.23 kernel_pct=16.72 idle_pct=55.05 user_cpus=2.26 kernel_cpus=1.34 busy_cpus=3.60 overall_wall_s=1001.43 overall_user_pct=26.12 overall_kernel_pct=16.71 overall_idle_pct=57.16 overall_busy_cpus=3.43 fault_file_shared_pages=312172 fault_file_private_copies=12145 fault_anon_calls=984686 fault_anon_total_ns=35264567440 fault_anon_total_ns_max=3645120 fault_anon_frame_alloc_ns=6952635760 fault_anon_frame_alloc_ns_max=1346640 fault_anon_zero_ns=9455779840 fault_anon_zero_ns_max=3576240 block_requests=263332 block_completions=263332 block_requested_sectors=3152467 ext4_namespace_acquisitions=5591 ext4_namespace_contentions=398 ext4_namespace_wait_ns=11709937440 ext4_journal_contentions=896 ext4_inode_contentions=1520 ext4_block_group_acquisitions=493916 ext4_block_group_contentions=20440 ext4_block_group_wait_ns=11698532800 ext4_peak_block_groups=1
   Compiling bitvec v1.1.1
   Compiling rlsf v0.2.2
   Compiling ax-plat v0.12.0 (/work/tgoskits/platforms/ax-plat)
BUILDSTORM_GLOBAL phase=arceos_build event=sample_31 online_cpus=8 wall_s=934.05 capacity_s=7472.39 user_s=2233.38 kernel_s=1257.94 idle_s=3981.06 user_pct=29.89 kernel_pct=16.83 idle_pct=53.28 user_cpus=2.39 kernel_cpus=1.35 busy_cpus=3.74 overall_wall_s=1031.61 overall_user_pct=27.69 overall_kernel_pct=16.81 overall_idle_pct=55.50 overall_busy_cpus=3.56 fault_file_shared_pages=327034 fault_file_private_copies=12506 fault_anon_calls=1057112 fault_anon_total_ns=39685534960 fault_anon_total_ns_max=3645120 fault_anon_frame_alloc_ns=7760464160 fault_anon_frame_alloc_ns_max=1346640 fault_anon_zero_ns=11424342800 fault_anon_zero_ns_max=3576240 block_requests=265116 block_completions=265116 block_requested_sectors=3177133 ext4_namespace_acquisitions=5752 ext4_namespace_contentions=402 ext4_namespace_wait_ns=11935462560 ext4_journal_contentions=915 ext4_inode_contentions=1547 ext4_block_group_acquisitions=510329 ext4_block_group_contentions=20770 ext4_block_group_wait_ns=11825031920 ext4_peak_block_groups=1
   Compiling ranges-ext v0.6.4 (/work/tgoskits/memory/ranges-ext)
   Compiling futures v0.3.32
   Compiling spinning_top v0.2.5
   Compiling rdif-serial v0.9.0 (/work/tgoskits/drivers/interface/rdif-serial)
   Compiling buddy-slab-allocator v0.4.6 (/work/tgoskits/memory/buddy-slab-allocator)
   Compiling sbi-spec v0.0.9
   Compiling axpanic v0.1.1 (/work/tgoskits/components/axpanic)
BUILDSTORM_GLOBAL phase=arceos_build event=sample_32 online_cpus=8 wall_s=964.44 capacity_s=7715.50 user_s=2424.40 kernel_s=1309.30 idle_s=3981.80 user_pct=31.42 kernel_pct=16.97 idle_pct=51.61 user_cpus=2.51 kernel_cpus=1.36 busy_cpus=3.87 overall_wall_s=1062.00 overall_user_pct=29.14 overall_kernel_pct=16.94 overall_idle_pct=53.92 overall_busy_cpus=3.69 fault_file_shared_pages=354795 fault_file_private_copies=13318 fault_anon_calls=1115935 fault_anon_total_ns=43059982720 fault_anon_total_ns_max=3645120 fault_anon_frame_alloc_ns=8375452800 fault_anon_frame_alloc_ns_max=1346640 fault_anon_zero_ns=12900105440 fault_anon_zero_ns_max=3576240 block_requests=267430 block_completions=267430 block_requested_sectors=3199476 ext4_namespace_acquisitions=6053 ext4_namespace_contentions=414 ext4_namespace_wait_ns=12357000880 ext4_journal_contentions=967 ext4_inode_contentions=1592 ext4_block_group_acquisitions=530986 ext4_block_group_contentions=21637 ext4_block_group_wait_ns=12145860000 ext4_peak_block_groups=1
   Compiling utf8-width v0.1.8
   Compiling mbarrier v0.1.3
   Compiling byte-unit v5.2.5
   Compiling dma-api v0.9.3 (/work/tgoskits/memory/dma-api)
   Compiling some-serial v0.7.0 (/work/tgoskits/drivers/serial/some-serial)
   Compiling sbi-rt v0.0.4
   Compiling kernutil v0.2.2 (/work/tgoskits/components/kernutil)
   Compiling ansi_rgb v0.2.0
BUILDSTORM_GLOBAL phase=arceos_build event=sample_33 online_cpus=8 wall_s=994.68 capacity_s=7957.42 user_s=2602.38 kernel_s=1372.17 idle_s=3982.86 user_pct=32.70 kernel_pct=17.24 idle_pct=50.05 user_cpus=2.62 kernel_cpus=1.38 busy_cpus=4.00 overall_wall_s=1092.24 overall_user_pct=30.37 overall_kernel_pct=17.19 overall_idle_pct=52.44 overall_busy_cpus=3.80 fault_file_shared_pages=389109 fault_file_private_copies=14065 fault_anon_calls=1181872 fault_anon_total_ns=46736957600 fault_anon_total_ns_max=3645120 fault_anon_frame_alloc_ns=9055045040 fault_anon_frame_alloc_ns_max=1346640 fault_anon_zero_ns=14488996480 fault_anon_zero_ns_max=3576240 block_requests=269958 block_completions=269958 block_requested_sectors=3222398 ext4_namespace_acquisitions=6397 ext4_namespace_contentions=428 ext4_namespace_wait_ns=12730506560 ext4_journal_contentions=1060 ext4_inode_contentions=1650 ext4_block_group_acquisitions=555264 ext4_block_group_contentions=22452 ext4_block_group_wait_ns=12975986560 ext4_peak_block_groups=1
   Compiling page-table-generic v0.7.4 (/work/tgoskits/memory/page-table-generic)
   Compiling ax-page-table-entry v0.8.10 (/work/tgoskits/memory/page_table_entry)
   Compiling numeric-enum-macro v0.2.0
   Compiling uguid v2.2.1
   Compiling axklib v0.7.5 (/work/tgoskits/components/axklib)
   Compiling axbacktrace v0.4.5 (/work/tgoskits/components/axbacktrace)
   Compiling ax-riscv-plic v0.4.9 (/work/tgoskits/drivers/intc/riscv_plic)
   Compiling riscv_goldfish v0.1.1
   Compiling ax-cpu v0.8.3 (/work/tgoskits/components/axcpu)
BUILDSTORM_GLOBAL phase=arceos_build event=sample_34 online_cpus=8 wall_s=1024.92 capacity_s=8199.36 user_s=2775.34 kernel_s=1438.83 idle_s=3985.19 user_pct=33.85 kernel_pct=17.55 idle_pct=48.60 user_cpus=2.71 kernel_cpus=1.40 busy_cpus=4.11 overall_wall_s=1122.48 overall_user_pct=31.48 overall_kernel_pct=17.47 overall_idle_pct=51.05 overall_busy_cpus=3.92 fault_file_shared_pages=423027 fault_file_private_copies=15051 fault_anon_calls=1237446 fault_anon_total_ns=49683946000 fault_anon_total_ns_max=3645120 fault_anon_frame_alloc_ns=9612546640 fault_anon_frame_alloc_ns_max=1346640 fault_anon_zero_ns=15691044720 fault_anon_zero_ns_max=3576240 block_requests=272760 block_completions=272759 block_requested_sectors=3248234 ext4_namespace_acquisitions=6800 ext4_namespace_contentions=485 ext4_namespace_wait_ns=15262545440 ext4_journal_contentions=1092 ext4_inode_contentions=1870 ext4_block_group_acquisitions=582535 ext4_block_group_contentions=24254 ext4_block_group_wait_ns=14135538560 ext4_peak_block_groups=1
   Compiling ax-page-table-multiarch v0.8.13 (/work/tgoskits/memory/page_table_multiarch)
   Compiling fdt-parser v0.4.19
   Compiling ax-memory-set v0.6.12 (/work/tgoskits/memory/memory_set)
   Compiling aml v0.16.4
   Compiling ax-lazyinit v0.4.8 (/work/tgoskits/components/ax-lazyinit)
   Compiling ax-log v0.5.18 (/work/tgoskits/os/arceos/modules/axlog)
   Compiling chrono v0.4.45
   Compiling memchr v2.8.2
   Compiling linux-raw-sys v0.12.1
   Compiling ax-ctor-bare v0.4.8 (/work/tgoskits/components/ctor_bare/ctor_bare)
   Compiling bitmaps v3.2.1
BUILDSTORM_GLOBAL phase=arceos_build event=sample_35 online_cpus=8 wall_s=1055.30 capacity_s=8442.36 user_s=2926.92 kernel_s=1528.72 idle_s=3986.73 user_pct=34.67 kernel_pct=18.11 idle_pct=47.22 user_cpus=2.77 kernel_cpus=1.45 busy_cpus=4.22 overall_wall_s=1152.85 overall_user_pct=32.30 overall_kernel_pct=17.98 overall_idle_pct=49.72 overall_busy_cpus=4.02 fault_file_shared_pages=467137 fault_file_private_copies=16144 fault_anon_calls=1316617 fault_anon_total_ns=53852790000 fault_anon_total_ns_max=3645120 fault_anon_frame_alloc_ns=10405641920 fault_anon_frame_alloc_ns_max=1346640 fault_anon_zero_ns=17419886640 fault_anon_zero_ns_max=3576240 block_requests=276396 block_completions=276395 block_requested_sectors=3284163 ext4_namespace_acquisitions=7197 ext4_namespace_contentions=558 ext4_namespace_wait_ns=17485794400 ext4_journal_contentions=1212 ext4_inode_contentions=2234 ext4_block_group_acquisitions=615375 ext4_block_group_contentions=28400 ext4_block_group_wait_ns=18110157520 ext4_peak_block_groups=1
   Compiling axpoll v0.5.1 (/work/tgoskits/components/axpoll)
   Compiling ax-io v0.6.1 (/work/tgoskits/components/axio)
   Compiling flatten_objects v0.2.4
BUILDSTORM_GLOBAL phase=arceos_build event=sample_36 online_cpus=8 wall_s=1085.59 capacity_s=8684.75 user_s=3122.84 kernel_s=1574.37 idle_s=3987.54 user_pct=35.96 kernel_pct=18.13 idle_pct=45.91 user_cpus=2.88 kernel_cpus=1.45 busy_cpus=4.33 overall_wall_s=1183.15 overall_user_pct=33.54 overall_kernel_pct=18.00 overall_idle_pct=48.46 overall_busy_cpus=4.12 fault_file_shared_pages=483273 fault_file_private_copies=16426 fault_anon_calls=1379425 fault_anon_total_ns=57577159280 fault_anon_total_ns_max=3645120 fault_anon_frame_alloc_ns=11080105680 fault_anon_frame_alloc_ns_max=1346640 fault_anon_zero_ns=19064859920 fault_anon_zero_ns_max=3576240 block_requests=278900 block_completions=278900 block_requested_sectors=3303651 ext4_namespace_acquisitions=7460 ext4_namespace_contentions=563 ext4_namespace_wait_ns=17544158480 ext4_journal_contentions=1238 ext4_inode_contentions=2259 ext4_block_group_acquisitions=628625 ext4_block_group_contentions=28595 ext4_block_group_wait_ns=18279550160 ext4_peak_block_groups=1
BUILDSTORM_GLOBAL phase=arceos_build event=sample_37 online_cpus=8 wall_s=1116.54 capacity_s=8932.28 user_s=3330.18 kernel_s=1609.21 idle_s=3992.89 user_pct=37.28 kernel_pct=18.02 idle_pct=44.70 user_cpus=2.98 kernel_cpus=1.44 busy_cpus=4.42 overall_wall_s=1214.09 overall_user_pct=34.82 overall_kernel_pct=17.90 overall_idle_pct=47.28 overall_busy_cpus=4.22 fault_file_shared_pages=488309 fault_file_private_copies=16540 fault_anon_calls=1414041 fault_anon_total_ns=59394490640 fault_anon_total_ns_max=3645120 fault_anon_frame_alloc_ns=11415983840 fault_anon_frame_alloc_ns_max=1346640 fault_anon_zero_ns=19762334960 fault_anon_zero_ns_max=3576240 block_requests=280053 block_completions=280053 block_requested_sectors=3313948 ext4_namespace_acquisitions=7571 ext4_namespace_contentions=563 ext4_namespace_wait_ns=17545019200 ext4_journal_contentions=1247 ext4_inode_contentions=2284 ext4_block_group_acquisitions=635291 ext4_block_group_contentions=28978 ext4_block_group_wait_ns=18478691200 ext4_peak_block_groups=1
warning: function `set_fdt_addr_phys_if_valid` is never used
  --> platforms/someboot/src/fdt/mod.rs:32:15
   |
32 | pub(crate) fn set_fdt_addr_phys_if_valid(fdt_addr: usize) -> bool {
   |               ^^^^^^^^^^^^^^^^^^^^^^^^^^
   |
   = note: `#[warn(dead_code)]` (part of `#[warn(unused)]`) on by default

warning: `someboot` (lib) generated 1 warning
BUILDSTORM_GLOBAL phase=arceos_build event=sample_38 online_cpus=8 wall_s=1146.71 capacity_s=9173.65 user_s=3462.76 kernel_s=1646.58 idle_s=4064.31 user_pct=37.75 kernel_pct=17.95 idle_pct=44.30 user_cpus=3.02 kernel_cpus=1.44 busy_cpus=4.46 overall_wall_s=1244.26 overall_user_pct=35.31 overall_kernel_pct=17.84 overall_idle_pct=46.85 overall_busy_cpus=4.25 fault_file_shared_pages=497458 fault_file_private_copies=16775 fault_anon_calls=1445852 fault_anon_total_ns=60577955040 fault_anon_total_ns_max=3645120 fault_anon_frame_alloc_ns=11656778320 fault_anon_frame_alloc_ns_max=1346640 fault_anon_zero_ns=20061276400 fault_anon_zero_ns_max=3576240 block_requests=280982 block_completions=280982 block_requested_sectors=3323614 ext4_namespace_acquisitions=7642 ext4_namespace_contentions=566 ext4_namespace_wait_ns=17900230320 ext4_journal_contentions=1260 ext4_inode_contentions=2291 ext4_block_group_acquisitions=643081 ext4_block_group_contentions=29018 ext4_block_group_wait_ns=18930034000 ext4_peak_block_groups=1
   Compiling ax-mm v0.5.28 (/work/tgoskits/os/arceos/modules/axmm)
   Compiling ax-sync v0.5.28 (/work/tgoskits/os/arceos/modules/axsync)
BUILDSTORM_GLOBAL phase=arceos_build event=sample_39 online_cpus=8 wall_s=1176.87 capacity_s=9414.94 user_s=3610.90 kernel_s=1692.27 idle_s=4111.77 user_pct=38.35 kernel_pct=17.97 idle_pct=43.67 user_cpus=3.07 kernel_cpus=1.44 busy_cpus=4.51 overall_wall_s=1274.43 overall_user_pct=35.92 overall_kernel_pct=17.87 overall_idle_pct=46.21 overall_busy_cpus=4.30 fault_file_shared_pages=513838 fault_file_private_copies=17307 fault_anon_calls=1479937 fault_anon_total_ns=61707744880 fault_anon_total_ns_max=3645120 fault_anon_frame_alloc_ns=11883813600 fault_anon_frame_alloc_ns_max=1346640 fault_anon_zero_ns=20327292400 fault_anon_zero_ns_max=3576240 block_requests=283033 block_completions=283033 block_requested_sectors=3339788 ext4_namespace_acquisitions=7861 ext4_namespace_contentions=585 ext4_namespace_wait_ns=18184060960 ext4_journal_contentions=1328 ext4_inode_contentions=2403 ext4_block_group_acquisitions=659961 ext4_block_group_contentions=30042 ext4_block_group_wait_ns=19130978720 ext4_peak_block_groups=1
   Compiling ax-api v0.7.4 (/work/tgoskits/os/arceos/api/arceos_api)
   Compiling ax-std v0.5.28 (/work/tgoskits/os/arceos/ulib/axstd)
BUILDSTORM_GLOBAL phase=arceos_build event=sample_40 online_cpus=8 wall_s=1207.02 capacity_s=9656.13 user_s=3691.84 kernel_s=1739.19 idle_s=4225.10 user_pct=38.23 kernel_pct=18.01 idle_pct=43.76 user_cpus=3.06 kernel_cpus=1.44 busy_cpus=4.50 overall_wall_s=1304.57 overall_user_pct=35.87 overall_kernel_pct=17.91 overall_idle_pct=46.22 overall_busy_cpus=4.30 fault_file_shared_pages=528894 fault_file_private_copies=17675 fault_anon_calls=1513581 fault_anon_total_ns=62595120800 fault_anon_total_ns_max=3645120 fault_anon_frame_alloc_ns=12069831760 fault_anon_frame_alloc_ns_max=1346640 fault_anon_zero_ns=20433593360 fault_anon_zero_ns_max=3576240 block_requests=284691 block_completions=284691 block_requested_sectors=3354488 ext4_namespace_acquisitions=8034 ext4_namespace_contentions=589 ext4_namespace_wait_ns=18230409440 ext4_journal_contentions=1339 ext4_inode_contentions=2443 ext4_block_group_acquisitions=676380 ext4_block_group_contentions=30983 ext4_block_group_wait_ns=19231874480 ext4_peak_block_groups=1
   Compiling arceos-helloworld v0.1.0 (/work/tgoskits/apps/arceos/helloworld)
    Finished `release` profile [optimized] target(s) in 19m 40s
Converting ELF to BIN format...
  elf: /work/tgoskits/target/riscv64gc-unknown-linux-musl/release/arceos-helloworld
  bin: /work/tgoskits/target/riscv64gc-unknown-linux-musl/release/arceos-helloworld.bin
BUILDSTORM_GLOBAL phase=arceos_build event=sample_41 online_cpus=8 wall_s=1237.19 capacity_s=9897.56 user_s=3725.26 kernel_s=1778.90 idle_s=4393.40 user_pct=37.64 kernel_pct=17.97 idle_pct=44.39 user_cpus=3.01 kernel_cpus=1.44 busy_cpus=4.45 overall_wall_s=1334.75 overall_user_pct=35.37 overall_kernel_pct=17.87 overall_idle_pct=46.75 overall_busy_cpus=4.26 fault_file_shared_pages=540686 fault_file_private_copies=18088 fault_anon_calls=1532031 fault_anon_total_ns=62975533360 fault_anon_total_ns_max=3645120 fault_anon_frame_alloc_ns=12146306640 fault_anon_frame_alloc_ns_max=1346640 fault_anon_zero_ns=20433593360 fault_anon_zero_ns_max=3576240 block_requests=286692 block_completions=286692 block_requested_sectors=3433115 ext4_namespace_acquisitions=8130 ext4_namespace_contentions=590 ext4_namespace_wait_ns=18231552320 ext4_journal_contentions=1343 ext4_inode_contentions=2443 ext4_block_group_acquisitions=691119 ext4_block_group_contentions=31035 ext4_block_group_wait_ns=19238182880 ext4_peak_block_groups=1
/root/.rustup/toolchains/nightly-2026-05-28-riscv64gc-unknown-linux-gnu/lib/rustlib/riscv64gc-unknown-linux-gnu/bin/llvm-objcopy --strip-all -O binary /work/tgoskits/target/riscv64gc-unknown-linux-musl/release/arceos-helloworld /work/tgoskits/target/riscv64gc-unknown-linux-musl/release/arceos-helloworld.bin
[axbuild] cargo build package=arceos-helloworld target=scripts/targets/std/pie/riscv64gc-unknown-linux-musl.json config=/work/tgoskits/tmp/axbuild/config/arceos-helloworld/build-riscv64gc-unknown-none-elf.toml ... done (1200.42s)
[axbuild] cargo build elf=/work/tgoskits/target/riscv64gc-unknown-linux-musl/release/arceos-helloworld
[axbuild] cargo build artifact_dir=/work/tgoskits/target/riscv64gc-unknown-linux-musl/release
BUILDSTORM_GLOBAL phase=arceos_build event=final online_cpus=8 wall_s=1237.95 capacity_s=9903.61 user_s=3725.84 kernel_s=1780.17 idle_s=4397.61 user_pct=37.62 kernel_pct=17.97 idle_pct=44.40 user_cpus=3.01 kernel_cpus=1.44 busy_cpus=4.45 overall_wall_s=1335.51 overall_user_pct=35.36 overall_kernel_pct=17.88 overall_idle_pct=46.77 overall_busy_cpus=4.26 fault_file_shared_pages=541082 fault_file_private_copies=18116 fault_anon_calls=1533078 fault_anon_total_ns=62993625200 fault_anon_total_ns_max=3645120 fault_anon_frame_alloc_ns=12149950880 fault_anon_frame_alloc_ns_max=1346640 fault_anon_zero_ns=20433593360 fault_anon_zero_ns_max=3576240 block_requests=286991 block_completions=286991 block_requested_sectors=3440290 ext4_namespace_acquisitions=8133 ext4_namespace_contentions=590 ext4_namespace_wait_ns=18231566800 ext4_journal_contentions=1361 ext4_inode_contentions=2447 ext4_block_group_acquisitions=691683 ext4_block_group_contentions=31039 ext4_block_group_wait_ns=19239044800 ext4_peak_block_groups=1
BUILDSTORM_COMPILE mode=multi ok=true elapsed_s=1267.53 cores=8 bytes=1681000 arch=riscv64
BUILDSTORM_GLOBAL phase=overall event=final online_cpus=8 wall_s=1378.06 capacity_s=11024.48 user_s=3789.40 kernel_s=1954.87 idle_s=5280.20 user_pct=34.37 kernel_pct=17.73 idle_pct=47.90 user_cpus=2.75 kernel_cpus=1.42 busy_cpus=4.17 overall_wall_s=1378.06 overall_user_pct=34.37 overall_kernel_pct=17.73 overall_idle_pct=47.90 overall_busy_cpus=4.17 fault_file_shared_pages=541423 fault_file_private_copies=18173 fault_anon_calls=1533413 fault_anon_total_ns=62999600720 fault_anon_total_ns_max=3645120 fault_anon_frame_alloc_ns=12151115440 fault_anon_frame_alloc_ns_max=1346640 fault_anon_zero_ns=20433593360 fault_anon_zero_ns_max=3576240 block_requests=288745 block_completions=288745 block_requested_sectors=3459846 ext4_namespace_acquisitions=8136 ext4_namespace_contentions=590 ext4_namespace_wait_ns=18231584480 ext4_journal_contentions=1449 ext4_inode_contentions=2453 ext4_block_group_acquisitions=729094 ext4_block_group_contentions=31116 ext4_block_group_wait_ns=19247510960 ext4_peak_block_groups=1
#### OS COMP TEST GROUP END buildstorm ####
[initproc] reaped 3 zombie child(ren) while waiting for /glibc/buildstorm_testcode.sh
[initproc] cleaned /glibc/buildstorm_testcode.sh process_group=2 reaped=0 kill_ret=-3
[initproc] finished /glibc/buildstorm_testcode.sh exit_code=0
[initproc] all official test scripts finished, poweroff